repairing 10 file(s) under results/experiment_arms_20260823_223700/nochunk_jsonld_mv1/repaired
  model: gemma-4-31b @ http://localhost:8000/v1 (temperature 0.4, timeout 300.0s)
  [domestic proceedings] results/experiment_arms_20260823_223700/nochunk_jsonld_mv1/repaired/input.L1.facts.ttl: nothing flagged
  [persons and participation] results/experiment_arms_20260823_223700/nochunk_jsonld_mv1/repaired/input.L1.facts.ttl: 2 finding(s) in; model proposed 0 group(s), 0 op(s), 0 merge(s)
    [persons and participation] pass 1: applied 0 (of which 0 merge(s)), skipped 0, stub orphans swept 0 [7.5s, 0.5s in the model]
    [persons and participation] pass 1: no operations applied - stopping
  [domestic authorities] results/experiment_arms_20260823_223700/nochunk_jsonld_mv1/repaired/input.L1.facts.ttl: 5 finding(s) in; model proposed 5 group(s), 5 op(s), 0 merge(s)
    [domestic authorities] pass 1: applied 5 (of which 0 merge(s)), skipped 0, stub orphans swept 0 [103.6s, 96.0s in the model]
    [domestic authorities] pass 2: nothing left to flag - stopping
    document total: 132.6s across 2 model call(s) (96.5s in the model)
    wrote results/experiment_arms_20260823_223700/nochunk_jsonld_mv1/repaired/input.L1.facts.ttl (backup at results/experiment_arms_20260823_223700/nochunk_jsonld_mv1/repaired/backup/input.L1.facts.ttl)
  [domestic proceedings] results/experiment_arms_20260823_223700/nochunk_jsonld_mv1/repaired/input.L10.facts.ttl: nothing flagged
  [persons and participation] results/experiment_arms_20260823_223700/nochunk_jsonld_mv1/repaired/input.L10.facts.ttl: 0 finding(s) in; model proposed 0 group(s), 0 op(s), 0 merge(s)
    [persons and participation] pass 1: applied 1 (of which 0 merge(s)), skipped 0, stub orphans swept 1 [7.2s, 0.4s in the model]
    [persons and participation] pass 1: 1 op(s) applied but findings did not fall (0 -> 0) - stopping
  [domestic authorities] results/experiment_arms_20260823_223700/nochunk_jsonld_mv1/repaired/input.L10.facts.ttl: nothing flagged
    document total: 28.3s across 1 model call(s) (0.4s in the model)
    wrote results/experiment_arms_20260823_223700/nochunk_jsonld_mv1/repaired/input.L10.facts.ttl (backup at results/experiment_arms_20260823_223700/nochunk_jsonld_mv1/repaired/backup/input.L10.facts.ttl)
  [domestic proceedings] results/experiment_arms_20260823_223700/nochunk_jsonld_mv1/repaired/input.L2.facts.ttl: 0 finding(s) in; model proposed 0 group(s), 0 op(s), 0 merge(s)
    [domestic proceedings] pass 1: applied 0 (of which 0 merge(s)), skipped 0, stub orphans swept 0 [4.5s, 0.5s in the model]
    [domestic proceedings] pass 1: no operations applied - stopping
  [persons and participation] results/experiment_arms_20260823_223700/nochunk_jsonld_mv1/repaired/input.L2.facts.ttl: nothing flagged
  [domestic authorities] results/experiment_arms_20260823_223700/nochunk_jsonld_mv1/repaired/input.L2.facts.ttl: nothing flagged
    document total: 14.6s across 1 model call(s) (0.5s in the model)
    no net change across all stages; leaving the file untouched
  [domestic proceedings] results/experiment_arms_20260823_223700/nochunk_jsonld_mv1/repaired/input.L3.facts.ttl: 0 finding(s) in; model proposed 0 group(s), 0 op(s), 0 merge(s)
    [domestic proceedings] pass 1: applied 0 (of which 0 merge(s)), skipped 0, stub orphans swept 0 [6.0s, 0.5s in the model]
    [domestic proceedings] pass 1: no operations applied - stopping
  [persons and participation] results/experiment_arms_20260823_223700/nochunk_jsonld_mv1/repaired/input.L3.facts.ttl: 0 finding(s) in; model proposed 0 group(s), 0 op(s), 0 merge(s)
    [persons and participation] pass 1: applied 0 (of which 0 merge(s)), skipped 0, stub orphans swept 0 [6.5s, 0.5s in the model]
    [persons and participation] pass 1: no operations applied - stopping
  [domestic authorities] results/experiment_arms_20260823_223700/nochunk_jsonld_mv1/repaired/input.L3.facts.ttl: 2 finding(s) in; model proposed 1 group(s), 7 op(s), 0 merge(s)
    [domestic authorities] pass 1: applied 5 (of which 0 merge(s)), skipped 2, stub orphans swept 0 [12.4s, 6.1s in the model]
    SKIPPED [The node doc:supremeAdminCourt has multiple names and labels, representing both the Supreme Administrative Court and its General Assembly. These are distinct judicial bodies (the court and a specific division/assembly within it). Since the ontology requires a single name per authority, the node must be split. I will keep the more specific 'General Assembly' as the primary identity for this node and create a new node for the general Court.] remove doc:supremeAdminCourt echr:hasAuthorityName "Supreme Administrative Court": skipped: triple not present
    SKIPPED [The node doc:supremeAdminCourt has multiple names and labels, representing both the Supreme Administrative Court and its General Assembly. These are distinct judicial bodies (the court and a specific division/assembly within it). Since the ontology requires a single name per authority, the node must be split. I will keep the more specific 'General Assembly' as the primary identity for this node and create a new node for the general Court.] remove doc:supremeAdminCourt rdfs:label "Supreme Administrative Court": skipped: triple not present
    [domestic authorities] pass 1: 5 op(s) applied but findings did not fall (2 -> 2) - stopping
    document total: 31.7s across 3 model call(s) (7.1s in the model)
    wrote results/experiment_arms_20260823_223700/nochunk_jsonld_mv1/repaired/input.L3.facts.ttl (backup at results/experiment_arms_20260823_223700/nochunk_jsonld_mv1/repaired/backup/input.L3.facts.ttl)
  [domestic proceedings] results/experiment_arms_20260823_223700/nochunk_jsonld_mv1/repaired/input.L4.facts.ttl: nothing flagged
  [persons and participation] results/experiment_arms_20260823_223700/nochunk_jsonld_mv1/repaired/input.L4.facts.ttl: 0 finding(s) in; model proposed 0 group(s), 0 op(s), 0 merge(s)
    [persons and participation] pass 1: applied 0 (of which 0 merge(s)), skipped 0, stub orphans swept 0 [4.3s, 0.4s in the model]
    [persons and participation] pass 1: no operations applied - stopping
  [domestic authorities] results/experiment_arms_20260823_223700/nochunk_jsonld_mv1/repaired/input.L4.facts.ttl: nothing flagged
    document total: 13.5s across 1 model call(s) (0.4s in the model)
    no net change across all stages; leaving the file untouched
  [domestic proceedings] results/experiment_arms_20260823_223700/nochunk_jsonld_mv1/repaired/input.L5.facts.ttl: nothing flagged
  [persons and participation] results/experiment_arms_20260823_223700/nochunk_jsonld_mv1/repaired/input.L5.facts.ttl: nothing flagged
  [domestic authorities] results/experiment_arms_20260823_223700/nochunk_jsonld_mv1/repaired/input.L5.facts.ttl: nothing flagged
    document total: 19.6s across 0 model call(s) (0s in the model)
    no net change across all stages; leaving the file untouched
  [domestic proceedings] results/experiment_arms_20260823_223700/nochunk_jsonld_mv1/repaired/input.L6.facts.ttl: nothing flagged
  [persons and participation] results/experiment_arms_20260823_223700/nochunk_jsonld_mv1/repaired/input.L6.facts.ttl: nothing flagged
  [domestic authorities] results/experiment_arms_20260823_223700/nochunk_jsonld_mv1/repaired/input.L6.facts.ttl: nothing flagged
    document total: 25.2s across 0 model call(s) (0s in the model)
    no net change across all stages; leaving the file untouched
  [domestic proceedings] results/experiment_arms_20260823_223700/nochunk_jsonld_mv1/repaired/input.L7.facts.ttl: nothing flagged
  [persons and participation] results/experiment_arms_20260823_223700/nochunk_jsonld_mv1/repaired/input.L7.facts.ttl: nothing flagged
  [domestic authorities] results/experiment_arms_20260823_223700/nochunk_jsonld_mv1/repaired/input.L7.facts.ttl: nothing flagged
    document total: 13.6s across 0 model call(s) (0s in the model)
    no net change across all stages; leaving the file untouched
  [domestic proceedings] results/experiment_arms_20260823_223700/nochunk_jsonld_mv1/repaired/input.L8.facts.ttl: nothing flagged
  [persons and participation] results/experiment_arms_20260823_223700/nochunk_jsonld_mv1/repaired/input.L8.facts.ttl: 0 finding(s) in; model proposed 0 group(s), 0 op(s), 0 merge(s)
    [persons and participation] pass 1: applied 0 (of which 0 merge(s)), skipped 0, stub orphans swept 0 [6.2s, 0.4s in the model]
    [persons and participation] pass 1: no operations applied - stopping
  [domestic authorities] results/experiment_arms_20260823_223700/nochunk_jsonld_mv1/repaired/input.L8.facts.ttl: nothing flagged
    document total: 17.3s across 1 model call(s) (0.4s in the model)
    no net change across all stages; leaving the file untouched
  [domestic proceedings] results/experiment_arms_20260823_223700/nochunk_jsonld_mv1/repaired/input.L9.facts.ttl: nothing flagged
  [persons and participation] results/experiment_arms_20260823_223700/nochunk_jsonld_mv1/repaired/input.L9.facts.ttl: nothing flagged
  [domestic authorities] results/experiment_arms_20260823_223700/nochunk_jsonld_mv1/repaired/input.L9.facts.ttl: nothing flagged
    document total: 13.5s across 0 model call(s) (0s in the model)
    no net change across all stages; leaving the file untouched

  repair total: 309.8s over 10 document(s), 9 model call(s) (105.3s in the model, 204.5s deterministic)
    persons          5 call(s)     31.7s  (2.2s in the model)
    authorities      2 call(s)    116.0s  (102.1s in the model)
    proceedings      2 call(s)     10.5s  (1.0s in the model)
