repairing 10 file(s) under results/experiment_full3arm_20260820/art6_gemma4_rolling_mv1/repaired
  model: gemma-4-31b @ http://localhost:8000/v1 (temperature 0.4, timeout 300.0s)
  results/experiment_full3arm_20260820/art6_gemma4_rolling_mv1/repaired/input.L1.facts.ttl: 5 finding(s) in; model proposed 4 group(s), 4 op(s), 0 merge(s)
    pass 1: applied 4 (of which 0 merge(s)), skipped 0, stub orphans swept 0
    pass 2: 2 finding(s) in; model proposed 1 group(s), 1 op(s), 0 merge(s)
    pass 2: applied 1 (of which 0 merge(s)), skipped 0, stub orphans swept 0
    pass 2: 1 op(s) applied but findings did not fall (2 -> 2) - stopping
    wrote results/experiment_full3arm_20260820/art6_gemma4_rolling_mv1/repaired/input.L1.facts.ttl (backup at results/experiment_full3arm_20260820/art6_gemma4_rolling_mv1/repaired/backup/input.L1.facts.ttl)
  results/experiment_full3arm_20260820/art6_gemma4_rolling_mv1/repaired/input.L10.facts.ttl: 2 finding(s) in; model proposed 0 group(s), 0 op(s), 5 merge(s)
    pass 1: applied 5 (of which 5 merge(s)), skipped 0, stub orphans swept 0
    pass 1: 5 op(s) applied but findings did not fall (2 -> 2) - stopping
    wrote results/experiment_full3arm_20260820/art6_gemma4_rolling_mv1/repaired/input.L10.facts.ttl (backup at results/experiment_full3arm_20260820/art6_gemma4_rolling_mv1/repaired/backup/input.L10.facts.ttl)
  results/experiment_full3arm_20260820/art6_gemma4_rolling_mv1/repaired/input.L2.facts.ttl: 5 finding(s) in; model proposed 0 group(s), 0 op(s), 0 merge(s)
    pass 1: applied 0 (of which 0 merge(s)), skipped 0, stub orphans swept 0
    pass 1: no operations applied - stopping
    no net change across all passes; leaving the file untouched
  results/experiment_full3arm_20260820/art6_gemma4_rolling_mv1/repaired/input.L3.facts.ttl: 5 finding(s) in; model proposed 3 group(s), 4 op(s), 0 merge(s)
    pass 1: applied 3 (of which 0 merge(s)), skipped 2, stub orphans swept 13
    SKIPPED [The proceeding doc:proceeding_admin_court_2011 is attributed to the 13th Chamber of the Supreme Administrative Court, but the quote explicitly states it was the '6th Chamber of the Istanbul Administrative Court'.] remove doc:proceeding_admin_court_2011 echr:hasCourt doc:sac_chamber_13_node_placeholder: skipped: triple not present
    SKIPPED [The proceeding doc:proceeding_admin_court_2011 is attributed to the 13th Chamber of the Supreme Administrative Court, but the quote explicitly states it was the '6th Chamber of the Istanbul Administrative Court'.] add doc:proceeding_admin_court_2011 echr:hasCourt doc:istanbul_administrative_court_6th_chamber: skipped: object node does not exist in the graph or this patch
    pass 2: 4 finding(s) in; model proposed 0 group(s), 0 op(s), 0 merge(s)
    pass 2: applied 0 (of which 0 merge(s)), skipped 0, stub orphans swept 0
    pass 2: no operations applied - stopping
    wrote results/experiment_full3arm_20260820/art6_gemma4_rolling_mv1/repaired/input.L3.facts.ttl (backup at results/experiment_full3arm_20260820/art6_gemma4_rolling_mv1/repaired/backup/input.L3.facts.ttl)
  results/experiment_full3arm_20260820/art6_gemma4_rolling_mv1/repaired/input.L4.facts.ttl: 1 finding(s) in; model proposed 0 group(s), 0 op(s), 0 merge(s)
    pass 1: applied 0 (of which 0 merge(s)), skipped 0, stub orphans swept 0
    pass 1: no operations applied - stopping
    no net change across all passes; leaving the file untouched
  results/experiment_full3arm_20260820/art6_gemma4_rolling_mv1/repaired/input.L5.facts.ttl: 2 finding(s) in; model proposed 0 group(s), 0 op(s), 0 merge(s)
    pass 1: applied 0 (of which 0 merge(s)), skipped 0, stub orphans swept 0
    pass 1: no operations applied - stopping
    no net change across all passes; leaving the file untouched
  results/experiment_full3arm_20260820/art6_gemma4_rolling_mv1/repaired/input.L6.facts.ttl: 1 finding(s) in; model proposed 1 group(s), 1 op(s), 0 merge(s)
    pass 1: applied 1 (of which 0 merge(s)), skipped 0, stub orphans swept 0
    pass 1: 1 op(s) applied but findings did not fall (1 -> 1) - stopping
    wrote results/experiment_full3arm_20260820/art6_gemma4_rolling_mv1/repaired/input.L6.facts.ttl (backup at results/experiment_full3arm_20260820/art6_gemma4_rolling_mv1/repaired/backup/input.L6.facts.ttl)
  results/experiment_full3arm_20260820/art6_gemma4_rolling_mv1/repaired/input.L7.facts.ttl: 0 finding(s) in; model proposed 0 group(s), 0 op(s), 1 merge(s)
    pass 1: applied 1 (of which 1 merge(s)), skipped 0, stub orphans swept 0
    pass 1: 1 op(s) applied but findings did not fall (0 -> 0) - stopping
    wrote results/experiment_full3arm_20260820/art6_gemma4_rolling_mv1/repaired/input.L7.facts.ttl (backup at results/experiment_full3arm_20260820/art6_gemma4_rolling_mv1/repaired/backup/input.L7.facts.ttl)
  results/experiment_full3arm_20260820/art6_gemma4_rolling_mv1/repaired/input.L8.facts.ttl: 2 finding(s) in; model proposed 0 group(s), 0 op(s), 5 merge(s)
    pass 1: applied 5 (of which 5 merge(s)), skipped 0, stub orphans swept 0
    pass 1: 5 op(s) applied but findings did not fall (2 -> 2) - stopping
    wrote results/experiment_full3arm_20260820/art6_gemma4_rolling_mv1/repaired/input.L8.facts.ttl (backup at results/experiment_full3arm_20260820/art6_gemma4_rolling_mv1/repaired/backup/input.L8.facts.ttl)
  results/experiment_full3arm_20260820/art6_gemma4_rolling_mv1/repaired/input.L9.facts.ttl: 1 finding(s) in; model proposed 1 group(s), 1 op(s), 0 merge(s)
    pass 1: applied 1 (of which 0 merge(s)), skipped 1, stub orphans swept 0
    SKIPPED [a node with more than one rdfs:label is asserting that two distinct entities are the same one -- split it instead of labelling it twice] remove doc:investigator_1 rdfs:label : applied (2 value(s))
    pass 2: nothing left to flag - stopping
    wrote results/experiment_full3arm_20260820/art6_gemma4_rolling_mv1/repaired/input.L9.facts.ttl (backup at results/experiment_full3arm_20260820/art6_gemma4_rolling_mv1/repaired/backup/input.L9.facts.ttl)
