repairing 10 file(s) under results/jurix_phase1/o2_med_ttl/repaired
  model: gemma-4-31b @ http://localhost:8000/v1 (temperature 0.4, timeout 300.0s)
  source text: results/jurix_phase1/input.jsonl (quote stage enabled)
  [domestic authorities] results/jurix_phase1/o2_med_ttl/repaired/input.L1.facts.ttl: 3 finding(s) in; model proposed 2 group(s), 9 op(s), 0 merge(s)
    [domestic authorities] pass 1: applied 10 (of which 0 merge(s)), skipped 0, stub orphans swept 2 [12.9s, 12.8s in the model]
    [domestic authorities] pass 2: nothing left to flag - stopping
    RECOVERED 1 group(s), 1 op(s) from a stalled generation
  [domestic proceedings] results/jurix_phase1/o2_med_ttl/repaired/input.L1.facts.ttl: 0 finding(s) in; model proposed 1 group(s), 1 op(s), 0 merge(s)
    [domestic proceedings] pass 1: applied 1 (of which 0 merge(s)), skipped 0, stub orphans swept 0 [6.6s, 6.6s in the model]
    [domestic proceedings] pass 1: 1 op(s) applied but findings did not fall (0 -> 0) - stopping
    RECOVERED 1 group(s), 1 op(s) from a stalled generation
  [persons and participation] results/jurix_phase1/o2_med_ttl/repaired/input.L1.facts.ttl: 3 finding(s) in; model proposed 1 group(s), 1 op(s), 0 merge(s)
    [persons and participation] pass 1: applied 1 (of which 0 merge(s)), skipped 0, stub orphans swept 0 [6.4s, 6.4s in the model]
    [persons and participation] pass 1: 1 op(s) applied but findings did not fall (3 -> 3) - stopping
  [source quote fidelity] results/jurix_phase1/o2_med_ttl/repaired/input.L1.facts.ttl: 2 finding(s) in; model proposed 2 group(s), 4 op(s), 0 merge(s)
    [source quote fidelity] pass 1: applied 4 (of which 0 merge(s)), skipped 2, stub orphans swept 0 [5.2s, 5.2s in the model]
    SKIPPED [The quote for doc:adminActionAllowanceAssessment is a paraphrase (uses single quotes instead of the source's double quotes and omits the Bulgarian term).] remove doc:adminActionAllowanceAssessment echr:hasSupportingQuote on 30 December 2005 the municipal social assistance department carried out a 'social assessment': applied (removed 1 quote(s) by index)
    SKIPPED [The quote for doc:guardian_1 is a fragment that does not appear verbatim in the source (it omits the preceding 'The' and the following text).] remove doc:guardian_1 echr:hasSupportingQuote the guardian, who was present at the hearing, stated that he was not opposed: applied (removed 1 quote(s) by index)
    [source quote fidelity] pass 2: nothing left to flag - stopping
    document total: 31.3s across 4 model call(s) (31.0s in the model)
    wrote results/jurix_phase1/o2_med_ttl/repaired/input.L1.facts.ttl (backup at results/jurix_phase1/o2_med_ttl/repaired/backup/input.L1.facts.ttl)
    RECOVERED 1 group(s), 1 op(s) from a stalled generation
  [domestic authorities] results/jurix_phase1/o2_med_ttl/repaired/input.L10.facts.ttl: 8 finding(s) in; model proposed 1 group(s), 1 op(s), 0 merge(s)
    [domestic authorities] pass 1: applied 0 (of which 0 merge(s)), skipped 1, stub orphans swept 0 [6.5s, 6.5s in the model]
    SKIPPED [an authority must have exactly one name -- zero means the extraction fell back to rdfs:label only] remove doc:aliensAppealsBoard echr:hasAuthorityName "Aliens Appeals Boards": skipped: triple not present
    [domestic authorities] pass 1: no operations applied - stopping
    RECOVERED 1 group(s), 1 op(s) from a stalled generation
  [domestic proceedings] results/jurix_phase1/o2_med_ttl/repaired/input.L10.facts.ttl: 0 finding(s) in; model proposed 1 group(s), 1 op(s), 0 merge(s)
    [domestic proceedings] pass 1: applied 1 (of which 0 merge(s)), skipped 0, stub orphans swept 0 [6.0s, 6.0s in the model]
    [domestic proceedings] pass 1: 1 op(s) applied but findings did not fall (0 -> 0) - stopping
  [persons and participation] results/jurix_phase1/o2_med_ttl/repaired/input.L10.facts.ttl: 23 finding(s) in; model proposed 5 group(s), 36 op(s), 0 merge(s)
    [persons and participation] pass 1: applied 29 (of which 0 merge(s)), skipped 7, stub orphans swept 0 [46.5s, 46.5s in the model]
    SKIPPED [doc:admin_action_visa_refusal_1 and doc:admin_action_visa_refusal_2 are missing participation.] add doc:admin_action_visa_refusal_1 echr:hasParticipation doc:part_visa_refusal_1_app: skipped: object node does not exist in the graph or this patch
    SKIPPED [doc:admin_action_visa_refusal_1 and doc:admin_action_visa_refusal_2 are missing participation.] add doc:admin_action_visa_refusal_2 echr:hasParticipation doc:part_visa_refusal_2_app: skipped: object node does not exist in the graph or this patch
    SKIPPED [Participation nodes are reused across multiple events, violating the one-participation-per-event rule.] add doc:proceeding_1 echr:hasParticipation doc:part_proc1_app: skipped: object node does not exist in the graph or this patch
    SKIPPED [Participation nodes are reused across multiple events, violating the one-participation-per-event rule.] add doc:proceeding_2 echr:hasParticipation doc:part_proc2_app: skipped: object node does not exist in the graph or this patch
    SKIPPED [Participation nodes are reused across multiple events, violating the one-participation-per-event rule.] add doc:proceeding_appeal_brussels_1 echr:hasParticipation doc:part_appeal_brussels_app: skipped: object node does not exist in the graph or this patch
    SKIPPED [Participation nodes are reused across multiple events, violating the one-participation-per-event rule.] add doc:proceeding_1 echr:hasParticipation doc:part_proc1_state: skipped: object node does not exist in the graph or this patch
    SKIPPED [Participation nodes are reused across multiple events, violating the one-participation-per-event rule.] add doc:proceeding_2 echr:hasParticipation doc:part_proc2_state: skipped: object node does not exist in the graph or this patch
    [persons and participation] pass 2: 11 finding(s) in; model proposed 6 group(s), 30 op(s), 0 merge(s)
    [persons and participation] pass 2: applied 30 (of which 0 merge(s)), skipped 0, stub orphans swept 0 [34.8s, 34.8s in the model]
    [persons and participation] pass 3: 3 finding(s) in; model proposed 8 group(s), 28 op(s), 0 merge(s)
    [persons and participation] pass 3: applied 28 (of which 0 merge(s)), skipped 0, stub orphans swept 0 [34.6s, 34.6s in the model]
  [source quote fidelity] results/jurix_phase1/o2_med_ttl/repaired/input.L10.facts.ttl: 3 finding(s) in; model proposed 3 group(s), 6 op(s), 0 merge(s)
    [source quote fidelity] pass 1: applied 3 (of which 0 merge(s)), skipped 6, stub orphans swept 0 [8.2s, 8.2s in the model]
    SKIPPED [The quote for doc:enforcementActionState is almost verbatim but contains a non-standard hyphen/dash character ('‐') instead of the standard hyphen used in the source text ('-').] remove doc:enforcementActionState echr:hasSupportingQuote On the same date the Belgian State brought proceedings against the applicants before the enforcement judge at the Brussels Dutch ‐ language TPI: applied (removed 1 quote(s) by index)
    SKIPPED [The quote for doc:enforcementActionState is almost verbatim but contains a non-standard hyphen/dash character ('‐') instead of the standard hyphen used in the source text ('-').] add doc:enforcementActionState echr:hasSupportingQuote On the same date the Belgian State brought proceedings against the applicants before the enforcement judge at the Brussels Dutch-language TPI: skipped: quote does not appear verbatim in the source document
    SKIPPED [The quote for doc:proceeding_tpi_interpartes_1 is almost verbatim but contains a non-standard hyphen/dash character ('-') that differs from the source text's specific formatting ('‐').] remove doc:proceeding_tpi_interpartes_1 echr:hasSupportingQuote On 7 November 2016 another judge acting as president of the French-language TPI declared their application admissible but unfounded: applied (removed 1 quote(s) by index)
    SKIPPED [The quote for doc:proceeding_tpi_interpartes_1 is almost verbatim but contains a non-standard hyphen/dash character ('-') that differs from the source text's specific formatting ('‐').] add doc:proceeding_tpi_interpartes_1 echr:hasSupportingQuote On 7 November 2016 another judge acting as president of the French‐language TPI declared their application admissible but unfounded: skipped: quote does not appear verbatim in the source document
    SKIPPED [The quote for doc:action_stay_1 is almost verbatim but contains a non-standard hyphen/dash character ('‐') instead of the standard hyphen used in the source text ('-').] remove doc:action_stay_1 echr:hasSupportingQuote lodged a unilateral action to that effect with the President of the Brussels Dutch ‐ speaking TPI on 13 December 2016, but was unsuccessful (order of the same date): applied (removed 1 quote(s) by index)
    SKIPPED [The quote for doc:action_stay_1 is almost verbatim but contains a non-standard hyphen/dash character ('‐') instead of the standard hyphen used in the source text ('-').] add doc:action_stay_1 echr:hasSupportingQuote lodged a unilateral action to that effect with the President of the Brussels Dutch-speaking TPI on 13 December 2016, but was unsuccessful (order of the same date): skipped: quote does not appear verbatim in the source document
    [source quote fidelity] pass 2: nothing left to flag - stopping
    document total: 136.8s across 6 model call(s) (136.6s in the model)
    wrote results/jurix_phase1/o2_med_ttl/repaired/input.L10.facts.ttl (backup at results/jurix_phase1/o2_med_ttl/repaired/backup/input.L10.facts.ttl)
  [domestic authorities] results/jurix_phase1/o2_med_ttl/repaired/input.L2.facts.ttl: 4 finding(s) in; model proposed 5 group(s), 7 op(s), 0 merge(s)
    [domestic authorities] pass 1: applied 7 (of which 0 merge(s)), skipped 1, stub orphans swept 0 [11.8s, 11.8s in the model]
    SKIPPED [invented predicate echr:hasPartyName] remove doc:esa echr:hasPartyName : applied (1 value(s))
    [domestic authorities] pass 2: nothing left to flag - stopping
    RECOVERED 1 group(s), 1 op(s) from a stalled generation
  [domestic proceedings] results/jurix_phase1/o2_med_ttl/repaired/input.L2.facts.ttl: 0 finding(s) in; model proposed 1 group(s), 1 op(s), 0 merge(s)
    [domestic proceedings] pass 1: applied 1 (of which 0 merge(s)), skipped 0, stub orphans swept 0 [6.8s, 6.8s in the model]
    [domestic proceedings] pass 1: 1 op(s) applied but findings did not fall (0 -> 0) - stopping
    RECOVERED 1 group(s), 1 op(s) from a stalled generation
  [persons and participation] results/jurix_phase1/o2_med_ttl/repaired/input.L2.facts.ttl: 4 finding(s) in; model proposed 1 group(s), 1 op(s), 0 merge(s)
    [persons and participation] pass 1: applied 0 (of which 0 merge(s)), skipped 1, stub orphans swept 0 [6.0s, 6.0s in the model]
    SKIPPED [a node with more than one rdfs:label is asserting that two distinct entities are the same one -- split it instead of labelling it twice] remove doc:mrBeer rdfs:label "Mr Beer": skipped: triple not present
    [persons and participation] pass 1: no operations applied - stopping
  [source quote fidelity] results/jurix_phase1/o2_med_ttl/repaired/input.L2.facts.ttl: 1 finding(s) in; model proposed 1 group(s), 2 op(s), 0 merge(s)
    [source quote fidelity] pass 1: applied 2 (of which 0 merge(s)), skipped 1, stub orphans swept 0 [4.0s, 4.0s in the model]
    SKIPPED [The quote at index 0 is a paraphrase of paragraph 46. I have replaced it with the verbatim text from the source.] remove doc:proceedingDarmstadtLabourCourt echr:hasSupportingQuote The Darmstadt Labour Court concluded that the conditions under section 20(2) of the German Courts Act for finding that the applicants’ action was inadmissible were fulfilled.: applied (removed 1 quote(s) by index)
    [source quote fidelity] pass 2: nothing left to flag - stopping
    document total: 28.7s across 4 model call(s) (28.6s in the model)
    wrote results/jurix_phase1/o2_med_ttl/repaired/input.L2.facts.ttl (backup at results/jurix_phase1/o2_med_ttl/repaired/backup/input.L2.facts.ttl)
    [domestic authorities] FAILED: RepairTruncated: generation hit the 8000-token output cap without closing the patch -- raise --max-tokens for this document
    continuing to the next stage; earlier stages' work is kept
  [domestic proceedings] results/jurix_phase1/o2_med_ttl/repaired/input.L3.facts.ttl: 13 finding(s) in; model proposed 4 group(s), 28 op(s), 0 merge(s)
    [domestic proceedings] pass 1: applied 24 (of which 0 merge(s)), skipped 4, stub orphans swept 0 [34.2s, 34.2s in the model]
    SKIPPED [doc:proceeding_1 has multiple labels, courts, and start dates.] remove doc:proceeding_1 rdfs:label "administrative court proceedings regarding Viva TV-Radio Viva"}, {: skipped: triple not present
    SKIPPED [doc:proceeding_1 has multiple labels, courts, and start dates.] remove doc:proceeding_1 echr:hasProceedingStartDate "2011-02-07": skipped: triple not present
    SKIPPED [doc:proceeding_3 has multiple labels, courts, and decision dates.] remove doc:proceeding_3 echr:hasDecisionDate "2017-06-30": skipped: triple not present
    SKIPPED [doc:proceeding_4 conflates a Fund rectification request and a Constitutional Court application.] remove doc:proceeding_4 echr:hasDecisionDate "2016-01-25": skipped: triple not present
    [domestic proceedings] pass 2: 4 finding(s) in; model proposed 4 group(s), 4 op(s), 0 merge(s)
    [domestic proceedings] pass 2: applied 1 (of which 0 merge(s)), skipped 3, stub orphans swept 0 [7.6s, 7.6s in the model]
    SKIPPED [a domestic event may have at most one start date] remove doc:proceeding_1 echr:hasProceedingStartDate "2011-02-24": skipped: triple not present
    SKIPPED [a domestic event may have at most one decision date] remove doc:proceeding_4 echr:hasDecisionDate "2016-01-25": skipped: triple not present
    SKIPPED [a domestic event may have at most one decision date] remove doc:proceeding_3 echr:hasDecisionDate "2017-06-30": skipped: triple not present
    RECOVERED 1 group(s), 1 op(s) from a stalled generation
    [domestic proceedings] pass 3: 3 finding(s) in; model proposed 1 group(s), 1 op(s), 0 merge(s)
    [domestic proceedings] pass 3: applied 0 (of which 0 merge(s)), skipped 1, stub orphans swept 0 [7.6s, 7.6s in the model]
    SKIPPED [a domestic event may have at most one start date] remove doc:proceeding_1 echr:hasProceedingStartDate "2011-02-24": skipped: triple not present
    [domestic proceedings] pass 3: no operations applied - stopping
  [persons and participation] results/jurix_phase1/o2_med_ttl/repaired/input.L3.facts.ttl: 10 finding(s) in; model proposed 3 group(s), 47 op(s), 0 merge(s)
    [persons and participation] pass 1: applied 47 (of which 0 merge(s)), skipped 0, stub orphans swept 0 [55.7s, 55.7s in the model]
    [persons and participation] pass 2: 2 finding(s) in; model proposed 0 group(s), 0 op(s), 0 merge(s)
    [persons and participation] pass 2: applied 0 (of which 0 merge(s)), skipped 0, stub orphans swept 0 [0.5s, 0.5s in the model]
    [persons and participation] pass 2: no operations applied - stopping
  [source quote fidelity] results/jurix_phase1/o2_med_ttl/repaired/input.L3.facts.ttl: nothing flagged
    document total: 107.1s across 6 model call(s) (107.0s in the model)
    wrote results/jurix_phase1/o2_med_ttl/repaired/input.L3.facts.ttl (backup at results/jurix_phase1/o2_med_ttl/repaired/backup/input.L3.facts.ttl)
  [domestic authorities] results/jurix_phase1/o2_med_ttl/repaired/input.L4.facts.ttl: nothing flagged
  [domestic proceedings] results/jurix_phase1/o2_med_ttl/repaired/input.L4.facts.ttl: 0 finding(s) in; model proposed 0 group(s), 0 op(s), 0 merge(s)
    [domestic proceedings] pass 1: applied 0 (of which 0 merge(s)), skipped 0, stub orphans swept 0 [0.6s, 0.5s in the model]
    [domestic proceedings] pass 1: no operations applied - stopping
    RECOVERED 2 group(s), 1 op(s) from a stalled generation
  [persons and participation] results/jurix_phase1/o2_med_ttl/repaired/input.L4.facts.ttl: 5 finding(s) in; model proposed 2 group(s), 1 op(s), 0 merge(s)
    [persons and participation] pass 1: applied 1 (of which 0 merge(s)), skipped 0, stub orphans swept 0 [7.5s, 7.5s in the model]
    [persons and participation] pass 1: 1 op(s) applied but findings did not fall (5 -> 5) - stopping
  [source quote fidelity] results/jurix_phase1/o2_med_ttl/repaired/input.L4.facts.ttl: 1 finding(s) in; model proposed 1 group(s), 2 op(s), 0 merge(s)
    [source quote fidelity] pass 1: applied 1 (of which 0 merge(s)), skipped 2, stub orphans swept 0 [4.1s, 4.0s in the model]
    SKIPPED [The quote for doc:procCostsDecision is a paraphrase/summary of paragraph 50. It must be replaced with the verbatim text from the source.] remove doc:procCostsDecision echr:hasSupportingQuote on 11 October 2001 the Slovenj Gradec District Court ordered the applicant to pay an additional sum... the proceedings were ‘finally concluded’: applied (removed 1 quote(s) by index)
    SKIPPED [The quote for doc:procCostsDecision is a paraphrase/summary of paragraph 50. It must be replaced with the verbatim text from the source.] add doc:procCostsDecision echr:hasSupportingQuote Lastly, on 11 October 2001 the Slovenj Gradec District Court ordered the applicant to pay an additional sum to cover the costs of one of the witnesses heard during the proceedings. On that day, the proceedings were “pravnomočno končan postopek”: skipped: quote does not appear verbatim in the source document
    [source quote fidelity] pass 2: nothing left to flag - stopping
    document total: 12.2s across 3 model call(s) (12.0s in the model)
    wrote results/jurix_phase1/o2_med_ttl/repaired/input.L4.facts.ttl (backup at results/jurix_phase1/o2_med_ttl/repaired/backup/input.L4.facts.ttl)
  [domestic authorities] results/jurix_phase1/o2_med_ttl/repaired/input.L5.facts.ttl: 3 finding(s) in; model proposed 3 group(s), 16 op(s), 0 merge(s)
    [domestic authorities] pass 1: applied 10 (of which 0 merge(s)), skipped 6, stub orphans swept 0 [14.8s, 14.7s in the model]
    SKIPPED [doc:courtPodilskyy has multiple labels and names, indicating it has conflated several distinct courts (Kyiv Administrative Court of Appeal, Kyiv District Administrative Court, and Podilskyy District Court). These must be split into separate entities.] remove doc:courtPodilskyy rdfs:label "Kyiv Administrative Court of Appeal": skipped: triple not present
    SKIPPED [doc:courtPodilskyy has multiple labels and names, indicating it has conflated several distinct courts (Kyiv Administrative Court of Appeal, Kyiv District Administrative Court, and Podilskyy District Court). These must be split into separate entities.] remove doc:courtPodilskyy rdfs:label "Kyiv District Administrative Court": skipped: triple not present
    SKIPPED [doc:courtPodilskyy has multiple labels and names, indicating it has conflated several distinct courts (Kyiv Administrative Court of Appeal, Kyiv District Administrative Court, and Podilskyy District Court). These must be split into separate entities.] remove doc:courtPodilskyy rdfs:label "Podilskyy District Court": skipped: triple not present
    SKIPPED [doc:courtPodilskyy has multiple labels and names, indicating it has conflated several distinct courts (Kyiv Administrative Court of Appeal, Kyiv District Administrative Court, and Podilskyy District Court). These must be split into separate entities.] remove doc:courtPodilskyy echr:hasAuthorityName "Kyiv Administrative Court of Appeal": skipped: triple not present
    SKIPPED [doc:courtPodilskyy has multiple labels and names, indicating it has conflated several distinct courts (Kyiv Administrative Court of Appeal, Kyiv District Administrative Court, and Podilskyy District Court). These must be split into separate entities.] remove doc:courtPodilskyy echr:hasAuthorityName "Kyiv District Administrative Court": skipped: triple not present
    SKIPPED [doc:courtPodilskyy has multiple names (cardinality violation).] remove doc:courtPodilskyy echr:hasAuthorityName "Podilskyy District Court of Kyiv": skipped: triple not present
    [domestic authorities] pass 2: 2 finding(s) in; model proposed 1 group(s), 6 op(s), 0 merge(s)
    [domestic authorities] pass 2: applied 5 (of which 0 merge(s)), skipped 1, stub orphans swept 0 [8.2s, 8.2s in the model]
    SKIPPED [doc:courtPodilskyy is a 'mega-node' containing multiple distinct courts (Podilskyy District Court, Kyiv District Administrative Court, and Kyiv Administrative Court of Appeal). These must be separated to maintain the integrity of the judicial hierarchy.] remove doc:courtPodilskyy echr:hasAuthorityName Podilskyy District Court: skipped: triple not present
    [domestic authorities] pass 3: 1 finding(s) in; model proposed 1 group(s), 1 op(s), 0 merge(s)
    [domestic authorities] pass 3: applied 0 (of which 0 merge(s)), skipped 1, stub orphans swept 0 [1.9s, 1.9s in the model]
    SKIPPED [The node doc:courtPodilskyy has two values for the functional property echr:hasAuthorityName. Based on the supporting quotes and label, "Podilskyy District Court of Kyiv" is the more complete and specific name.] remove doc:courtPodilskyy echr:hasAuthorityName "Podilskyy District Court": skipped: triple not present
    [domestic authorities] pass 3: no operations applied - stopping
    RECOVERED 2 group(s), 1 op(s) from a stalled generation
  [domestic proceedings] results/jurix_phase1/o2_med_ttl/repaired/input.L5.facts.ttl: 0 finding(s) in; model proposed 2 group(s), 1 op(s), 0 merge(s)
    [domestic proceedings] pass 1: applied 1 (of which 0 merge(s)), skipped 0, stub orphans swept 0 [12.4s, 12.4s in the model]
    [domestic proceedings] pass 1: 1 op(s) applied but findings did not fall (0 -> 0) - stopping
  [persons and participation] results/jurix_phase1/o2_med_ttl/repaired/input.L5.facts.ttl: 4 finding(s) in; model proposed 4 group(s), 20 op(s), 0 merge(s)
    [persons and participation] pass 1: applied 20 (of which 0 merge(s)), skipped 0, stub orphans swept 0 [25.9s, 25.8s in the model]
    [persons and participation] pass 2: 1 finding(s) in; model proposed 2 group(s), 0 op(s), 0 merge(s)
    [persons and participation] pass 2: applied 0 (of which 0 merge(s)), skipped 0, stub orphans swept 0 [2.5s, 2.5s in the model]
    [persons and participation] pass 2: no operations applied - stopping
  [source quote fidelity] results/jurix_phase1/o2_med_ttl/repaired/input.L5.facts.ttl: nothing flagged
    document total: 65.8s across 6 model call(s) (65.5s in the model)
    wrote results/jurix_phase1/o2_med_ttl/repaired/input.L5.facts.ttl (backup at results/jurix_phase1/o2_med_ttl/repaired/backup/input.L5.facts.ttl)
  [domestic authorities] results/jurix_phase1/o2_med_ttl/repaired/input.L6.facts.ttl: nothing flagged
  [domestic proceedings] results/jurix_phase1/o2_med_ttl/repaired/input.L6.facts.ttl: 0 finding(s) in; model proposed 2 group(s), 1 op(s), 0 merge(s)
    [domestic proceedings] pass 1: applied 1 (of which 0 merge(s)), skipped 0, stub orphans swept 0 [6.9s, 6.9s in the model]
    [domestic proceedings] pass 1: 1 op(s) applied but findings did not fall (0 -> 0) - stopping
  [persons and participation] results/jurix_phase1/o2_med_ttl/repaired/input.L6.facts.ttl: 3 finding(s) in; model proposed 6 group(s), 9 op(s), 0 merge(s)
    [persons and participation] pass 1: applied 9 (of which 0 merge(s)), skipped 0, stub orphans swept 0 [14.2s, 14.2s in the model]
    [persons and participation] pass 2: nothing left to flag - stopping
  [source quote fidelity] results/jurix_phase1/o2_med_ttl/repaired/input.L6.facts.ttl: nothing flagged
    document total: 21.2s across 2 model call(s) (21.1s in the model)
    wrote results/jurix_phase1/o2_med_ttl/repaired/input.L6.facts.ttl (backup at results/jurix_phase1/o2_med_ttl/repaired/backup/input.L6.facts.ttl)
  [domestic authorities] results/jurix_phase1/o2_med_ttl/repaired/input.L7.facts.ttl: 5 finding(s) in; model proposed 5 group(s), 5 op(s), 0 merge(s)
    [domestic authorities] pass 1: applied 5 (of which 0 merge(s)), skipped 0, stub orphans swept 0 [8.1s, 8.1s in the model]
    [domestic authorities] pass 2: nothing left to flag - stopping
  [domestic proceedings] results/jurix_phase1/o2_med_ttl/repaired/input.L7.facts.ttl: nothing flagged
  [persons and participation] results/jurix_phase1/o2_med_ttl/repaired/input.L7.facts.ttl: 2 finding(s) in; model proposed 1 group(s), 10 op(s), 0 merge(s)
    [persons and participation] pass 1: applied 10 (of which 0 merge(s)), skipped 0, stub orphans swept 0 [12.4s, 12.4s in the model]
    [persons and participation] pass 2: nothing left to flag - stopping
  [source quote fidelity] results/jurix_phase1/o2_med_ttl/repaired/input.L7.facts.ttl: nothing flagged
    document total: 20.6s across 2 model call(s) (20.5s in the model)
    wrote results/jurix_phase1/o2_med_ttl/repaired/input.L7.facts.ttl (backup at results/jurix_phase1/o2_med_ttl/repaired/backup/input.L7.facts.ttl)
  [domestic authorities] results/jurix_phase1/o2_med_ttl/repaired/input.L8.facts.ttl: nothing flagged
  [domestic proceedings] results/jurix_phase1/o2_med_ttl/repaired/input.L8.facts.ttl: 1 finding(s) in; model proposed 2 group(s), 5 op(s), 2 merge(s)
    [domestic proceedings] pass 1: applied 7 (of which 2 merge(s)), skipped 0, stub orphans swept 0 [19.3s, 19.3s in the model]
    [domestic proceedings] pass 1: 7 op(s) applied but findings did not fall (0 -> 0) - stopping
  [persons and participation] results/jurix_phase1/o2_med_ttl/repaired/input.L8.facts.ttl: 1 finding(s) in; model proposed 3 group(s), 13 op(s), 0 merge(s)
    [persons and participation] pass 1: applied 13 (of which 0 merge(s)), skipped 0, stub orphans swept 0 [16.0s, 16.0s in the model]
    [persons and participation] pass 2: nothing left to flag - stopping
  [source quote fidelity] results/jurix_phase1/o2_med_ttl/repaired/input.L8.facts.ttl: 1 finding(s) in; model proposed 1 group(s), 2 op(s), 0 merge(s)
    [source quote fidelity] pass 1: applied 2 (of which 0 merge(s)), skipped 1, stub orphans swept 0 [7.2s, 7.2s in the model]
    SKIPPED [The quote for doc:proceeding_1 is a paraphrase/summary and does not appear verbatim in the source text. The actual span is 'By a judgment of the Nizhniy Novgorod Regional Court of 21 April 1997, later quashed by the Supreme Court, the applicant was ordered to pay the “Oka” damages in the amount that had been transferred to it previously.'] remove doc:proceeding_1 echr:hasSupportingQuote By a judgment of the Nizhniy Novgorod Regional Court of 21 April 1997... the applicant was ordered to pay the Oka damages: applied (removed 1 quote(s) by index)
    [source quote fidelity] pass 2: nothing left to flag - stopping
    document total: 42.6s across 3 model call(s) (42.5s in the model)
    wrote results/jurix_phase1/o2_med_ttl/repaired/input.L8.facts.ttl (backup at results/jurix_phase1/o2_med_ttl/repaired/backup/input.L8.facts.ttl)
  [domestic authorities] results/jurix_phase1/o2_med_ttl/repaired/input.L9.facts.ttl: 1 finding(s) in; model proposed 1 group(s), 22 op(s), 0 merge(s)
    [domestic authorities] pass 1: applied 22 (of which 0 merge(s)), skipped 0, stub orphans swept 0 [24.4s, 24.3s in the model]
    [domestic authorities] pass 1: 22 op(s) applied but findings did not fall (1 -> 1) - stopping
    RECOVERED 1 group(s), 1 op(s) from a stalled generation
  [domestic proceedings] results/jurix_phase1/o2_med_ttl/repaired/input.L9.facts.ttl: 0 finding(s) in; model proposed 1 group(s), 1 op(s), 0 merge(s)
    [domestic proceedings] pass 1: applied 1 (of which 0 merge(s)), skipped 0, stub orphans swept 0 [7.2s, 7.1s in the model]
    [domestic proceedings] pass 1: 1 op(s) applied but findings did not fall (0 -> 0) - stopping
  [persons and participation] results/jurix_phase1/o2_med_ttl/repaired/input.L9.facts.ttl: nothing flagged
  [source quote fidelity] results/jurix_phase1/o2_med_ttl/repaired/input.L9.facts.ttl: 1 finding(s) in; model proposed 1 group(s), 2 op(s), 0 merge(s)
    [source quote fidelity] pass 1: applied 1 (of which 0 merge(s)), skipped 2, stub orphans swept 0 [2.8s, 2.8s in the model]
    SKIPPED [The quote 'during the trial at the first – instance court' contains a non-standard dash character that does not match the source text exactly.] remove doc:participation_trial_1 echr:hasSupportingQuote during the trial at the first ‐ instance court: applied (removed 1 quote(s) by index)
    SKIPPED [The quote 'during the trial at the first – instance court' contains a non-standard dash character that does not match the source text exactly.] add doc:participation_trial_1 echr:hasSupportingQuote during the trial at the first – instance court: skipped: quote does not appear verbatim in the source document
    [source quote fidelity] pass 2: nothing left to flag - stopping
    document total: 34.5s across 3 model call(s) (34.2s in the model)
    wrote results/jurix_phase1/o2_med_ttl/repaired/input.L9.facts.ttl (backup at results/jurix_phase1/o2_med_ttl/repaired/backup/input.L9.facts.ttl)
  1/10 document(s) lost at least one stage but kept the others:
    results/jurix_phase1/o2_med_ttl/repaired/input.L3.facts.ttl  [authorities] RepairTruncated
  1 document/stage(s) hit the 8000-token output cap mid-patch -- re-run these with a higher --max-tokens:
    results/jurix_phase1/o2_med_ttl/repaired/input.L3.facts.ttl

  repair total: 500.8s over 10 document(s), 39 model call(s) (499.0s in the model, 1.8s deterministic)
    authorities      9 call(s)     90.0s  (89.7s in the model)
    proceedings     11 call(s)    115.2s  (115.0s in the model)
    persons         13 call(s)    263.0s  (262.9s in the model)
    quotes           6 call(s)     31.5s  (31.4s in the model)
