repairing 10 file(s) under results/experiment_arms_20260823_223700/rolling_3k6k_mv1/repaired
  model: gemma-4-31b @ http://localhost:8000/v1 (temperature 0.4, timeout 300.0s)
  [domestic proceedings] results/experiment_arms_20260823_223700/rolling_3k6k_mv1/repaired/input.L1.facts.ttl: nothing flagged
  [persons and participation] results/experiment_arms_20260823_223700/rolling_3k6k_mv1/repaired/input.L1.facts.ttl: 3 finding(s) in; model proposed 0 group(s), 0 op(s), 0 merge(s)
    [persons and participation] pass 1: applied 0 (of which 0 merge(s)), skipped 0, stub orphans swept 0 [17.7s, 0.7s in the model]
    [persons and participation] pass 1: no operations applied - stopping
  [domestic authorities] results/experiment_arms_20260823_223700/rolling_3k6k_mv1/repaired/input.L1.facts.ttl: 2 finding(s) in; model proposed 1 group(s), 7 op(s), 0 merge(s)
    [domestic authorities] pass 1: applied 5 (of which 0 merge(s)), skipped 2, stub orphans swept 0 [22.7s, 5.9s in the model]
    SKIPPED [The node doc:regionalProsecutorRila has multiple labels and authority names, suggesting it has conflated the Regional Prosecutor of Rila with the Ruse regional prosecutor. These are distinct geographic jurisdictions and should be separate entities.] remove doc:regionalProsecutorRila rdfs:label "Ruse regional prosecutor": skipped: triple not present
    SKIPPED [The node doc:regionalProsecutorRila has multiple labels and authority names, suggesting it has conflated the Regional Prosecutor of Rila with the Ruse regional prosecutor. These are distinct geographic jurisdictions and should be separate entities.] remove doc:regionalProsecutorRila echr:hasAuthorityName "Ruse regional prosecutor": skipped: triple not present
    [domestic authorities] pass 1: 5 op(s) applied but findings did not fall (2 -> 2) - stopping
    document total: 74.0s across 2 model call(s) (6.6s in the model)
    wrote results/experiment_arms_20260823_223700/rolling_3k6k_mv1/repaired/input.L1.facts.ttl (backup at results/experiment_arms_20260823_223700/rolling_3k6k_mv1/repaired/backup/input.L1.facts.ttl)
  [domestic proceedings] results/experiment_arms_20260823_223700/rolling_3k6k_mv1/repaired/input.L10.facts.ttl: 0 finding(s) in; model proposed 0 group(s), 0 op(s), 5 merge(s)
    [domestic proceedings] pass 1: applied 5 (of which 5 merge(s)), skipped 0, stub orphans swept 0 [32.6s, 6.3s in the model]
    [domestic proceedings] pass 1: 5 op(s) applied but findings did not fall (0 -> 0) - stopping
  [persons and participation] results/experiment_arms_20260823_223700/rolling_3k6k_mv1/repaired/input.L10.facts.ttl: 0 finding(s) in; model proposed 0 group(s), 0 op(s), 0 merge(s)
    [persons and participation] pass 1: applied 0 (of which 0 merge(s)), skipped 0, stub orphans swept 0 [25.5s, 0.6s in the model]
    [persons and participation] pass 1: no operations applied - stopping
  [domestic authorities] results/experiment_arms_20260823_223700/rolling_3k6k_mv1/repaired/input.L10.facts.ttl: nothing flagged
    document total: 107.5s across 2 model call(s) (6.9s in the model)
    wrote results/experiment_arms_20260823_223700/rolling_3k6k_mv1/repaired/input.L10.facts.ttl (backup at results/experiment_arms_20260823_223700/rolling_3k6k_mv1/repaired/backup/input.L10.facts.ttl)
  [domestic proceedings] results/experiment_arms_20260823_223700/rolling_3k6k_mv1/repaired/input.L2.facts.ttl: nothing flagged
  [persons and participation] results/experiment_arms_20260823_223700/rolling_3k6k_mv1/repaired/input.L2.facts.ttl: 1 finding(s) in; model proposed 0 group(s), 0 op(s), 0 merge(s)
    [persons and participation] pass 1: applied 0 (of which 0 merge(s)), skipped 0, stub orphans swept 0 [8.4s, 0.5s in the model]
    [persons and participation] pass 1: no operations applied - stopping
  [domestic authorities] results/experiment_arms_20260823_223700/rolling_3k6k_mv1/repaired/input.L2.facts.ttl: 5 finding(s) in; model proposed 5 group(s), 5 op(s), 0 merge(s)
    [domestic authorities] pass 1: applied 5 (of which 0 merge(s)), skipped 0, stub orphans swept 0 [15.1s, 7.3s in the model]
    [domestic authorities] pass 2: nothing left to flag - stopping
    document total: 47.0s across 2 model call(s) (7.8s in the model)
    wrote results/experiment_arms_20260823_223700/rolling_3k6k_mv1/repaired/input.L2.facts.ttl (backup at results/experiment_arms_20260823_223700/rolling_3k6k_mv1/repaired/backup/input.L2.facts.ttl)
    [domestic proceedings] FAILED: RepairTruncated: generation hit the 8000-token output cap without closing the patch -- raise --max-tokens for this document
    continuing to the next stage; earlier stages' work is kept
  [persons and participation] results/experiment_arms_20260823_223700/rolling_3k6k_mv1/repaired/input.L3.facts.ttl: 1 finding(s) in; model proposed 1 group(s), 13 op(s), 0 merge(s)
    [persons and participation] pass 1: applied 13 (of which 0 merge(s)), skipped 0, stub orphans swept 0 [31.3s, 10.4s in the model]
    [persons and participation] pass 2: 0 finding(s) in; model proposed 0 group(s), 0 op(s), 0 merge(s)
    [persons and participation] pass 2: applied 0 (of which 0 merge(s)), skipped 0, stub orphans swept 0 [21.9s, 0.5s in the model]
    [persons and participation] pass 2: no operations applied - stopping
  [domestic authorities] results/experiment_arms_20260823_223700/rolling_3k6k_mv1/repaired/input.L3.facts.ttl: 2 finding(s) in; model proposed 1 group(s), 4 op(s), 0 merge(s)
    [domestic authorities] pass 1: applied 0 (of which 0 merge(s)), skipped 4, stub orphans swept 0 [25.5s, 4.5s in the model]
    SKIPPED [doc:administrativeCourt has multiple rdfs:label and echr:hasAuthorityName values. The supporting quote specifically mentions the '13th Chamber of the Supreme Administrative Court'. The other values ('Administrative Court', 'Supreme Administrative Court') appear to be general references or parent bodies. I will keep the most specific name supported by the quote and remove the others.] remove doc:administrativeCourt rdfs:label "Supreme Administrative Court": skipped: triple not present
    SKIPPED [doc:administrativeCourt has multiple rdfs:label and echr:hasAuthorityName values. The supporting quote specifically mentions the '13th Chamber of the Supreme Administrative Court'. The other values ('Administrative Court', 'Supreme Administrative Court') appear to be general references or parent bodies. I will keep the most specific name supported by the quote and remove the others.] remove doc:administrativeCourt rdfs:label "Administrative Court": skipped: triple not present
    SKIPPED [doc:administrativeCourt has multiple rdfs:label and echr:hasAuthorityName values. The supporting quote specifically mentions the '13th Chamber of the Supreme Administrative Court'. The other values ('Administrative Court', 'Supreme Administrative Court') appear to be general references or parent bodies. I will keep the most specific name supported by the quote and remove the others.] remove doc:administrativeCourt echr:hasAuthorityName "administrative court": skipped: triple not present
    SKIPPED [doc:administrativeCourt has multiple rdfs:label and echr:hasAuthorityName values. The supporting quote specifically mentions the '13th Chamber of the Supreme Administrative Court'. The other values ('Administrative Court', 'Supreme Administrative Court') appear to be general references or parent bodies. I will keep the most specific name supported by the quote and remove the others.] remove doc:administrativeCourt echr:hasAuthorityName "Supreme Administrative Court": skipped: triple not present
    [domestic authorities] pass 1: no operations applied - stopping
    document total: 294.9s across 3 model call(s) (15.4s in the model)
    wrote results/experiment_arms_20260823_223700/rolling_3k6k_mv1/repaired/input.L3.facts.ttl (backup at results/experiment_arms_20260823_223700/rolling_3k6k_mv1/repaired/backup/input.L3.facts.ttl)
  [domestic proceedings] results/experiment_arms_20260823_223700/rolling_3k6k_mv1/repaired/input.L4.facts.ttl: nothing flagged
  [persons and participation] results/experiment_arms_20260823_223700/rolling_3k6k_mv1/repaired/input.L4.facts.ttl: 0 finding(s) in; model proposed 0 group(s), 0 op(s), 0 merge(s)
    [persons and participation] pass 1: applied 0 (of which 0 merge(s)), skipped 0, stub orphans swept 0 [16.7s, 0.6s in the model]
    [persons and participation] pass 1: no operations applied - stopping
  [domestic authorities] results/experiment_arms_20260823_223700/rolling_3k6k_mv1/repaired/input.L4.facts.ttl: nothing flagged
    document total: 49.1s across 1 model call(s) (0.6s in the model)
    no net change across all stages; leaving the file untouched
  [domestic proceedings] results/experiment_arms_20260823_223700/rolling_3k6k_mv1/repaired/input.L5.facts.ttl: 1 finding(s) in; model proposed 1 group(s), 1 op(s), 0 merge(s)
    [domestic proceedings] pass 1: applied 1 (of which 0 merge(s)), skipped 0, stub orphans swept 0 [98.7s, 88.7s in the model]
    [domestic proceedings] pass 2: nothing left to flag - stopping
  [persons and participation] results/experiment_arms_20260823_223700/rolling_3k6k_mv1/repaired/input.L5.facts.ttl: 0 finding(s) in; model proposed 0 group(s), 0 op(s), 0 merge(s)
    [persons and participation] pass 1: applied 0 (of which 0 merge(s)), skipped 0, stub orphans swept 0 [10.7s, 0.5s in the model]
    [persons and participation] pass 1: no operations applied - stopping
  [domestic authorities] results/experiment_arms_20260823_223700/rolling_3k6k_mv1/repaired/input.L5.facts.ttl: nothing flagged
    document total: 139.6s across 2 model call(s) (89.2s in the model)
    wrote results/experiment_arms_20260823_223700/rolling_3k6k_mv1/repaired/input.L5.facts.ttl (backup at results/experiment_arms_20260823_223700/rolling_3k6k_mv1/repaired/backup/input.L5.facts.ttl)
  [domestic proceedings] results/experiment_arms_20260823_223700/rolling_3k6k_mv1/repaired/input.L6.facts.ttl: nothing flagged
  [persons and participation] results/experiment_arms_20260823_223700/rolling_3k6k_mv1/repaired/input.L6.facts.ttl: 0 finding(s) in; model proposed 0 group(s), 0 op(s), 0 merge(s)
    [persons and participation] pass 1: applied 0 (of which 0 merge(s)), skipped 0, stub orphans swept 0 [6.3s, 0.4s in the model]
    [persons and participation] pass 1: no operations applied - stopping
  [domestic authorities] results/experiment_arms_20260823_223700/rolling_3k6k_mv1/repaired/input.L6.facts.ttl: nothing flagged
    document total: 18.2s across 1 model call(s) (0.4s in the model)
    no net change across all stages; leaving the file untouched
  [domestic proceedings] results/experiment_arms_20260823_223700/rolling_3k6k_mv1/repaired/input.L7.facts.ttl: nothing flagged
  [persons and participation] results/experiment_arms_20260823_223700/rolling_3k6k_mv1/repaired/input.L7.facts.ttl: 1 finding(s) in; model proposed 2 group(s), 4 op(s), 0 merge(s)
    [persons and participation] pass 1: applied 4 (of which 0 merge(s)), skipped 0, stub orphans swept 0 [16.9s, 7.7s in the model]
    [persons and participation] pass 1: 4 op(s) applied but findings did not fall (1 -> 2) - stopping
  [domestic authorities] results/experiment_arms_20260823_223700/rolling_3k6k_mv1/repaired/input.L7.facts.ttl: 1 finding(s) in; model proposed 1 group(s), 4 op(s), 0 merge(s)
    [domestic authorities] pass 1: applied 4 (of which 0 merge(s)), skipped 3, stub orphans swept 0 [12.9s, 3.9s in the model]
    SKIPPED [The node doc:witnessZan is typed as a DomesticAuthority (implied by its presence in this stage's entities and the validator finding), but the supporting quote "Mr Zan first described this incident to British police in February 1996." and the property echr:hasPersonName indicate this is a person (a witness), not a domestic authority. It should be removed from the graph as it does not belong to the DomesticAuthority class.] remove doc:witnessZan echr:hasPersonName : applied (1 value(s))
    SKIPPED [The node doc:witnessZan is typed as a DomesticAuthority (implied by its presence in this stage's entities and the validator finding), but the supporting quote "Mr Zan first described this incident to British police in February 1996." and the property echr:hasPersonName indicate this is a person (a witness), not a domestic authority. It should be removed from the graph as it does not belong to the DomesticAuthority class.] remove doc:witnessZan rdfs:label : applied (1 value(s))
    SKIPPED [The node doc:witnessZan is typed as a DomesticAuthority (implied by its presence in this stage's entities and the validator finding), but the supporting quote "Mr Zan first described this incident to British police in February 1996." and the property echr:hasPersonName indicate this is a person (a witness), not a domestic authority. It should be removed from the graph as it does not belong to the DomesticAuthority class.] remove doc:witnessZan echr:hasSupportingQuote : applied (1 value(s))
    [domestic authorities] pass 2: nothing left to flag - stopping
    document total: 65.9s across 2 model call(s) (11.6s in the model)
    wrote results/experiment_arms_20260823_223700/rolling_3k6k_mv1/repaired/input.L7.facts.ttl (backup at results/experiment_arms_20260823_223700/rolling_3k6k_mv1/repaired/backup/input.L7.facts.ttl)
  [domestic proceedings] results/experiment_arms_20260823_223700/rolling_3k6k_mv1/repaired/input.L8.facts.ttl: 0 finding(s) in; model proposed 0 group(s), 0 op(s), 0 merge(s)
    [domestic proceedings] pass 1: applied 0 (of which 0 merge(s)), skipped 0, stub orphans swept 0 [16.7s, 0.6s in the model]
    [domestic proceedings] pass 1: no operations applied - stopping
  [persons and participation] results/experiment_arms_20260823_223700/rolling_3k6k_mv1/repaired/input.L8.facts.ttl: 3 finding(s) in; model proposed 0 group(s), 0 op(s), 0 merge(s)
    [persons and participation] pass 1: applied 0 (of which 0 merge(s)), skipped 0, stub orphans swept 0 [16.3s, 0.6s in the model]
    [persons and participation] pass 1: no operations applied - stopping
  [domestic authorities] results/experiment_arms_20260823_223700/rolling_3k6k_mv1/repaired/input.L8.facts.ttl: 3 finding(s) in; model proposed 3 group(s), 3 op(s), 0 merge(s)
    [domestic authorities] pass 1: applied 3 (of which 0 merge(s)), skipped 0, stub orphans swept 0 [20.8s, 5.0s in the model]
    [domestic authorities] pass 2: nothing left to flag - stopping
    document total: 85.5s across 3 model call(s) (6.2s in the model)
    wrote results/experiment_arms_20260823_223700/rolling_3k6k_mv1/repaired/input.L8.facts.ttl (backup at results/experiment_arms_20260823_223700/rolling_3k6k_mv1/repaired/backup/input.L8.facts.ttl)
  [domestic proceedings] results/experiment_arms_20260823_223700/rolling_3k6k_mv1/repaired/input.L9.facts.ttl: nothing flagged
    [persons and participation] FAILED: RepairTruncated: generation hit the 8000-token output cap without closing the patch -- raise --max-tokens for this document
    continuing to the next stage; earlier stages' work is kept
  [domestic authorities] results/experiment_arms_20260823_223700/rolling_3k6k_mv1/repaired/input.L9.facts.ttl: nothing flagged
    document total: 209.1s across 0 model call(s) (0s in the model)
    no net change across all stages; leaving the file untouched
  2/10 document(s) lost at least one stage but kept the others:
    results/experiment_arms_20260823_223700/rolling_3k6k_mv1/repaired/input.L3.facts.ttl  [proceedings] RepairTruncated
    results/experiment_arms_20260823_223700/rolling_3k6k_mv1/repaired/input.L9.facts.ttl  [persons] RepairTruncated
  2 document/stage(s) hit the 8000-token output cap mid-patch -- re-run these with a higher --max-tokens:
    results/experiment_arms_20260823_223700/rolling_3k6k_mv1/repaired/input.L3.facts.ttl
    results/experiment_arms_20260823_223700/rolling_3k6k_mv1/repaired/input.L9.facts.ttl

  repair total: 1090.8s over 10 document(s), 18 model call(s) (144.7s in the model, 946.1s deterministic)
    persons         10 call(s)    171.7s  (22.5s in the model)
    authorities      5 call(s)     97.0s  (26.6s in the model)
    proceedings      3 call(s)    148.0s  (95.6s in the model)
