repairing 10 file(s) under results/jurix_phase1/o2_large_ttl/repaired
  model: gemma-4-31b @ http://localhost:8000/v1 (temperature 0.4, timeout 300.0s)
  source text: results/jurix_phase1/input.jsonl (quote stage enabled)
  [domestic authorities] results/jurix_phase1/o2_large_ttl/repaired/input.L1.facts.ttl: nothing flagged
  [domestic proceedings] results/jurix_phase1/o2_large_ttl/repaired/input.L1.facts.ttl: 0 finding(s) in; model proposed 2 group(s), 8 op(s), 0 merge(s)
    [domestic proceedings] pass 1: applied 8 (of which 0 merge(s)), skipped 0, stub orphans swept 0 [10.2s, 10.2s in the model]
    [domestic proceedings] pass 1: 8 op(s) applied but findings did not fall (0 -> 0) - stopping
  [persons and participation] results/jurix_phase1/o2_large_ttl/repaired/input.L1.facts.ttl: 2 finding(s) in; model proposed 4 group(s), 33 op(s), 0 merge(s)
    [persons and participation] pass 1: applied 33 (of which 0 merge(s)), skipped 0, stub orphans swept 0 [39.7s, 39.7s in the model]
    [persons and participation] pass 2: nothing left to flag - stopping
  [source quote fidelity] results/jurix_phase1/o2_large_ttl/repaired/input.L1.facts.ttl: nothing flagged
    document total: 50.1s across 2 model call(s) (49.9s in the model)
    wrote results/jurix_phase1/o2_large_ttl/repaired/input.L1.facts.ttl (backup at results/jurix_phase1/o2_large_ttl/repaired/backup/input.L1.facts.ttl)
  [domestic authorities] results/jurix_phase1/o2_large_ttl/repaired/input.L10.facts.ttl: nothing flagged
  [domestic proceedings] results/jurix_phase1/o2_large_ttl/repaired/input.L10.facts.ttl: nothing flagged
  [persons and participation] results/jurix_phase1/o2_large_ttl/repaired/input.L10.facts.ttl: 8 finding(s) in; model proposed 6 group(s), 60 op(s), 0 merge(s)
    [persons and participation] pass 1: applied 60 (of which 0 merge(s)), skipped 0, stub orphans swept 0 [71.2s, 71.2s in the model]
    [persons and participation] pass 2: 0 finding(s) in; model proposed 0 group(s), 0 op(s), 0 merge(s)
    [persons and participation] pass 2: applied 0 (of which 0 merge(s)), skipped 0, stub orphans swept 0 [0.6s, 0.6s in the model]
    [persons and participation] pass 2: no operations applied - stopping
  [source quote fidelity] results/jurix_phase1/o2_large_ttl/repaired/input.L10.facts.ttl: nothing flagged
    document total: 72.0s across 2 model call(s) (71.8s in the model)
    wrote results/jurix_phase1/o2_large_ttl/repaired/input.L10.facts.ttl (backup at results/jurix_phase1/o2_large_ttl/repaired/backup/input.L10.facts.ttl)
  [domestic authorities] results/jurix_phase1/o2_large_ttl/repaired/input.L2.facts.ttl: nothing flagged
  [domestic proceedings] results/jurix_phase1/o2_large_ttl/repaired/input.L2.facts.ttl: nothing flagged
  [persons and participation] results/jurix_phase1/o2_large_ttl/repaired/input.L2.facts.ttl: nothing flagged
  [source quote fidelity] results/jurix_phase1/o2_large_ttl/repaired/input.L2.facts.ttl: nothing flagged
    document total: 0.1s across 0 model call(s) (0s in the model)
    no net change across all stages; leaving the file untouched
  [domestic authorities] results/jurix_phase1/o2_large_ttl/repaired/input.L3.facts.ttl: nothing flagged
    RECOVERED 1 group(s), 1 op(s) from a stalled generation
  [domestic proceedings] results/jurix_phase1/o2_large_ttl/repaired/input.L3.facts.ttl: 2 finding(s) in; model proposed 1 group(s), 1 op(s), 0 merge(s)
    [domestic proceedings] pass 1: applied 1 (of which 0 merge(s)), skipped 0, stub orphans swept 0 [6.9s, 6.9s in the model]
    [domestic proceedings] pass 2: 0 finding(s) in; model proposed 0 group(s), 0 op(s), 0 merge(s)
    [domestic proceedings] pass 2: applied 0 (of which 0 merge(s)), skipped 0, stub orphans swept 0 [0.4s, 0.4s in the model]
    [domestic proceedings] pass 2: no operations applied - stopping
  [persons and participation] results/jurix_phase1/o2_large_ttl/repaired/input.L3.facts.ttl: 2 finding(s) in; model proposed 1 group(s), 50 op(s), 0 merge(s)
    [persons and participation] pass 1: applied 50 (of which 0 merge(s)), skipped 0, stub orphans swept 0 [40.1s, 40.1s in the model]
    [persons and participation] pass 2: nothing left to flag - stopping
  [source quote fidelity] results/jurix_phase1/o2_large_ttl/repaired/input.L3.facts.ttl: 1 finding(s) in; model proposed 1 group(s), 2 op(s), 0 merge(s)
    [source quote fidelity] pass 1: applied 2 (of which 0 merge(s)), skipped 1, stub orphans swept 0 [9.6s, 9.6s in the model]
    SKIPPED [The quote for doc:proceedingSaleAnnulmentRectification is a paraphrase/summary and does not appear verbatim in the source text. It is based on paragraphs 37 and 38.] remove doc:proceedingSaleAnnulmentRectification echr:hasSupportingQuote On 30 June 2017, the 13th Chamber of the Supreme Administrative Court granted the request... and annulled the sale in question: applied (removed 1 quote(s) by index)
    [source quote fidelity] pass 2: nothing left to flag - stopping
    document total: 57.2s across 4 model call(s) (57.0s in the model)
    wrote results/jurix_phase1/o2_large_ttl/repaired/input.L3.facts.ttl (backup at results/jurix_phase1/o2_large_ttl/repaired/backup/input.L3.facts.ttl)
  [domestic authorities] results/jurix_phase1/o2_large_ttl/repaired/input.L4.facts.ttl: 3 finding(s) in; model proposed 0 group(s), 0 op(s), 0 merge(s)
    [domestic authorities] pass 1: applied 0 (of which 0 merge(s)), skipped 0, stub orphans swept 0 [0.5s, 0.5s in the model]
    [domestic authorities] pass 1: no operations applied - stopping
  [domestic proceedings] results/jurix_phase1/o2_large_ttl/repaired/input.L4.facts.ttl: 3 finding(s) in; model proposed 0 group(s), 0 op(s), 0 merge(s)
    [domestic proceedings] pass 1: applied 0 (of which 0 merge(s)), skipped 0, stub orphans swept 0 [0.5s, 0.5s in the model]
    [domestic proceedings] pass 1: no operations applied - stopping
  [persons and participation] results/jurix_phase1/o2_large_ttl/repaired/input.L4.facts.ttl: 8 finding(s) in; model proposed 0 group(s), 0 op(s), 0 merge(s)
    [persons and participation] pass 1: applied 0 (of which 0 merge(s)), skipped 0, stub orphans swept 0 [0.6s, 0.6s in the model]
    [persons and participation] pass 1: no operations applied - stopping
  [source quote fidelity] results/jurix_phase1/o2_large_ttl/repaired/input.L4.facts.ttl: 4 finding(s) in; model proposed 1 group(s), 2 op(s), 0 merge(s)
    [source quote fidelity] pass 1: applied 1 (of which 0 merge(s)), skipped 2, stub orphans swept 0 [3.9s, 3.9s in the model]
    SKIPPED [The quote for doc:proceeding_criminal_7 is a paraphrase/summary of paragraph 50. It must be replaced with the verbatim text from the source.] remove doc:proceeding_criminal_7 echr:hasSupportingQuote on 11 October 2001 the Slovenj Gradec District Court ordered the applicant to pay an additional sum to cover the costs... the proceedings were 'finally concluded': applied (removed 1 quote(s) by index)
    SKIPPED [The quote for doc:proceeding_criminal_7 is a paraphrase/summary of paragraph 50. It must be replaced with the verbatim text from the source.] add doc:proceeding_criminal_7 echr:hasSupportingQuote Lastly, on 11 October 2001 the Slovenj Gradec District Court ordered the applicant to pay an additional sum to cover the costs of one of the witnesses heard during the proceedings. On that day, the proceedings were “pravnomočno končan postopek”: skipped: quote does not appear verbatim in the source document
    [source quote fidelity] pass 2: nothing left to flag - stopping
    document total: 5.7s across 4 model call(s) (5.5s in the model)
    wrote results/jurix_phase1/o2_large_ttl/repaired/input.L4.facts.ttl (backup at results/jurix_phase1/o2_large_ttl/repaired/backup/input.L4.facts.ttl)
  [domestic authorities] results/jurix_phase1/o2_large_ttl/repaired/input.L5.facts.ttl: nothing flagged
  [domestic proceedings] results/jurix_phase1/o2_large_ttl/repaired/input.L5.facts.ttl: nothing flagged
  [persons and participation] results/jurix_phase1/o2_large_ttl/repaired/input.L5.facts.ttl: 1 finding(s) in; model proposed 1 group(s), 5 op(s), 0 merge(s)
    [persons and participation] pass 1: applied 5 (of which 0 merge(s)), skipped 0, stub orphans swept 0 [6.9s, 6.9s in the model]
    [persons and participation] pass 2: nothing left to flag - stopping
  [source quote fidelity] results/jurix_phase1/o2_large_ttl/repaired/input.L5.facts.ttl: nothing flagged
    document total: 7.0s across 1 model call(s) (6.9s in the model)
    wrote results/jurix_phase1/o2_large_ttl/repaired/input.L5.facts.ttl (backup at results/jurix_phase1/o2_large_ttl/repaired/backup/input.L5.facts.ttl)
  [domestic authorities] results/jurix_phase1/o2_large_ttl/repaired/input.L6.facts.ttl: nothing flagged
  [domestic proceedings] results/jurix_phase1/o2_large_ttl/repaired/input.L6.facts.ttl: nothing flagged
  [persons and participation] results/jurix_phase1/o2_large_ttl/repaired/input.L6.facts.ttl: 2 finding(s) in; model proposed 0 group(s), 0 op(s), 0 merge(s)
    [persons and participation] pass 1: applied 0 (of which 0 merge(s)), skipped 0, stub orphans swept 0 [0.5s, 0.5s in the model]
    [persons and participation] pass 1: no operations applied - stopping
  [source quote fidelity] results/jurix_phase1/o2_large_ttl/repaired/input.L6.facts.ttl: nothing flagged
    document total: 0.7s across 1 model call(s) (0.5s in the model)
    no net change across all stages; leaving the file untouched
  [domestic authorities] results/jurix_phase1/o2_large_ttl/repaired/input.L7.facts.ttl: nothing flagged
  [domestic proceedings] results/jurix_phase1/o2_large_ttl/repaired/input.L7.facts.ttl: 1 finding(s) in; model proposed 0 group(s), 0 op(s), 0 merge(s)
    [domestic proceedings] pass 1: applied 0 (of which 0 merge(s)), skipped 0, stub orphans swept 0 [0.5s, 0.4s in the model]
    [domestic proceedings] pass 1: no operations applied - stopping
  [persons and participation] results/jurix_phase1/o2_large_ttl/repaired/input.L7.facts.ttl: nothing flagged
  [source quote fidelity] results/jurix_phase1/o2_large_ttl/repaired/input.L7.facts.ttl: nothing flagged
    document total: 0.6s across 1 model call(s) (0.4s in the model)
    no net change across all stages; leaving the file untouched
  [domestic authorities] results/jurix_phase1/o2_large_ttl/repaired/input.L8.facts.ttl: nothing flagged
  [domestic proceedings] results/jurix_phase1/o2_large_ttl/repaired/input.L8.facts.ttl: 1 finding(s) in; model proposed 0 group(s), 0 op(s), 0 merge(s)
    [domestic proceedings] pass 1: applied 0 (of which 0 merge(s)), skipped 0, stub orphans swept 0 [0.5s, 0.4s in the model]
    [domestic proceedings] pass 1: no operations applied - stopping
  [persons and participation] results/jurix_phase1/o2_large_ttl/repaired/input.L8.facts.ttl: 2 finding(s) in; model proposed 0 group(s), 0 op(s), 0 merge(s)
    [persons and participation] pass 1: applied 0 (of which 0 merge(s)), skipped 0, stub orphans swept 0 [0.5s, 0.5s in the model]
    [persons and participation] pass 1: no operations applied - stopping
  [source quote fidelity] results/jurix_phase1/o2_large_ttl/repaired/input.L8.facts.ttl: nothing flagged
    document total: 1.0s across 2 model call(s) (0.9s in the model)
    no net change across all stages; leaving the file untouched
  [domestic authorities] results/jurix_phase1/o2_large_ttl/repaired/input.L9.facts.ttl: nothing flagged
  [domestic proceedings] results/jurix_phase1/o2_large_ttl/repaired/input.L9.facts.ttl: nothing flagged
  [persons and participation] results/jurix_phase1/o2_large_ttl/repaired/input.L9.facts.ttl: nothing flagged
  [source quote fidelity] results/jurix_phase1/o2_large_ttl/repaired/input.L9.facts.ttl: 1 finding(s) in; model proposed 1 group(s), 2 op(s), 0 merge(s)
    [source quote fidelity] pass 1: applied 1 (of which 0 merge(s)), skipped 2, stub orphans swept 0 [9.4s, 9.4s in the model]
    SKIPPED [The quote 'during the trial at the first – instance court' contains a non-standard dash character that differs from the source text's hyphen/dash combination. Correcting to match the source verbatim.] remove doc:participation_trial_1 echr:hasSupportingQuote during the trial at the first ‐ instance court: applied (removed 1 quote(s) by index)
    SKIPPED [The quote 'during the trial at the first – instance court' contains a non-standard dash character that differs from the source text's hyphen/dash combination. Correcting to match the source verbatim.] add doc:participation_trial_1 echr:hasSupportingQuote during the trial at the first – instance court: skipped: quote does not appear verbatim in the source document
    [source quote fidelity] pass 2: nothing left to flag - stopping
    document total: 9.5s across 1 model call(s) (9.4s in the model)
    wrote results/jurix_phase1/o2_large_ttl/repaired/input.L9.facts.ttl (backup at results/jurix_phase1/o2_large_ttl/repaired/backup/input.L9.facts.ttl)

  repair total: 203.8s over 10 document(s), 18 model call(s) (202.3s in the model, 1.5s deterministic)
    proceedings      6 call(s)     19.0s  (18.8s in the model)
    persons          8 call(s)    160.1s  (160.1s in the model)
    quotes           3 call(s)     22.9s  (22.9s in the model)
    authorities      1 call(s)      0.5s  (0.5s in the model)
