Warning: You are sending unauthenticated requests to the HF Hub. Please set a HF_TOKEN to enable higher rate limits and faster downloads.

Loading weights:   0%|          | 0/199 [00:00<?, ?it/s]
Loading weights: 100%|██████████| 199/199 [00:00<00:00, 14377.42it/s]

Batches:   0%|          | 0/6 [00:00<?, ?it/s]
Batches:  17%|█▋        | 1/6 [00:00<00:02,  1.70it/s]
Batches:  33%|███▎      | 2/6 [00:01<00:02,  1.73it/s]
Batches:  50%|█████     | 3/6 [00:01<00:01,  1.72it/s]
Batches:  67%|██████▋   | 4/6 [00:02<00:01,  1.73it/s]
Batches:  83%|████████▎ | 5/6 [00:02<00:00,  1.85it/s]
Batches: 100%|██████████| 6/6 [00:02<00:00,  2.14it/s]

Batches:   0%|          | 0/6 [00:00<?, ?it/s]
Batches:  17%|█▋        | 1/6 [00:00<00:02,  1.95it/s]
Batches:  33%|███▎      | 2/6 [00:01<00:02,  1.95it/s]
Batches:  50%|█████     | 3/6 [00:01<00:01,  1.95it/s]
Batches:  67%|██████▋   | 4/6 [00:02<00:01,  1.95it/s]
Batches:  83%|████████▎ | 5/6 [00:02<00:00,  2.06it/s]
Batches: 100%|██████████| 6/6 [00:02<00:00,  2.61it/s]
Batches: 100%|██████████| 6/6 [00:02<00:00,  2.24it/s]

Batches:   0%|          | 0/6 [00:00<?, ?it/s]
Batches:  17%|█▋        | 1/6 [00:00<00:02,  1.98it/s]
Batches:  33%|███▎      | 2/6 [00:01<00:02,  1.94it/s]
Batches:  50%|█████     | 3/6 [00:01<00:01,  1.94it/s]
Batches:  67%|██████▋   | 4/6 [00:02<00:00,  2.01it/s]
Batches:  83%|████████▎ | 5/6 [00:02<00:00,  2.12it/s]
Batches: 100%|██████████| 6/6 [00:02<00:00,  2.39it/s]

Batches:   0%|          | 0/6 [00:00<?, ?it/s]
Batches:  17%|█▋        | 1/6 [00:00<00:02,  1.96it/s]
Batches:  33%|███▎      | 2/6 [00:01<00:02,  1.91it/s]
Batches:  50%|█████     | 3/6 [00:01<00:01,  1.90it/s]
Batches:  67%|██████▋   | 4/6 [00:02<00:01,  1.95it/s]
Batches:  83%|████████▎ | 5/6 [00:02<00:00,  2.07it/s]
Batches: 100%|██████████| 6/6 [00:02<00:00,  2.33it/s]

Batches:   0%|          | 0/5 [00:00<?, ?it/s]
Batches:  20%|██        | 1/5 [00:00<00:02,  1.92it/s]
Batches:  40%|████      | 2/5 [00:01<00:01,  1.91it/s]
Batches:  60%|██████    | 3/5 [00:01<00:01,  1.90it/s]
Batches:  80%|████████  | 4/5 [00:02<00:00,  1.96it/s]
Batches: 100%|██████████| 5/5 [00:02<00:00,  2.67it/s]
Batches: 100%|██████████| 5/5 [00:02<00:00,  2.28it/s]

Batches:   0%|          | 0/5 [00:00<?, ?it/s]
Batches:  20%|██        | 1/5 [00:00<00:02,  1.93it/s]
Batches:  40%|████      | 2/5 [00:01<00:01,  1.92it/s]
Batches:  60%|██████    | 3/5 [00:01<00:01,  1.88it/s]
Batches:  80%|████████  | 4/5 [00:02<00:00,  1.97it/s]
Batches: 100%|██████████| 5/5 [00:02<00:00,  2.60it/s]
Batches: 100%|██████████| 5/5 [00:02<00:00,  2.25it/s]

Batches:   0%|          | 0/4 [00:00<?, ?it/s]
Batches:  25%|██▌       | 1/4 [00:00<00:01,  1.96it/s]
Batches:  50%|█████     | 2/4 [00:01<00:01,  1.95it/s]
Batches:  75%|███████▌  | 3/4 [00:01<00:00,  1.97it/s]
Batches: 100%|██████████| 4/4 [00:01<00:00,  2.49it/s]

Batches:   0%|          | 0/4 [00:00<?, ?it/s]
Batches:  25%|██▌       | 1/4 [00:00<00:01,  1.88it/s]
Batches:  50%|█████     | 2/4 [00:01<00:01,  1.83it/s]
Batches:  75%|███████▌  | 3/4 [00:01<00:00,  1.99it/s]
Batches: 100%|██████████| 4/4 [00:01<00:00,  2.49it/s]

Batches:   0%|          | 0/4 [00:00<?, ?it/s]
Batches:  25%|██▌       | 1/4 [00:00<00:01,  1.92it/s]
Batches:  50%|█████     | 2/4 [00:01<00:01,  1.92it/s]
Batches:  75%|███████▌  | 3/4 [00:01<00:00,  2.03it/s]
Batches: 100%|██████████| 4/4 [00:01<00:00,  2.66it/s]
Batches: 100%|██████████| 4/4 [00:01<00:00,  2.36it/s]

Batches:   0%|          | 0/6 [00:00<?, ?it/s]
Batches:  17%|█▋        | 1/6 [00:00<00:02,  1.96it/s]
Batches:  33%|███▎      | 2/6 [00:01<00:02,  1.94it/s]
Batches:  50%|█████     | 3/6 [00:01<00:01,  1.91it/s]
Batches:  67%|██████▋   | 4/6 [00:02<00:01,  1.91it/s]
Batches:  83%|████████▎ | 5/6 [00:02<00:00,  1.89it/s]
Batches: 100%|██████████| 6/6 [00:02<00:00,  2.32it/s]
Batches: 100%|██████████| 6/6 [00:02<00:00,  2.09it/s]

Batches:   0%|          | 0/6 [00:00<?, ?it/s]
Batches:  17%|█▋        | 1/6 [00:00<00:02,  1.93it/s]
Batches:  33%|███▎      | 2/6 [00:01<00:02,  1.97it/s]
Batches:  50%|█████     | 3/6 [00:01<00:01,  1.92it/s]
Batches:  67%|██████▋   | 4/6 [00:02<00:01,  1.90it/s]
Batches:  83%|████████▎ | 5/6 [00:02<00:00,  1.90it/s]
Batches: 100%|██████████| 6/6 [00:02<00:00,  2.32it/s]
Batches: 100%|██████████| 6/6 [00:02<00:00,  2.10it/s]

total wall time: 35.8m  (2026-08-20T20:15:37+00:00 -> 2026-08-20T20:51:22+00:00)
response_repair: 0 recovered, turtle_repair: 10 recovered, 3 unrecovered parse failure(s), 2 chunk render failure(s) logged
report written to /home/dahrb/Projects/article_6/domestic_proceedings/results/experiment_full3arm_20260820/art6_gpt5mini_native_mv2/extract_report.json
