repairing 10 file(s) under results/experiment_full3arm_20260820/art6_gemma4_nochunk_mv1/repaired
  model: gemma-4-31b @ http://localhost:8000/v1 (temperature 0.4, timeout 300.0s)
  results/experiment_full3arm_20260820/art6_gemma4_nochunk_mv1/repaired/input.L1.facts.ttl: 1 finding(s) in; model proposed 0 group(s), 0 op(s), 0 merge(s)
    pass 1: applied 0 (of which 0 merge(s)), skipped 0, stub orphans swept 0
    pass 1: no operations applied - stopping
    no net change across all passes; leaving the file untouched
  results/experiment_full3arm_20260820/art6_gemma4_nochunk_mv1/repaired/input.L10.facts.ttl: 4 finding(s) in; model proposed 0 group(s), 0 op(s), 0 merge(s)
    pass 1: applied 0 (of which 0 merge(s)), skipped 0, stub orphans swept 0
    pass 1: no operations applied - stopping
    no net change across all passes; leaving the file untouched
  results/experiment_full3arm_20260820/art6_gemma4_nochunk_mv1/repaired/input.L2.facts.ttl: 1 finding(s) in; model proposed 1 group(s), 2 op(s), 0 merge(s)
    pass 1: applied 2 (of which 0 merge(s)), skipped 1, stub orphans swept 0
    SKIPPED [a node with more than one rdfs:label is asserting that two distinct entities are the same one -- split it instead of labelling it twice] remove doc:companyT rdfs:label : applied (2 value(s))
    pass 2: nothing left to flag - stopping
    wrote results/experiment_full3arm_20260820/art6_gemma4_nochunk_mv1/repaired/input.L2.facts.ttl (backup at results/experiment_full3arm_20260820/art6_gemma4_nochunk_mv1/repaired/backup/input.L2.facts.ttl)
  results/experiment_full3arm_20260820/art6_gemma4_nochunk_mv1/repaired/input.L3.facts.ttl: 0 finding(s) in; model proposed 0 group(s), 0 op(s), 0 merge(s)
    pass 1: applied 0 (of which 0 merge(s)), skipped 0, stub orphans swept 0
    pass 1: no operations applied - stopping
    no net change across all passes; leaving the file untouched
  clean results/experiment_full3arm_20260820/art6_gemma4_nochunk_mv1/repaired/input.L4.facts.ttl: nothing flagged
  clean results/experiment_full3arm_20260820/art6_gemma4_nochunk_mv1/repaired/input.L5.facts.ttl: nothing flagged
  clean results/experiment_full3arm_20260820/art6_gemma4_nochunk_mv1/repaired/input.L6.facts.ttl: nothing flagged
  clean results/experiment_full3arm_20260820/art6_gemma4_nochunk_mv1/repaired/input.L7.facts.ttl: nothing flagged
  clean results/experiment_full3arm_20260820/art6_gemma4_nochunk_mv1/repaired/input.L8.facts.ttl: nothing flagged
  clean results/experiment_full3arm_20260820/art6_gemma4_nochunk_mv1/repaired/input.L9.facts.ttl: nothing flagged
