repairing 10 file(s) under results/jurix_phase1/o2_cf_med_ttl/repaired
  model: gemma-4-31b @ http://localhost:8000/v1 (temperature 0.4, timeout 300.0s)
  source text: results/jurix_phase1/input.jsonl (quote stage enabled)
  [domestic authorities] results/jurix_phase1/o2_cf_med_ttl/repaired/input.L1.facts.ttl: 4 finding(s) in; model proposed 2 group(s), 12 op(s), 0 merge(s)
    [domestic authorities] pass 1: applied 12 (of which 0 merge(s)), skipped 1, stub orphans swept 0 [15.7s, 15.5s in the model]
    SKIPPED [doc:pastraHome has multiple labels and names, and an invented property echr:hasPersonName.] remove doc:pastraHome echr:hasPersonName : applied (1 value(s))
    [domestic authorities] pass 2: nothing left to flag - stopping
  [domestic proceedings] results/jurix_phase1/o2_cf_med_ttl/repaired/input.L1.facts.ttl: 0 finding(s) in; model proposed 0 group(s), 0 op(s), 0 merge(s)
    [domestic proceedings] pass 1: applied 0 (of which 0 merge(s)), skipped 0, stub orphans swept 0 [0.7s, 0.7s in the model]
    [domestic proceedings] pass 1: no operations applied - stopping
  [persons and participation] results/jurix_phase1/o2_cf_med_ttl/repaired/input.L1.facts.ttl: 1 finding(s) in; model proposed 4 group(s), 18 op(s), 0 merge(s)
    [persons and participation] pass 1: applied 18 (of which 0 merge(s)), skipped 0, stub orphans swept 0 [23.6s, 23.6s in the model]
    [persons and participation] pass 2: 0 finding(s) in; model proposed 0 group(s), 0 op(s), 0 merge(s)
    [persons and participation] pass 2: applied 0 (of which 0 merge(s)), skipped 0, stub orphans swept 0 [0.5s, 0.5s in the model]
    [persons and participation] pass 2: no operations applied - stopping
  [source quote fidelity] results/jurix_phase1/o2_cf_med_ttl/repaired/input.L1.facts.ttl: nothing flagged
    document total: 40.7s across 4 model call(s) (40.3s in the model)
    wrote results/jurix_phase1/o2_cf_med_ttl/repaired/input.L1.facts.ttl (backup at results/jurix_phase1/o2_cf_med_ttl/repaired/backup/input.L1.facts.ttl)
  [domestic authorities] results/jurix_phase1/o2_cf_med_ttl/repaired/input.L10.facts.ttl: nothing flagged
    RECOVERED 1 group(s), 1 op(s) from a stalled generation
  [domestic proceedings] results/jurix_phase1/o2_cf_med_ttl/repaired/input.L10.facts.ttl: 0 finding(s) in; model proposed 1 group(s), 1 op(s), 0 merge(s)
    [domestic proceedings] pass 1: applied 1 (of which 0 merge(s)), skipped 0, stub orphans swept 0 [6.5s, 6.5s in the model]
    [domestic proceedings] pass 1: 1 op(s) applied but findings did not fall (0 -> 0) - stopping
  [persons and participation] results/jurix_phase1/o2_cf_med_ttl/repaired/input.L10.facts.ttl: 2 finding(s) in; model proposed 6 group(s), 27 op(s), 0 merge(s)
    [persons and participation] pass 1: applied 27 (of which 0 merge(s)), skipped 0, stub orphans swept 0 [34.6s, 34.6s in the model]
    [persons and participation] pass 2: 1 finding(s) in; model proposed 3 group(s), 24 op(s), 0 merge(s)
    [persons and participation] pass 2: applied 24 (of which 0 merge(s)), skipped 0, stub orphans swept 0 [29.8s, 29.8s in the model]
    [persons and participation] pass 2: 24 op(s) applied but findings did not fall (1 -> 1) - stopping
  [source quote fidelity] results/jurix_phase1/o2_cf_med_ttl/repaired/input.L10.facts.ttl: 5 finding(s) in; model proposed 5 group(s), 8 op(s), 0 merge(s)
    [source quote fidelity] pass 1: applied 4 (of which 0 merge(s)), skipped 8, stub orphans swept 0 [18.0s, 17.9s in the model]
    SKIPPED [The quote 'Brussels Dutch – speaking TPI' contains a non-standard dash. The source text uses 'Brussels Dutch – speaking TPI' (with a hyphen-like character that is actually a dash in the source). Looking at paragraph 37, the text is 'Brussels Dutch – speaking TPI'.] remove doc:tpiBrusselsDutch echr:hasSupportingQuote Brussels Dutch ‐ speaking TPI: applied (removed 1 quote(s) by index)
    SKIPPED [The quote 'Brussels Dutch – speaking TPI' contains a non-standard dash. The source text uses 'Brussels Dutch – speaking TPI' (with a hyphen-like character that is actually a dash in the source). Looking at paragraph 37, the text is 'Brussels Dutch – speaking TPI'.] add doc:tpiBrusselsDutch echr:hasSupportingQuote Brussels Dutch – speaking TPI: skipped: quote does not appear verbatim in the source document
    SKIPPED [The quote 'On the same date the Belgian State brought proceedings against the applicants before the enforcement judge at the Brussels Dutch – language TPI' contains a non-standard dash. Paragraph 39 says 'Brussels Dutch – language TPI'.] remove doc:proceeding_enforcement_action_dec15_state echr:hasSupportingQuote On the same date the Belgian State brought proceedings against the applicants before the enforcement judge at the Brussels Dutch ‐ language TPI: applied (removed 1 quote(s) by index)
    SKIPPED [The quote 'On the same date the Belgian State brought proceedings against the applicants before the enforcement judge at the Brussels Dutch – language TPI' contains a non-standard dash. Paragraph 39 says 'Brussels Dutch – language TPI'.] add doc:proceeding_enforcement_action_dec15_state echr:hasSupportingQuote On the same date the Belgian State brought proceedings against the applicants before the enforcement judge at the Brussels Dutch – language TPI: skipped: quote does not appear verbatim in the source document
    SKIPPED [The quote 'the enforcement judge at the Brussels Dutch – language TPI' contains a non-standard dash. Paragraph 39 says 'Brussels Dutch – language TPI'.] remove doc:enforcementJudgeDutch echr:hasSupportingQuote the enforcement judge at the Brussels Dutch ‐ language TPI: applied (removed 1 quote(s) by index)
    SKIPPED [The quote 'the enforcement judge at the Brussels Dutch – language TPI' contains a non-standard dash. Paragraph 39 says 'Brussels Dutch – language TPI'.] add doc:enforcementJudgeDutch echr:hasSupportingQuote the enforcement judge at the Brussels Dutch – language TPI: skipped: quote does not appear verbatim in the source document
    SKIPPED [The quote 'lodged a unilateral action to that effect with the President of the Brussels Dutch – speaking TPI on 13 December 2016, but was unsuccessful (order of the same date)' contains a non-standard dash. Paragraph 37 says 'Brussels Dutch – speaking TPI'.] remove doc:proceeding_stay_unilateral_dec13 echr:hasSupportingQuote lodged a unilateral action to that effect with the President of the Brussels Dutch ‐ speaking TPI on 13 December 2016, but was unsuccessful (order of the same date): applied (removed 1 quote(s) by index)
    SKIPPED [The quote 'lodged a unilateral action to that effect with the President of the Brussels Dutch – speaking TPI on 13 December 2016, but was unsuccessful (order of the same date)' contains a non-standard dash. Paragraph 37 says 'Brussels Dutch – speaking TPI'.] add doc:proceeding_stay_unilateral_dec13 echr:hasSupportingQuote lodged a unilateral action to that effect with the President of the Brussels Dutch – speaking TPI on 13 December 2016, but was unsuccessful (order of the same date): skipped: quote does not appear verbatim in the source document
    [source quote fidelity] pass 2: 1 finding(s) in; model proposed 1 group(s), 2 op(s), 0 merge(s)
    [source quote fidelity] pass 2: applied 2 (of which 0 merge(s)), skipped 1, stub orphans swept 0 [3.2s, 3.2s in the model]
    SKIPPED [The quote for doc:proceeding_tpi_inter_partes_nov7 is slightly inaccurate. The source text includes a space in 'French-language' (French ‑ language) and differs slightly in punctuation/spacing.] remove doc:proceeding_tpi_inter_partes_nov7 echr:hasSupportingQuote On 7 November 2016 another judge acting as president of the French-language TPI declared their application admissible but unfounded: applied (removed 1 quote(s) by index)
    [source quote fidelity] pass 3: nothing left to flag - stopping
    document total: 92.5s across 5 model call(s) (92.0s in the model)
    wrote results/jurix_phase1/o2_cf_med_ttl/repaired/input.L10.facts.ttl (backup at results/jurix_phase1/o2_cf_med_ttl/repaired/backup/input.L10.facts.ttl)
  [domestic authorities] results/jurix_phase1/o2_cf_med_ttl/repaired/input.L2.facts.ttl: nothing flagged
    RECOVERED 1 group(s), 1 op(s) from a stalled generation
  [domestic proceedings] results/jurix_phase1/o2_cf_med_ttl/repaired/input.L2.facts.ttl: 0 finding(s) in; model proposed 1 group(s), 1 op(s), 0 merge(s)
    [domestic proceedings] pass 1: applied 1 (of which 0 merge(s)), skipped 0, stub orphans swept 0 [6.6s, 6.6s in the model]
    [domestic proceedings] pass 1: 1 op(s) applied but findings did not fall (0 -> 0) - stopping
  [persons and participation] results/jurix_phase1/o2_cf_med_ttl/repaired/input.L2.facts.ttl: 1 finding(s) in; model proposed 0 group(s), 0 op(s), 0 merge(s)
    [persons and participation] pass 1: applied 0 (of which 0 merge(s)), skipped 0, stub orphans swept 0 [0.6s, 0.6s in the model]
    [persons and participation] pass 1: no operations applied - stopping
  [source quote fidelity] results/jurix_phase1/o2_cf_med_ttl/repaired/input.L2.facts.ttl: 2 finding(s) in; model proposed 2 group(s), 4 op(s), 0 merge(s)
    [source quote fidelity] pass 1: applied 4 (of which 0 merge(s)), skipped 2, stub orphans swept 0 [9.8s, 9.7s in the model]
    SKIPPED [The quote 'the ESA Appeals Board, which is ‘independent of the Agency’' uses curly quotes and is a fragment. The source text uses straight quotes and is part of a larger sentence.] remove doc:esaAppealsBoard echr:hasSupportingQuote the ESA Appeals Board, which is ‘independent of the Agency’: applied (removed 1 quote(s) by index)
    SKIPPED [The quote 'the application (no. 28934/95)' is a fragment. The source text contains this within a sentence in paragraph 1.] remove doc:caseBeerRegan echr:hasSupportingQuote the application (no. 28934/95): applied (removed 1 quote(s) by index)
    [source quote fidelity] pass 2: nothing left to flag - stopping
    document total: 17.2s across 3 model call(s) (16.9s in the model)
    wrote results/jurix_phase1/o2_cf_med_ttl/repaired/input.L2.facts.ttl (backup at results/jurix_phase1/o2_cf_med_ttl/repaired/backup/input.L2.facts.ttl)
  [domestic authorities] results/jurix_phase1/o2_cf_med_ttl/repaired/input.L3.facts.ttl: 2 finding(s) in; model proposed 1 group(s), 6 op(s), 0 merge(s)
    [domestic authorities] pass 1: applied 6 (of which 0 merge(s)), skipped 0, stub orphans swept 0 [5.6s, 5.6s in the model]
    [domestic authorities] pass 2: nothing left to flag - stopping
  [domestic proceedings] results/jurix_phase1/o2_cf_med_ttl/repaired/input.L3.facts.ttl: 1 finding(s) in; model proposed 1 group(s), 1 op(s), 0 merge(s)
    [domestic proceedings] pass 1: applied 1 (of which 0 merge(s)), skipped 0, stub orphans swept 0 [2.8s, 2.8s in the model]
    [domestic proceedings] pass 2: nothing left to flag - stopping
  [persons and participation] results/jurix_phase1/o2_cf_med_ttl/repaired/input.L3.facts.ttl: 5 finding(s) in; model proposed 0 group(s), 0 op(s), 0 merge(s)
    [persons and participation] pass 1: applied 0 (of which 0 merge(s)), skipped 0, stub orphans swept 0 [1.1s, 1.1s in the model]
    [persons and participation] pass 1: no operations applied - stopping
  [source quote fidelity] results/jurix_phase1/o2_cf_med_ttl/repaired/input.L3.facts.ttl: 1 finding(s) in; model proposed 1 group(s), 2 op(s), 0 merge(s)
    [source quote fidelity] pass 1: applied 2 (of which 0 merge(s)), skipped 1, stub orphans swept 0 [10.7s, 10.7s in the model]
    SKIPPED [The quote for doc:domestic_proceeding_6 is a paraphrase/summary and does not appear verbatim in the source text. It refers to the events in paragraph 40.] remove doc:domestic_proceeding_6 echr:hasSupportingQuote On 5 September 2017, the Fund responded... stating that the annulment decision could not be enforced: applied (removed 1 quote(s) by index)
    [source quote fidelity] pass 2: nothing left to flag - stopping
    document total: 20.6s across 4 model call(s) (20.2s in the model)
    wrote results/jurix_phase1/o2_cf_med_ttl/repaired/input.L3.facts.ttl (backup at results/jurix_phase1/o2_cf_med_ttl/repaired/backup/input.L3.facts.ttl)
  [domestic authorities] results/jurix_phase1/o2_cf_med_ttl/repaired/input.L4.facts.ttl: 1 finding(s) in; model proposed 3 group(s), 4 op(s), 0 merge(s)
    [domestic authorities] pass 1: applied 4 (of which 0 merge(s)), skipped 0, stub orphans swept 0 [5.5s, 5.5s in the model]
    [domestic authorities] pass 2: nothing left to flag - stopping
  [domestic proceedings] results/jurix_phase1/o2_cf_med_ttl/repaired/input.L4.facts.ttl: 0 finding(s) in; model proposed 0 group(s), 0 op(s), 0 merge(s)
    [domestic proceedings] pass 1: applied 0 (of which 0 merge(s)), skipped 0, stub orphans swept 0 [0.5s, 0.5s in the model]
    [domestic proceedings] pass 1: no operations applied - stopping
    RECOVERED 1 group(s), 1 op(s) from a stalled generation
  [persons and participation] results/jurix_phase1/o2_cf_med_ttl/repaired/input.L4.facts.ttl: 4 finding(s) in; model proposed 1 group(s), 1 op(s), 0 merge(s)
    [persons and participation] pass 1: applied 1 (of which 0 merge(s)), skipped 0, stub orphans swept 0 [6.2s, 6.2s in the model]
    [persons and participation] pass 1: 1 op(s) applied but findings did not fall (4 -> 4) - stopping
  [source quote fidelity] results/jurix_phase1/o2_cf_med_ttl/repaired/input.L4.facts.ttl: nothing flagged
    document total: 12.5s across 3 model call(s) (12.2s in the model)
    wrote results/jurix_phase1/o2_cf_med_ttl/repaired/input.L4.facts.ttl (backup at results/jurix_phase1/o2_cf_med_ttl/repaired/backup/input.L4.facts.ttl)
  [domestic authorities] results/jurix_phase1/o2_cf_med_ttl/repaired/input.L5.facts.ttl: nothing flagged
  [domestic proceedings] results/jurix_phase1/o2_cf_med_ttl/repaired/input.L5.facts.ttl: nothing flagged
  [persons and participation] results/jurix_phase1/o2_cf_med_ttl/repaired/input.L5.facts.ttl: 1 finding(s) in; model proposed 1 group(s), 5 op(s), 0 merge(s)
    [persons and participation] pass 1: applied 5 (of which 0 merge(s)), skipped 0, stub orphans swept 0 [7.3s, 7.3s in the model]
    [persons and participation] pass 2: nothing left to flag - stopping
  [source quote fidelity] results/jurix_phase1/o2_cf_med_ttl/repaired/input.L5.facts.ttl: 1 finding(s) in; model proposed 1 group(s), 2 op(s), 0 merge(s)
    [source quote fidelity] pass 1: applied 1 (of which 0 merge(s)), skipped 2, stub orphans swept 0 [3.2s, 3.2s in the model]
    SKIPPED [The quote 'the consideration of his appeals by the various bodies of the Bar had lasted for about three years' is a slight paraphrase of the source text.] remove doc:proceedingBarReview echr:hasSupportingQuote the consideration of his appeals by the various bodies of the Bar had lasted for about three years: applied (removed 1 quote(s) by index)
    SKIPPED [The quote 'the consideration of his appeals by the various bodies of the Bar had lasted for about three years' is a slight paraphrase of the source text.] add doc:proceedingBarReview echr:hasSupportingQuote the consideration of the applicant’s appeals by the various bodies of the Bar had lasted for about three years: skipped: quote does not appear verbatim in the source document
    [source quote fidelity] pass 2: nothing left to flag - stopping
    document total: 10.7s across 2 model call(s) (10.5s in the model)
    wrote results/jurix_phase1/o2_cf_med_ttl/repaired/input.L5.facts.ttl (backup at results/jurix_phase1/o2_cf_med_ttl/repaired/backup/input.L5.facts.ttl)
  [domestic authorities] results/jurix_phase1/o2_cf_med_ttl/repaired/input.L6.facts.ttl: nothing flagged
  [domestic proceedings] results/jurix_phase1/o2_cf_med_ttl/repaired/input.L6.facts.ttl: nothing flagged
  [persons and participation] results/jurix_phase1/o2_cf_med_ttl/repaired/input.L6.facts.ttl: 2 finding(s) in; model proposed 1 group(s), 40 op(s), 0 merge(s)
    [persons and participation] pass 1: applied 40 (of which 0 merge(s)), skipped 0, stub orphans swept 0 [41.1s, 41.1s in the model]
    [persons and participation] pass 2: nothing left to flag - stopping
  [source quote fidelity] results/jurix_phase1/o2_cf_med_ttl/repaired/input.L6.facts.ttl: nothing flagged
    document total: 41.4s across 1 model call(s) (41.1s in the model)
    wrote results/jurix_phase1/o2_cf_med_ttl/repaired/input.L6.facts.ttl (backup at results/jurix_phase1/o2_cf_med_ttl/repaired/backup/input.L6.facts.ttl)
  [domestic authorities] results/jurix_phase1/o2_cf_med_ttl/repaired/input.L7.facts.ttl: nothing flagged
  [domestic proceedings] results/jurix_phase1/o2_cf_med_ttl/repaired/input.L7.facts.ttl: nothing flagged
  [persons and participation] results/jurix_phase1/o2_cf_med_ttl/repaired/input.L7.facts.ttl: nothing flagged
  [source quote fidelity] results/jurix_phase1/o2_cf_med_ttl/repaired/input.L7.facts.ttl: 1 finding(s) in; model proposed 1 group(s), 3 op(s), 0 merge(s)
    [source quote fidelity] pass 1: applied 3 (of which 0 merge(s)), skipped 1, stub orphans swept 0 [4.5s, 4.5s in the model]
    SKIPPED [The quote for doc:detention_1 is a paraphrased summary using ellipses; it must be replaced with verbatim spans from the source text.] remove doc:detention_1 echr:hasSupportingQuote on 25 March 1999... the judge... decided to withdraw the applicant’s bail... he would be held in the hospital wing of Belmarsh prison: applied (removed 1 quote(s) by index)
    [source quote fidelity] pass 2: nothing left to flag - stopping
    document total: 4.7s across 1 model call(s) (4.5s in the model)
    wrote results/jurix_phase1/o2_cf_med_ttl/repaired/input.L7.facts.ttl (backup at results/jurix_phase1/o2_cf_med_ttl/repaired/backup/input.L7.facts.ttl)
  [domestic authorities] results/jurix_phase1/o2_cf_med_ttl/repaired/input.L8.facts.ttl: nothing flagged
  [domestic proceedings] results/jurix_phase1/o2_cf_med_ttl/repaired/input.L8.facts.ttl: nothing flagged
  [persons and participation] results/jurix_phase1/o2_cf_med_ttl/repaired/input.L8.facts.ttl: 2 finding(s) in; model proposed 5 group(s), 17 op(s), 0 merge(s)
    [persons and participation] pass 1: applied 17 (of which 0 merge(s)), skipped 0, stub orphans swept 0 [22.3s, 22.3s in the model]
    [persons and participation] pass 2: 1 finding(s) in; model proposed 0 group(s), 0 op(s), 0 merge(s)
    [persons and participation] pass 2: applied 0 (of which 0 merge(s)), skipped 0, stub orphans swept 0 [0.4s, 0.4s in the model]
    [persons and participation] pass 2: no operations applied - stopping
  [source quote fidelity] results/jurix_phase1/o2_cf_med_ttl/repaired/input.L8.facts.ttl: 1 finding(s) in; model proposed 1 group(s), 2 op(s), 0 merge(s)
    [source quote fidelity] pass 1: applied 2 (of which 0 merge(s)), skipped 1, stub orphans swept 0 [3.8s, 3.8s in the model]
    SKIPPED [The quote for doc:proceeding_3 is a slight paraphrase of the source text.] remove doc:proceeding_3 echr:hasSupportingQuote On 27 May 1998 (confirmed by the Supreme Court on 10 August 1998) the applicant was ordered by the Nizhniy Novgorod Court to pay damages to “Oka”: applied (removed 1 quote(s) by index)
    [source quote fidelity] pass 2: nothing left to flag - stopping
    document total: 26.8s across 3 model call(s) (26.5s in the model)
    wrote results/jurix_phase1/o2_cf_med_ttl/repaired/input.L8.facts.ttl (backup at results/jurix_phase1/o2_cf_med_ttl/repaired/backup/input.L8.facts.ttl)
  [domestic authorities] results/jurix_phase1/o2_cf_med_ttl/repaired/input.L9.facts.ttl: nothing flagged
  [domestic proceedings] results/jurix_phase1/o2_cf_med_ttl/repaired/input.L9.facts.ttl: 0 finding(s) in; model proposed 0 group(s), 0 op(s), 0 merge(s)
    [domestic proceedings] pass 1: applied 0 (of which 0 merge(s)), skipped 0, stub orphans swept 0 [0.5s, 0.5s in the model]
    [domestic proceedings] pass 1: no operations applied - stopping
  [persons and participation] results/jurix_phase1/o2_cf_med_ttl/repaired/input.L9.facts.ttl: nothing flagged
  [source quote fidelity] results/jurix_phase1/o2_cf_med_ttl/repaired/input.L9.facts.ttl: 1 finding(s) in; model proposed 1 group(s), 2 op(s), 0 merge(s)
    [source quote fidelity] pass 1: applied 1 (of which 0 merge(s)), skipped 2, stub orphans swept 0 [4.8s, 4.8s in the model]
    SKIPPED [The quote 'during the trial at the first – instance court' contains a non-standard dash character that does not match the source text exactly.] remove doc:participation_trial_1 echr:hasSupportingQuote during the trial at the first ‐ instance court: applied (removed 1 quote(s) by index)
    SKIPPED [The quote 'during the trial at the first – instance court' contains a non-standard dash character that does not match the source text exactly.] add doc:participation_trial_1 echr:hasSupportingQuote during the trial at the first – instance court: skipped: quote does not appear verbatim in the source document
    [source quote fidelity] pass 2: nothing left to flag - stopping
    document total: 5.4s across 2 model call(s) (5.3s in the model)
    wrote results/jurix_phase1/o2_cf_med_ttl/repaired/input.L9.facts.ttl (backup at results/jurix_phase1/o2_cf_med_ttl/repaired/backup/input.L9.facts.ttl)

  repair total: 272.5s over 10 document(s), 28 model call(s) (269.5s in the model, 3.0s deterministic)
    authorities      3 call(s)     26.8s  (26.6s in the model)
    proceedings      6 call(s)     17.6s  (17.6s in the model)
    persons         11 call(s)    167.5s  (167.5s in the model)
    quotes           8 call(s)     58.0s  (57.8s in the model)
