repairing 10 file(s) under results/experiment_cfcmp_20260819_165630/cf3k
  model: gemma-4-31b @ http://localhost:8000/v1 (temperature 1.0, timeout 180.0s)
  results/experiment_cfcmp_20260819_165630/cf3k/input.L1.facts.ttl: model proposed 0 group(s), 0 op(s), 0 merge(s)
    applied 0 (of which 0 merge(s)), skipped 0, stub orphans swept 0
    wrote results/experiment_cfcmp_20260819_165630/cf3k/input.L1.facts.ttl (backup at results/experiment_cfcmp_20260819_165630/cf3k/backup/input.L1.facts.ttl)
  results/experiment_cfcmp_20260819_165630/cf3k/input.L10.facts.ttl: model proposed 0 group(s), 0 op(s), 3 merge(s)
    applied 4 (of which 3 merge(s)), skipped 0, stub orphans swept 5
    wrote results/experiment_cfcmp_20260819_165630/cf3k/input.L10.facts.ttl (backup at results/experiment_cfcmp_20260819_165630/cf3k/backup/input.L10.facts.ttl)
  results/experiment_cfcmp_20260819_165630/cf3k/input.L2.facts.ttl: model proposed 0 group(s), 0 op(s), 0 merge(s)
    applied 1 (of which 0 merge(s)), skipped 0, stub orphans swept 5
    wrote results/experiment_cfcmp_20260819_165630/cf3k/input.L2.facts.ttl (backup at results/experiment_cfcmp_20260819_165630/cf3k/backup/input.L2.facts.ttl)
  results/experiment_cfcmp_20260819_165630/cf3k/input.L3.facts.ttl: model proposed 0 group(s), 0 op(s), 0 merge(s)
    applied 0 (of which 0 merge(s)), skipped 0, stub orphans swept 0
    wrote results/experiment_cfcmp_20260819_165630/cf3k/input.L3.facts.ttl (backup at results/experiment_cfcmp_20260819_165630/cf3k/backup/input.L3.facts.ttl)
  clean results/experiment_cfcmp_20260819_165630/cf3k/input.L4.facts.ttl: nothing flagged
  results/experiment_cfcmp_20260819_165630/cf3k/input.L5.facts.ttl: model proposed 0 group(s), 0 op(s), 0 merge(s)
    applied 0 (of which 0 merge(s)), skipped 0, stub orphans swept 0
    wrote results/experiment_cfcmp_20260819_165630/cf3k/input.L5.facts.ttl (backup at results/experiment_cfcmp_20260819_165630/cf3k/backup/input.L5.facts.ttl)
  results/experiment_cfcmp_20260819_165630/cf3k/input.L6.facts.ttl: model proposed 0 group(s), 0 op(s), 0 merge(s)
    applied 0 (of which 0 merge(s)), skipped 0, stub orphans swept 0
    wrote results/experiment_cfcmp_20260819_165630/cf3k/input.L6.facts.ttl (backup at results/experiment_cfcmp_20260819_165630/cf3k/backup/input.L6.facts.ttl)
  results/experiment_cfcmp_20260819_165630/cf3k/input.L7.facts.ttl: model proposed 0 group(s), 0 op(s), 0 merge(s)
    applied 0 (of which 0 merge(s)), skipped 0, stub orphans swept 0
    wrote results/experiment_cfcmp_20260819_165630/cf3k/input.L7.facts.ttl (backup at results/experiment_cfcmp_20260819_165630/cf3k/backup/input.L7.facts.ttl)
  results/experiment_cfcmp_20260819_165630/cf3k/input.L8.facts.ttl: model proposed 0 group(s), 0 op(s), 5 merge(s)
    applied 5 (of which 5 merge(s)), skipped 0, stub orphans swept 0
    wrote results/experiment_cfcmp_20260819_165630/cf3k/input.L8.facts.ttl (backup at results/experiment_cfcmp_20260819_165630/cf3k/backup/input.L8.facts.ttl)
  results/experiment_cfcmp_20260819_165630/cf3k/input.L9.facts.ttl: model proposed 0 group(s), 0 op(s), 0 merge(s)
    applied 0 (of which 0 merge(s)), skipped 0, stub orphans swept 0
    wrote results/experiment_cfcmp_20260819_165630/cf3k/input.L9.facts.ttl (backup at results/experiment_cfcmp_20260819_165630/cf3k/backup/input.L9.facts.ttl)
