repairing 10 file(s) under results/experiment_arms_20260823_223700/nochunk_ttl_mv1/repaired_reorder
  model: gemma-4-31b @ http://localhost:8000/v1 (temperature 0.4, timeout 300.0s)
  source text: not found - the quote-fidelity stage will be skipped
  [domestic authorities] results/experiment_arms_20260823_223700/nochunk_ttl_mv1/repaired_reorder/input.L1.facts.ttl: 3 finding(s) in; model proposed 1 group(s), 7 op(s), 0 merge(s)
    [domestic authorities] pass 1: applied 6 (of which 0 merge(s)), skipped 1, stub orphans swept 0 [98.3s, 92.1s in the model]
    SKIPPED [a node with more than one rdfs:label is asserting that two distinct entities are the same one -- split it instead of labelling it twice] remove doc:mayorRila rdfs:label "Ruse Municipal Council": skipped: triple not present
    [domestic authorities] pass 2: 2 finding(s) in; model proposed 2 group(s), 2 op(s), 0 merge(s)
    [domestic authorities] pass 2: applied 1 (of which 0 merge(s)), skipped 1, stub orphans swept 0 [3.7s, 3.7s in the model]
    SKIPPED [a node with more than one rdfs:label is asserting that two distinct entities are the same one -- split it instead of labelling it twice] remove doc:mayorRila rdfs:label "Ruse Municipal Council": skipped: triple not present
  [domestic proceedings] results/experiment_arms_20260823_223700/nochunk_ttl_mv1/repaired_reorder/input.L1.facts.ttl: nothing flagged
  [persons and participation] results/experiment_arms_20260823_223700/nochunk_ttl_mv1/repaired_reorder/input.L1.facts.ttl: 1 finding(s) in; model proposed 0 group(s), 0 op(s), 0 merge(s)
    [persons and participation] pass 1: applied 0 (of which 0 merge(s)), skipped 0, stub orphans swept 0 [0.4s, 0.4s in the model]
    [persons and participation] pass 1: no operations applied - stopping
  [source quote fidelity] results/experiment_arms_20260823_223700/nochunk_ttl_mv1/repaired_reorder/input.L1.facts.ttl: skipped, no source text available (pass --input-jsonl)
    document total: 115.6s across 3 model call(s) (96.2s in the model)
    wrote results/experiment_arms_20260823_223700/nochunk_ttl_mv1/repaired_reorder/input.L1.facts.ttl (backup at results/experiment_arms_20260823_223700/nochunk_ttl_mv1/repaired_reorder/backup/input.L1.facts.ttl)
  [domestic authorities] results/experiment_arms_20260823_223700/nochunk_ttl_mv1/repaired_reorder/input.L10.facts.ttl: 1 finding(s) in; model proposed 1 group(s), 1 op(s), 0 merge(s)
    [domestic authorities] pass 1: applied 1 (of which 0 merge(s)), skipped 0, stub orphans swept 0 [11.5s, 2.1s in the model]
    [domestic authorities] pass 2: nothing left to flag - stopping
  [domestic proceedings] results/experiment_arms_20260823_223700/nochunk_ttl_mv1/repaired_reorder/input.L10.facts.ttl: nothing flagged
  [persons and participation] results/experiment_arms_20260823_223700/nochunk_ttl_mv1/repaired_reorder/input.L10.facts.ttl: 1 finding(s) in; model proposed 1 group(s), 1 op(s), 0 merge(s)
    [persons and participation] pass 1: applied 1 (of which 0 merge(s)), skipped 0, stub orphans swept 0 [1.8s, 1.8s in the model]
    [persons and participation] pass 2: 0 finding(s) in; model proposed 0 group(s), 0 op(s), 0 merge(s)
    [persons and participation] pass 2: applied 0 (of which 0 merge(s)), skipped 0, stub orphans swept 0 [0.3s, 0.3s in the model]
    [persons and participation] pass 2: no operations applied - stopping
  [source quote fidelity] results/experiment_arms_20260823_223700/nochunk_ttl_mv1/repaired_reorder/input.L10.facts.ttl: skipped, no source text available (pass --input-jsonl)
    document total: 32.7s across 3 model call(s) (4.2s in the model)
    wrote results/experiment_arms_20260823_223700/nochunk_ttl_mv1/repaired_reorder/input.L10.facts.ttl (backup at results/experiment_arms_20260823_223700/nochunk_ttl_mv1/repaired_reorder/backup/input.L10.facts.ttl)
  [domestic authorities] results/experiment_arms_20260823_223700/nochunk_ttl_mv1/repaired_reorder/input.L2.facts.ttl: nothing flagged
  [domestic proceedings] results/experiment_arms_20260823_223700/nochunk_ttl_mv1/repaired_reorder/input.L2.facts.ttl: nothing flagged
  [persons and participation] results/experiment_arms_20260823_223700/nochunk_ttl_mv1/repaired_reorder/input.L2.facts.ttl: nothing flagged
  [source quote fidelity] results/experiment_arms_20260823_223700/nochunk_ttl_mv1/repaired_reorder/input.L2.facts.ttl: skipped, no source text available (pass --input-jsonl)
    document total: 3.7s across 0 model call(s) (0s in the model)
    no net change across all stages; leaving the file untouched
  [domestic authorities] results/experiment_arms_20260823_223700/nochunk_ttl_mv1/repaired_reorder/input.L3.facts.ttl: nothing flagged
  [domestic proceedings] results/experiment_arms_20260823_223700/nochunk_ttl_mv1/repaired_reorder/input.L3.facts.ttl: 0 finding(s) in; model proposed 0 group(s), 0 op(s), 0 merge(s)
    [domestic proceedings] pass 1: applied 0 (of which 0 merge(s)), skipped 0, stub orphans swept 0 [0.6s, 0.5s in the model]
    [domestic proceedings] pass 1: no operations applied - stopping
  [persons and participation] results/experiment_arms_20260823_223700/nochunk_ttl_mv1/repaired_reorder/input.L3.facts.ttl: nothing flagged
  [source quote fidelity] results/experiment_arms_20260823_223700/nochunk_ttl_mv1/repaired_reorder/input.L3.facts.ttl: skipped, no source text available (pass --input-jsonl)
    document total: 7.3s across 1 model call(s) (0.5s in the model)
    no net change across all stages; leaving the file untouched
  [domestic authorities] results/experiment_arms_20260823_223700/nochunk_ttl_mv1/repaired_reorder/input.L4.facts.ttl: nothing flagged
  [domestic proceedings] results/experiment_arms_20260823_223700/nochunk_ttl_mv1/repaired_reorder/input.L4.facts.ttl: nothing flagged
  [persons and participation] results/experiment_arms_20260823_223700/nochunk_ttl_mv1/repaired_reorder/input.L4.facts.ttl: nothing flagged
  [source quote fidelity] results/experiment_arms_20260823_223700/nochunk_ttl_mv1/repaired_reorder/input.L4.facts.ttl: skipped, no source text available (pass --input-jsonl)
    document total: 5.9s across 0 model call(s) (0s in the model)
    no net change across all stages; leaving the file untouched
  [domestic authorities] results/experiment_arms_20260823_223700/nochunk_ttl_mv1/repaired_reorder/input.L5.facts.ttl: nothing flagged
  [domestic proceedings] results/experiment_arms_20260823_223700/nochunk_ttl_mv1/repaired_reorder/input.L5.facts.ttl: nothing flagged
  [persons and participation] results/experiment_arms_20260823_223700/nochunk_ttl_mv1/repaired_reorder/input.L5.facts.ttl: nothing flagged
  [source quote fidelity] results/experiment_arms_20260823_223700/nochunk_ttl_mv1/repaired_reorder/input.L5.facts.ttl: skipped, no source text available (pass --input-jsonl)
    document total: 7.1s across 0 model call(s) (0s in the model)
    no net change across all stages; leaving the file untouched
  [domestic authorities] results/experiment_arms_20260823_223700/nochunk_ttl_mv1/repaired_reorder/input.L6.facts.ttl: nothing flagged
  [domestic proceedings] results/experiment_arms_20260823_223700/nochunk_ttl_mv1/repaired_reorder/input.L6.facts.ttl: nothing flagged
  [persons and participation] results/experiment_arms_20260823_223700/nochunk_ttl_mv1/repaired_reorder/input.L6.facts.ttl: nothing flagged
  [source quote fidelity] results/experiment_arms_20260823_223700/nochunk_ttl_mv1/repaired_reorder/input.L6.facts.ttl: skipped, no source text available (pass --input-jsonl)
    document total: 5.6s across 0 model call(s) (0s in the model)
    no net change across all stages; leaving the file untouched
  [domestic authorities] results/experiment_arms_20260823_223700/nochunk_ttl_mv1/repaired_reorder/input.L7.facts.ttl: 2 finding(s) in; model proposed 2 group(s), 14 op(s), 0 merge(s)
    [domestic authorities] pass 1: applied 11 (of which 0 merge(s)), skipped 3, stub orphans swept 0 [19.2s, 15.4s in the model]
    SKIPPED [a node with more than one rdfs:label is asserting that two distinct entities are the same one -- split it instead of labelling it twice] remove doc:courtPotts rdfs:label "Court of Appeal": skipped: triple not present
    SKIPPED [a node with more than one rdfs:label is asserting that two distinct entities are the same one -- split it instead of labelling it twice] remove doc:courtPotts rdfs:label "High Court of the United Kingdom": skipped: triple not present
    SKIPPED [a node with more than one rdfs:label is asserting that two distinct entities are the same one -- split it instead of labelling it twice] remove doc:courtPotts rdfs:label "House of Lords": skipped: triple not present
    [domestic authorities] pass 2: 1 finding(s) in; model proposed 1 group(s), 3 op(s), 0 merge(s)
    [domestic authorities] pass 2: applied 0 (of which 0 merge(s)), skipped 3, stub orphans swept 0 [5.1s, 5.1s in the model]
    SKIPPED [a node with more than one rdfs:label is asserting that two distinct entities are the same one -- split it instead of labelling it twice] remove doc:courtPotts rdfs:label "Court of Appeal": skipped: triple not present
    SKIPPED [a node with more than one rdfs:label is asserting that two distinct entities are the same one -- split it instead of labelling it twice] remove doc:courtPotts rdfs:label "High Court of the United Kingdom": skipped: triple not present
    SKIPPED [a node with more than one rdfs:label is asserting that two distinct entities are the same one -- split it instead of labelling it twice] remove doc:courtPotts rdfs:label "House of Lords": skipped: triple not present
    [domestic authorities] pass 2: no operations applied - stopping
  [domestic proceedings] results/experiment_arms_20260823_223700/nochunk_ttl_mv1/repaired_reorder/input.L7.facts.ttl: 1 finding(s) in; model proposed 0 group(s), 0 op(s), 0 merge(s)
    [domestic proceedings] pass 1: applied 0 (of which 0 merge(s)), skipped 0, stub orphans swept 0 [0.4s, 0.4s in the model]
    [domestic proceedings] pass 1: no operations applied - stopping
  [persons and participation] results/experiment_arms_20260823_223700/nochunk_ttl_mv1/repaired_reorder/input.L7.facts.ttl: nothing flagged
  [source quote fidelity] results/experiment_arms_20260823_223700/nochunk_ttl_mv1/repaired_reorder/input.L7.facts.ttl: skipped, no source text available (pass --input-jsonl)
    document total: 29.2s across 3 model call(s) (20.9s in the model)
    wrote results/experiment_arms_20260823_223700/nochunk_ttl_mv1/repaired_reorder/input.L7.facts.ttl (backup at results/experiment_arms_20260823_223700/nochunk_ttl_mv1/repaired_reorder/backup/input.L7.facts.ttl)
  [domestic authorities] results/experiment_arms_20260823_223700/nochunk_ttl_mv1/repaired_reorder/input.L8.facts.ttl: nothing flagged
  [domestic proceedings] results/experiment_arms_20260823_223700/nochunk_ttl_mv1/repaired_reorder/input.L8.facts.ttl: nothing flagged
  [persons and participation] results/experiment_arms_20260823_223700/nochunk_ttl_mv1/repaired_reorder/input.L8.facts.ttl: 0 finding(s) in; model proposed 0 group(s), 0 op(s), 0 merge(s)
    [persons and participation] pass 1: applied 0 (of which 0 merge(s)), skipped 0, stub orphans swept 0 [0.4s, 0.4s in the model]
    [persons and participation] pass 1: no operations applied - stopping
  [source quote fidelity] results/experiment_arms_20260823_223700/nochunk_ttl_mv1/repaired_reorder/input.L8.facts.ttl: skipped, no source text available (pass --input-jsonl)
    document total: 6.6s across 1 model call(s) (0.4s in the model)
    no net change across all stages; leaving the file untouched
  [domestic authorities] results/experiment_arms_20260823_223700/nochunk_ttl_mv1/repaired_reorder/input.L9.facts.ttl: nothing flagged
  [domestic proceedings] results/experiment_arms_20260823_223700/nochunk_ttl_mv1/repaired_reorder/input.L9.facts.ttl: nothing flagged
  [persons and participation] results/experiment_arms_20260823_223700/nochunk_ttl_mv1/repaired_reorder/input.L9.facts.ttl: nothing flagged
  [source quote fidelity] results/experiment_arms_20260823_223700/nochunk_ttl_mv1/repaired_reorder/input.L9.facts.ttl: skipped, no source text available (pass --input-jsonl)
    document total: 5.4s across 0 model call(s) (0s in the model)
    no net change across all stages; leaving the file untouched

  repair total: 219.1s over 10 document(s), 11 model call(s) (122.2s in the model, 96.9s deterministic)
    authorities      5 call(s)    137.8s  (118.4s in the model)
    persons          4 call(s)      2.9s  (2.9s in the model)
    proceedings      2 call(s)      1.0s  (0.9s in the model)
