repairing 10 file(s) under results/experiment_arms_20260823_223700/nochunk_ttl_mv1/repaired_v2
  model: gemma-4-31b @ http://localhost:8000/v1 (temperature 0.4, timeout 300.0s)
  source text: results/experiment_arms_20260823_223700/nochunk_ttl_mv1/input.jsonl (quote stage enabled)
    [domestic authorities] FAILED: RepairTruncated: generation hit the 8000-token output cap without closing the patch -- raise --max-tokens for this document
    continuing to the next stage; earlier stages' work is kept
  [domestic proceedings] results/experiment_arms_20260823_223700/nochunk_ttl_mv1/repaired_v2/input.L1.facts.ttl: 0 finding(s) in; model proposed 0 group(s), 0 op(s), 0 merge(s)
    [domestic proceedings] pass 1: applied 0 (of which 0 merge(s)), skipped 0, stub orphans swept 0 [0.5s, 0.4s in the model]
    [domestic proceedings] pass 1: no operations applied - stopping
  [persons and participation] results/experiment_arms_20260823_223700/nochunk_ttl_mv1/repaired_v2/input.L1.facts.ttl: 3 finding(s) in; model proposed 0 group(s), 0 op(s), 0 merge(s)
    [persons and participation] pass 1: applied 0 (of which 0 merge(s)), skipped 0, stub orphans swept 0 [0.4s, 0.4s in the model]
    [persons and participation] pass 1: no operations applied - stopping
  [source quote fidelity] results/experiment_arms_20260823_223700/nochunk_ttl_mv1/repaired_v2/input.L1.facts.ttl: nothing flagged
    document total: 172.3s across 3 model call(s) (172.2s in the model)
    no net change across all stages; leaving the file untouched
  [domestic authorities] results/experiment_arms_20260823_223700/nochunk_ttl_mv1/repaired_v2/input.L10.facts.ttl: 1 finding(s) in; model proposed 1 group(s), 1 op(s), 0 merge(s)
    [domestic authorities] pass 1: applied 1 (of which 0 merge(s)), skipped 0, stub orphans swept 0 [2.0s, 2.0s in the model]
    [domestic authorities] pass 2: nothing left to flag - stopping
    [domestic proceedings] FAILED: RepairTruncated: generation hit the 8000-token output cap without closing the patch -- raise --max-tokens for this document
    continuing to the next stage; earlier stages' work is kept
  [persons and participation] results/experiment_arms_20260823_223700/nochunk_ttl_mv1/repaired_v2/input.L10.facts.ttl: 1 finding(s) in; model proposed 0 group(s), 0 op(s), 0 merge(s)
    [persons and participation] pass 1: applied 0 (of which 0 merge(s)), skipped 0, stub orphans swept 0 [0.4s, 0.4s in the model]
    [persons and participation] pass 1: no operations applied - stopping
    [source quote fidelity] FAILED: RepairTruncated: generation hit the 8000-token output cap without closing the patch -- raise --max-tokens for this document
    continuing to the next stage; earlier stages' work is kept
    document total: 349.0s across 4 model call(s) (348.9s in the model)
    wrote results/experiment_arms_20260823_223700/nochunk_ttl_mv1/repaired_v2/input.L10.facts.ttl (backup at results/experiment_arms_20260823_223700/nochunk_ttl_mv1/repaired_v2/backup/input.L10.facts.ttl)
  [domestic authorities] results/experiment_arms_20260823_223700/nochunk_ttl_mv1/repaired_v2/input.L2.facts.ttl: nothing flagged
  [domestic proceedings] results/experiment_arms_20260823_223700/nochunk_ttl_mv1/repaired_v2/input.L2.facts.ttl: nothing flagged
  [persons and participation] results/experiment_arms_20260823_223700/nochunk_ttl_mv1/repaired_v2/input.L2.facts.ttl: nothing flagged
  [source quote fidelity] results/experiment_arms_20260823_223700/nochunk_ttl_mv1/repaired_v2/input.L2.facts.ttl: nothing flagged
    document total: 0.1s across 0 model call(s) (0s in the model)
    no net change across all stages; leaving the file untouched
  [domestic authorities] results/experiment_arms_20260823_223700/nochunk_ttl_mv1/repaired_v2/input.L3.facts.ttl: nothing flagged
  [domestic proceedings] results/experiment_arms_20260823_223700/nochunk_ttl_mv1/repaired_v2/input.L3.facts.ttl: 0 finding(s) in; model proposed 0 group(s), 0 op(s), 0 merge(s)
    [domestic proceedings] pass 1: applied 0 (of which 0 merge(s)), skipped 0, stub orphans swept 0 [0.5s, 0.5s in the model]
    [domestic proceedings] pass 1: no operations applied - stopping
  [persons and participation] results/experiment_arms_20260823_223700/nochunk_ttl_mv1/repaired_v2/input.L3.facts.ttl: nothing flagged
    [source quote fidelity] FAILED: RepairTruncated: generation hit the 8000-token output cap without closing the patch -- raise --max-tokens for this document
    continuing to the next stage; earlier stages' work is kept
    document total: 173.6s across 2 model call(s) (173.5s in the model)
    no net change across all stages; leaving the file untouched
  [domestic authorities] results/experiment_arms_20260823_223700/nochunk_ttl_mv1/repaired_v2/input.L4.facts.ttl: nothing flagged
  [domestic proceedings] results/experiment_arms_20260823_223700/nochunk_ttl_mv1/repaired_v2/input.L4.facts.ttl: nothing flagged
  [persons and participation] results/experiment_arms_20260823_223700/nochunk_ttl_mv1/repaired_v2/input.L4.facts.ttl: nothing flagged
  [source quote fidelity] results/experiment_arms_20260823_223700/nochunk_ttl_mv1/repaired_v2/input.L4.facts.ttl: nothing flagged
    document total: 0.2s across 0 model call(s) (0s in the model)
    no net change across all stages; leaving the file untouched
  [domestic authorities] results/experiment_arms_20260823_223700/nochunk_ttl_mv1/repaired_v2/input.L5.facts.ttl: nothing flagged
  [domestic proceedings] results/experiment_arms_20260823_223700/nochunk_ttl_mv1/repaired_v2/input.L5.facts.ttl: nothing flagged
  [persons and participation] results/experiment_arms_20260823_223700/nochunk_ttl_mv1/repaired_v2/input.L5.facts.ttl: nothing flagged
  [source quote fidelity] results/experiment_arms_20260823_223700/nochunk_ttl_mv1/repaired_v2/input.L5.facts.ttl: nothing flagged
    document total: 0.1s across 0 model call(s) (0s in the model)
    no net change across all stages; leaving the file untouched
  [domestic authorities] results/experiment_arms_20260823_223700/nochunk_ttl_mv1/repaired_v2/input.L6.facts.ttl: nothing flagged
  [domestic proceedings] results/experiment_arms_20260823_223700/nochunk_ttl_mv1/repaired_v2/input.L6.facts.ttl: nothing flagged
  [persons and participation] results/experiment_arms_20260823_223700/nochunk_ttl_mv1/repaired_v2/input.L6.facts.ttl: nothing flagged
  [source quote fidelity] results/experiment_arms_20260823_223700/nochunk_ttl_mv1/repaired_v2/input.L6.facts.ttl: nothing flagged
    document total: 0.1s across 0 model call(s) (0s in the model)
    no net change across all stages; leaving the file untouched
  [domestic authorities] results/experiment_arms_20260823_223700/nochunk_ttl_mv1/repaired_v2/input.L7.facts.ttl: 2 finding(s) in; model proposed 2 group(s), 4 op(s), 0 merge(s)
    [domestic authorities] pass 1: applied 1 (of which 0 merge(s)), skipped 3, stub orphans swept 0 [5.1s, 5.1s in the model]
    SKIPPED [a node with more than one rdfs:label is asserting that two distinct entities are the same one -- split it instead of labelling it twice] remove doc:courtPotts rdfs:label "Court of Appeal": skipped: triple not present
    SKIPPED [a node with more than one rdfs:label is asserting that two distinct entities are the same one -- split it instead of labelling it twice] remove doc:courtPotts rdfs:label "High Court of the United Kingdom": skipped: triple not present
    SKIPPED [a node with more than one rdfs:label is asserting that two distinct entities are the same one -- split it instead of labelling it twice] remove doc:courtPotts rdfs:label "House of Lords": skipped: triple not present
    [domestic authorities] pass 2: 1 finding(s) in; model proposed 1 group(s), 3 op(s), 0 merge(s)
    [domestic authorities] pass 2: applied 0 (of which 0 merge(s)), skipped 3, stub orphans swept 0 [3.8s, 3.8s in the model]
    SKIPPED [a node with more than one rdfs:label is asserting that two distinct entities are the same one -- split it instead of labelling it twice] remove doc:courtPotts rdfs:label "House of Lords": skipped: triple not present
    SKIPPED [a node with more than one rdfs:label is asserting that two distinct entities are the same one -- split it instead of labelling it twice] remove doc:courtPotts rdfs:label "Court of Appeal": skipped: triple not present
    SKIPPED [a node with more than one rdfs:label is asserting that two distinct entities are the same one -- split it instead of labelling it twice] remove doc:courtPotts rdfs:label "High Court of the United Kingdom": skipped: triple not present
    [domestic authorities] pass 2: no operations applied - stopping
  [domestic proceedings] results/experiment_arms_20260823_223700/nochunk_ttl_mv1/repaired_v2/input.L7.facts.ttl: 1 finding(s) in; model proposed 0 group(s), 0 op(s), 0 merge(s)
    [domestic proceedings] pass 1: applied 0 (of which 0 merge(s)), skipped 0, stub orphans swept 0 [0.4s, 0.4s in the model]
    [domestic proceedings] pass 1: no operations applied - stopping
  [persons and participation] results/experiment_arms_20260823_223700/nochunk_ttl_mv1/repaired_v2/input.L7.facts.ttl: nothing flagged
  [source quote fidelity] results/experiment_arms_20260823_223700/nochunk_ttl_mv1/repaired_v2/input.L7.facts.ttl: nothing flagged
    document total: 9.5s across 3 model call(s) (9.3s in the model)
    wrote results/experiment_arms_20260823_223700/nochunk_ttl_mv1/repaired_v2/input.L7.facts.ttl (backup at results/experiment_arms_20260823_223700/nochunk_ttl_mv1/repaired_v2/backup/input.L7.facts.ttl)
  [domestic authorities] results/experiment_arms_20260823_223700/nochunk_ttl_mv1/repaired_v2/input.L8.facts.ttl: nothing flagged
  [domestic proceedings] results/experiment_arms_20260823_223700/nochunk_ttl_mv1/repaired_v2/input.L8.facts.ttl: nothing flagged
  [persons and participation] results/experiment_arms_20260823_223700/nochunk_ttl_mv1/repaired_v2/input.L8.facts.ttl: 0 finding(s) in; model proposed 0 group(s), 0 op(s), 0 merge(s)
    [persons and participation] pass 1: applied 0 (of which 0 merge(s)), skipped 0, stub orphans swept 0 [0.4s, 0.4s in the model]
    [persons and participation] pass 1: no operations applied - stopping
    [source quote fidelity] FAILED: RepairTruncated: generation hit the 8000-token output cap without closing the patch -- raise --max-tokens for this document
    continuing to the next stage; earlier stages' work is kept
    document total: 172.7s across 2 model call(s) (172.6s in the model)
    no net change across all stages; leaving the file untouched
  [domestic authorities] results/experiment_arms_20260823_223700/nochunk_ttl_mv1/repaired_v2/input.L9.facts.ttl: nothing flagged
  [domestic proceedings] results/experiment_arms_20260823_223700/nochunk_ttl_mv1/repaired_v2/input.L9.facts.ttl: nothing flagged
  [persons and participation] results/experiment_arms_20260823_223700/nochunk_ttl_mv1/repaired_v2/input.L9.facts.ttl: nothing flagged
  [source quote fidelity] results/experiment_arms_20260823_223700/nochunk_ttl_mv1/repaired_v2/input.L9.facts.ttl: nothing flagged
    document total: 0.1s across 0 model call(s) (0s in the model)
    no net change across all stages; leaving the file untouched
  4/10 document(s) lost at least one stage but kept the others:
    results/experiment_arms_20260823_223700/nochunk_ttl_mv1/repaired_v2/input.L1.facts.ttl  [authorities] RepairTruncated
    results/experiment_arms_20260823_223700/nochunk_ttl_mv1/repaired_v2/input.L10.facts.ttl  [proceedings] RepairTruncated
    results/experiment_arms_20260823_223700/nochunk_ttl_mv1/repaired_v2/input.L10.facts.ttl  [quotes] RepairTruncated
    results/experiment_arms_20260823_223700/nochunk_ttl_mv1/repaired_v2/input.L3.facts.ttl  [quotes] RepairTruncated
    results/experiment_arms_20260823_223700/nochunk_ttl_mv1/repaired_v2/input.L8.facts.ttl  [quotes] RepairTruncated
  4 document/stage(s) hit the 8000-token output cap mid-patch -- re-run these with a higher --max-tokens:
    results/experiment_arms_20260823_223700/nochunk_ttl_mv1/repaired_v2/input.L1.facts.ttl
    results/experiment_arms_20260823_223700/nochunk_ttl_mv1/repaired_v2/input.L10.facts.ttl
    results/experiment_arms_20260823_223700/nochunk_ttl_mv1/repaired_v2/input.L3.facts.ttl
    results/experiment_arms_20260823_223700/nochunk_ttl_mv1/repaired_v2/input.L8.facts.ttl

  repair total: 877.6s over 10 document(s), 14 model call(s) (876.5s in the model, 1.1s deterministic)
    authorities      4 call(s)    182.3s  (182.3s in the model)
    proceedings      4 call(s)    174.0s  (173.9s in the model)
    persons          3 call(s)      1.2s  (1.2s in the model)
    quotes           3 call(s)    519.1s  (519.1s in the model)
