repairing 10 file(s) under results/experiment_arms_20260823_223700/nochunk_ttl_mv1/repaired_v3
  model: gemma-4-31b @ http://localhost:8000/v1 (temperature 0.4, timeout 300.0s)
  source text: results/experiment_arms_20260823_223700/nochunk_ttl_mv1/input.jsonl (quote stage enabled)
  [domestic authorities] results/experiment_arms_20260823_223700/nochunk_ttl_mv1/repaired_v3/input.L1.facts.ttl: 3 finding(s) in; model proposed 3 group(s), 8 op(s), 0 merge(s)
    [domestic authorities] pass 1: applied 7 (of which 0 merge(s)), skipped 1, stub orphans swept 0 [8.9s, 8.8s in the model]
    SKIPPED [a node with more than one rdfs:label is asserting that two distinct entities are the same one -- split it instead of labelling it twice] remove doc:mayorRila rdfs:label "Ruse Municipal Council": skipped: triple not present
    [domestic authorities] pass 2: 1 finding(s) in; model proposed 1 group(s), 1 op(s), 0 merge(s)
    [domestic authorities] pass 2: applied 0 (of which 0 merge(s)), skipped 1, stub orphans swept 0 [2.3s, 2.3s in the model]
    SKIPPED [The node doc:mayorRila has two labels: "Mayor of Rila" and "Ruse Municipal Council". These are clearly distinct administrative authorities. Since the node's other properties (name, kind) align with the Mayor of Rila, the Ruse Municipal Council label must be removed. A separate node for the Ruse Municipal Council already exists (doc:ruse_municipal_council).] remove doc:mayorRila rdfs:label "Ruse Municipal Council": skipped: triple not present
    [domestic authorities] pass 2: no operations applied - stopping
    [domestic proceedings] FAILED: RepairTruncated: generation hit the 8000-token output cap without closing the patch -- raise --max-tokens for this document
    continuing to the next stage; earlier stages' work is kept
  [persons and participation] results/experiment_arms_20260823_223700/nochunk_ttl_mv1/repaired_v3/input.L1.facts.ttl: 1 finding(s) in; model proposed 2 group(s), 2 op(s), 0 merge(s)
    [persons and participation] pass 1: applied 2 (of which 0 merge(s)), skipped 0, stub orphans swept 0 [3.5s, 3.5s in the model]
    [persons and participation] pass 1: 2 op(s) applied but findings did not fall (1 -> 1) - stopping
  [source quote fidelity] results/experiment_arms_20260823_223700/nochunk_ttl_mv1/repaired_v3/input.L1.facts.ttl: nothing flagged
    document total: 190.2s across 4 model call(s) (190.0s in the model)
    wrote results/experiment_arms_20260823_223700/nochunk_ttl_mv1/repaired_v3/input.L1.facts.ttl (backup at results/experiment_arms_20260823_223700/nochunk_ttl_mv1/repaired_v3/backup/input.L1.facts.ttl)
  [domestic authorities] results/experiment_arms_20260823_223700/nochunk_ttl_mv1/repaired_v3/input.L10.facts.ttl: 1 finding(s) in; model proposed 1 group(s), 2 op(s), 0 merge(s)
    [domestic authorities] pass 1: applied 1 (of which 0 merge(s)), skipped 1, stub orphans swept 0 [3.3s, 3.3s in the model]
    SKIPPED [The node doc:belgianState is typed as a DomesticAuthority (implied by its presence in the entities list for this stage) but lacks an echr:hasAuthorityName. However, looking at its properties, it has echr:hasPartyName "Belgian State". The Belgian State is a party to the proceedings (the respondent State), not a deciding domestic authority (court, prosecutor, or administrative body). It should not be in the graph as a DomesticAuthority.] remove doc:belgianState echr:hasPartyName "Belgian State": skipped: triple not present
    [domestic authorities] pass 2: nothing left to flag - stopping
  [domestic proceedings] results/experiment_arms_20260823_223700/nochunk_ttl_mv1/repaired_v3/input.L10.facts.ttl: 0 finding(s) in; model proposed 19 group(s), 19 op(s), 0 merge(s)
    [domestic proceedings] pass 1: applied 0 (of which 0 merge(s)), skipped 19, stub orphans swept 0 [23.6s, 23.6s in the model]
    SKIPPED [doc:proceedingAppealFinalEnforcement is missing echr:hasCourt] add doc:proceedingAppealFinalEnforcement echr:hasCourt doc:courtAppealBrussels: skipped: quote_index 0 does not name a listed unverified quote
    SKIPPED [doc:proceedingAppealPointsLawEnforcement is missing echr:hasCourt] add doc:proceedingAppealPointsLawEnforcement echr:hasCourt doc:conseilEtat: skipped: quote_index 0 does not name a listed unverified quote
    SKIPPED [doc:proceedingAppealStayDutch is missing echr:hasCourt] add doc:proceedingAppealStayDutch echr:hasCourt doc:courtAppealBrussels: skipped: quote_index 0 does not name a listed unverified quote
    SKIPPED [doc:proceedingCassationStayState is missing echr:hasCourt] add doc:proceedingCassationStayState echr:hasCourt doc:conseilEtat: skipped: quote_index 0 does not name a listed unverified quote
    SKIPPED [doc:proceedingEnforcementJudgeDutch is missing echr:hasCourt] add doc:proceedingEnforcementJudgeDutch echr:hasCourt doc:tpiDutch: skipped: quote_index 0 does not name a listed unverified quote
    SKIPPED [doc:proceedingEnforcementJudgeFrench is missing echr:hasCourt] add doc:proceedingEnforcementJudgeFrench echr:hasCourt doc:tpiFrench: skipped: quote_index 0 does not name a listed unverified quote
    SKIPPED [doc:proceedingTpiDutchStay is missing echr:hasCourt] add doc:proceedingTpiDutchStay echr:hasCourt doc:tpiDutch: skipped: quote_index 0 does not name a listed unverified quote
    SKIPPED [doc:proceedingTpiInterPartes is missing echr:hasCourt] add doc:proceedingTpiInterPartes echr:hasCourt doc:tpiFrench: skipped: quote_index 0 does not name a listed unverified quote
    SKIPPED [doc:proceedingTpiUrgent is missing echr:hasCourt] add doc:proceedingTpiUrgent echr:hasCourt doc:tpiFrench: skipped: quote_index 0 does not name a listed unverified quote
    SKIPPED [doc:proceeding_appeal_enforcement_1 is missing echr:hasCourt] add doc:proceeding_appeal_enforcement_1 echr:hasCourt doc:courtAppealBrussels: skipped: quote_index 0 does not name a listed unverified quote
    SKIPPED [doc:proceeding_cassation_1 is missing echr:hasCourt] add doc:proceeding_cassation_1 echr:hasCourt doc:conseilEtat: skipped: quote_index 0 does not name a listed unverified quote
    SKIPPED [doc:proceeding_cassation_2 is missing echr:hasCourt] add doc:proceeding_cassation_2 echr:hasCourt doc:conseilEtat: skipped: quote_index 0 does not name a listed unverified quote
    SKIPPED [doc:proceeding_cassation_stay_1 is missing echr:hasCourt] add doc:proceeding_cassation_stay_1 echr:hasCourt doc:conseilEtat: skipped: quote_index 0 does not name a listed unverified quote
    SKIPPED [doc:proceeding_lift_stay_1 is missing echr:hasCourt] add doc:proceeding_lift_stay_1 echr:hasCourt doc:aliensAppealsBoard: skipped: quote_index 0 does not name a listed unverified quote
    SKIPPED [doc:proceeding_set_aside_1 is missing echr:hasCourt] add doc:proceeding_set_aside_1 echr:hasCourt doc:aliensAppealsBoard: skipped: quote_index 0 does not name a listed unverified quote
    SKIPPED [doc:proceeding_set_aside_2 is missing echr:hasCourt] add doc:proceeding_set_aside_2 echr:hasCourt doc:aliensAppealsBoard: skipped: quote_index 0 does not name a listed unverified quote
    SKIPPED [doc:proceeding_stay_1 is missing echr:hasCourt] add doc:proceeding_stay_1 echr:hasCourt doc:aliensAppealsBoard: skipped: quote_index 0 does not name a listed unverified quote
    SKIPPED [doc:proceeding_stay_2 is missing echr:hasCourt] add doc:proceeding_stay_2 echr:hasCourt doc:aliensAppealsBoard: skipped: quote_index 0 does not name a listed unverified quote
    SKIPPED [doc:proceeding_stay_3 is missing echr:hasCourt] add doc:proceeding_stay_3 echr:hasCourt doc:aliensAppealsBoard: skipped: quote_index 0 does not name a listed unverified quote
    [domestic proceedings] pass 1: no operations applied - stopping
  [persons and participation] results/experiment_arms_20260823_223700/nochunk_ttl_mv1/repaired_v3/input.L10.facts.ttl: 1 finding(s) in; model proposed 3 group(s), 3 op(s), 0 merge(s)
    [persons and participation] pass 1: applied 3 (of which 0 merge(s)), skipped 0, stub orphans swept 0 [90.3s, 90.3s in the model]
    [persons and participation] pass 2: 0 finding(s) in; model proposed 0 group(s), 0 op(s), 0 merge(s)
    [persons and participation] pass 2: applied 0 (of which 0 merge(s)), skipped 0, stub orphans swept 0 [0.2s, 0.2s in the model]
    [persons and participation] pass 2: no operations applied - stopping
  [source quote fidelity] results/experiment_arms_20260823_223700/nochunk_ttl_mv1/repaired_v3/input.L10.facts.ttl: 3 finding(s) in; model proposed 3 group(s), 6 op(s), 0 merge(s)
    [source quote fidelity] pass 1: applied 0 (of which 0 merge(s)), skipped 6, stub orphans swept 0 [8.4s, 8.4s in the model]
    SKIPPED [The quote for doc:proceedingEnforcementJudgeDutch is a slight paraphrase (missing 'on the same date').] remove doc:proceedingEnforcementJudgeDutch echr:hasSupportingQuote the Belgian State brought proceedings against the applicants before the enforcement judge at the Brussels Dutch-language TPI: skipped: triple not present
    SKIPPED [The quote for doc:proceedingEnforcementJudgeDutch is a slight paraphrase (missing 'on the same date').] add doc:proceedingEnforcementJudgeDutch echr:hasSupportingQuote the Belgian State brought proceedings against the applicants before the enforcement judge at the Brussels Dutch-language TPI: skipped: quote does not appear verbatim in the source document
    SKIPPED [The quote for doc:proceedingTpiDutchStay is a fragment that doesn't match the source exactly (missing the subject 'The Belgian State').] remove doc:proceedingTpiDutchStay echr:hasSupportingQuote lodged a unilateral action to that effect with the President of the Brussels Dutch-speaking TPI on 13 December 2016, but was unsuccessful: skipped: triple not present
    SKIPPED [The quote for doc:proceedingTpiDutchStay is a fragment that doesn't match the source exactly (missing the subject 'The Belgian State').] add doc:proceedingTpiDutchStay echr:hasSupportingQuote lodged a unilateral action to that effect with the President of the Brussels Dutch-speaking TPI on 13 December 2016, but was unsuccessful: skipped: quote does not appear verbatim in the source document
    SKIPPED [The quote for doc:proceedingTpiInterPartes is verbatim in the source text.] remove doc:proceedingTpiInterPartes echr:hasSupportingQuote On 7 November 2016 another judge acting as president of the French-language TPI declared their application admissible but unfounded: skipped: triple not present
    SKIPPED [The quote for doc:proceedingTpiInterPartes is verbatim in the source text.] add doc:proceedingTpiInterPartes echr:hasSupportingQuote On 7 November 2016 another judge acting as president of the French-language TPI declared their application admissible but unfounded: skipped: quote does not appear verbatim in the source document
    [source quote fidelity] pass 1: no operations applied - stopping
    document total: 126.0s across 5 model call(s) (125.8s in the model)
    wrote results/experiment_arms_20260823_223700/nochunk_ttl_mv1/repaired_v3/input.L10.facts.ttl (backup at results/experiment_arms_20260823_223700/nochunk_ttl_mv1/repaired_v3/backup/input.L10.facts.ttl)
  [domestic authorities] results/experiment_arms_20260823_223700/nochunk_ttl_mv1/repaired_v3/input.L2.facts.ttl: nothing flagged
  [domestic proceedings] results/experiment_arms_20260823_223700/nochunk_ttl_mv1/repaired_v3/input.L2.facts.ttl: nothing flagged
  [persons and participation] results/experiment_arms_20260823_223700/nochunk_ttl_mv1/repaired_v3/input.L2.facts.ttl: nothing flagged
  [source quote fidelity] results/experiment_arms_20260823_223700/nochunk_ttl_mv1/repaired_v3/input.L2.facts.ttl: nothing flagged
    document total: 0.1s across 0 model call(s) (0s in the model)
    no net change across all stages; leaving the file untouched
  [domestic authorities] results/experiment_arms_20260823_223700/nochunk_ttl_mv1/repaired_v3/input.L3.facts.ttl: nothing flagged
  [domestic proceedings] results/experiment_arms_20260823_223700/nochunk_ttl_mv1/repaired_v3/input.L3.facts.ttl: 0 finding(s) in; model proposed 0 group(s), 0 op(s), 0 merge(s)
    [domestic proceedings] pass 1: applied 0 (of which 0 merge(s)), skipped 0, stub orphans swept 0 [0.5s, 0.5s in the model]
    [domestic proceedings] pass 1: no operations applied - stopping
  [persons and participation] results/experiment_arms_20260823_223700/nochunk_ttl_mv1/repaired_v3/input.L3.facts.ttl: nothing flagged
  [source quote fidelity] results/experiment_arms_20260823_223700/nochunk_ttl_mv1/repaired_v3/input.L3.facts.ttl: 1 finding(s) in; model proposed 1 group(s), 2 op(s), 0 merge(s)
    [source quote fidelity] pass 1: applied 1 (of which 0 merge(s)), skipped 1, stub orphans swept 0 [89.6s, 89.6s in the model]
    SKIPPED [The quote for doc:proceedingSaleAnnulmentRectification is a paraphrased summary of paragraphs 37 and 38. I have replaced it with the verbatim span from paragraph 38 that confirms the annulment of the sale.] remove doc:proceedingSaleAnnulmentRectification echr:hasSupportingQuote On 30 June 2017, the 13th Chamber of the Supreme Administrative Court granted the request... and annulled the sale in question.: skipped: triple not present
    [source quote fidelity] pass 1: 1 op(s) applied but findings did not fall (1 -> 1) - stopping
    document total: 90.2s across 2 model call(s) (90.1s in the model)
    wrote results/experiment_arms_20260823_223700/nochunk_ttl_mv1/repaired_v3/input.L3.facts.ttl (backup at results/experiment_arms_20260823_223700/nochunk_ttl_mv1/repaired_v3/backup/input.L3.facts.ttl)
  [domestic authorities] results/experiment_arms_20260823_223700/nochunk_ttl_mv1/repaired_v3/input.L4.facts.ttl: nothing flagged
  [domestic proceedings] results/experiment_arms_20260823_223700/nochunk_ttl_mv1/repaired_v3/input.L4.facts.ttl: nothing flagged
  [persons and participation] results/experiment_arms_20260823_223700/nochunk_ttl_mv1/repaired_v3/input.L4.facts.ttl: nothing flagged
  [source quote fidelity] results/experiment_arms_20260823_223700/nochunk_ttl_mv1/repaired_v3/input.L4.facts.ttl: nothing flagged
    document total: 0.1s across 0 model call(s) (0s in the model)
    no net change across all stages; leaving the file untouched
  [domestic authorities] results/experiment_arms_20260823_223700/nochunk_ttl_mv1/repaired_v3/input.L5.facts.ttl: nothing flagged
  [domestic proceedings] results/experiment_arms_20260823_223700/nochunk_ttl_mv1/repaired_v3/input.L5.facts.ttl: nothing flagged
  [persons and participation] results/experiment_arms_20260823_223700/nochunk_ttl_mv1/repaired_v3/input.L5.facts.ttl: nothing flagged
  [source quote fidelity] results/experiment_arms_20260823_223700/nochunk_ttl_mv1/repaired_v3/input.L5.facts.ttl: nothing flagged
    document total: 0.1s across 0 model call(s) (0s in the model)
    no net change across all stages; leaving the file untouched
  [domestic authorities] results/experiment_arms_20260823_223700/nochunk_ttl_mv1/repaired_v3/input.L6.facts.ttl: nothing flagged
  [domestic proceedings] results/experiment_arms_20260823_223700/nochunk_ttl_mv1/repaired_v3/input.L6.facts.ttl: nothing flagged
  [persons and participation] results/experiment_arms_20260823_223700/nochunk_ttl_mv1/repaired_v3/input.L6.facts.ttl: nothing flagged
  [source quote fidelity] results/experiment_arms_20260823_223700/nochunk_ttl_mv1/repaired_v3/input.L6.facts.ttl: nothing flagged
    document total: 0.1s across 0 model call(s) (0s in the model)
    no net change across all stages; leaving the file untouched
  [domestic authorities] results/experiment_arms_20260823_223700/nochunk_ttl_mv1/repaired_v3/input.L7.facts.ttl: 2 finding(s) in; model proposed 2 group(s), 4 op(s), 0 merge(s)
    [domestic authorities] pass 1: applied 1 (of which 0 merge(s)), skipped 3, stub orphans swept 0 [7.1s, 7.1s in the model]
    SKIPPED [a node with more than one rdfs:label is asserting that two distinct entities are the same one -- split it instead of labelling it twice] remove doc:courtPotts rdfs:label "Court of Appeal": skipped: triple not present
    SKIPPED [a node with more than one rdfs:label is asserting that two distinct entities are the same one -- split it instead of labelling it twice] remove doc:courtPotts rdfs:label "High Court of the United Kingdom": skipped: triple not present
    SKIPPED [a node with more than one rdfs:label is asserting that two distinct entities are the same one -- split it instead of labelling it twice] remove doc:courtPotts rdfs:label "House of Lords": skipped: triple not present
    [domestic authorities] pass 2: 1 finding(s) in; model proposed 1 group(s), 3 op(s), 0 merge(s)
    [domestic authorities] pass 2: applied 0 (of which 0 merge(s)), skipped 3, stub orphans swept 0 [3.5s, 3.5s in the model]
    SKIPPED [a node with more than one rdfs:label is asserting that two distinct entities are the same one -- split it instead of labelling it twice] remove doc:courtPotts rdfs:label "Court of Appeal": skipped: triple not present
    SKIPPED [a node with more than one rdfs:label is asserting that two distinct entities are the same one -- split it instead of labelling it twice] remove doc:courtPotts rdfs:label "House of Lords": skipped: triple not present
    SKIPPED [a node with more than one rdfs:label is asserting that two distinct entities are the same one -- split it instead of labelling it twice] remove doc:courtPotts rdfs:label "High Court of the United Kingdom": skipped: triple not present
    [domestic authorities] pass 2: no operations applied - stopping
  [domestic proceedings] results/experiment_arms_20260823_223700/nochunk_ttl_mv1/repaired_v3/input.L7.facts.ttl: 1 finding(s) in; model proposed 0 group(s), 0 op(s), 0 merge(s)
    [domestic proceedings] pass 1: applied 0 (of which 0 merge(s)), skipped 0, stub orphans swept 0 [0.5s, 0.5s in the model]
    [domestic proceedings] pass 1: no operations applied - stopping
  [persons and participation] results/experiment_arms_20260823_223700/nochunk_ttl_mv1/repaired_v3/input.L7.facts.ttl: nothing flagged
  [source quote fidelity] results/experiment_arms_20260823_223700/nochunk_ttl_mv1/repaired_v3/input.L7.facts.ttl: nothing flagged
    document total: 11.2s across 3 model call(s) (11.1s in the model)
    wrote results/experiment_arms_20260823_223700/nochunk_ttl_mv1/repaired_v3/input.L7.facts.ttl (backup at results/experiment_arms_20260823_223700/nochunk_ttl_mv1/repaired_v3/backup/input.L7.facts.ttl)
  [domestic authorities] results/experiment_arms_20260823_223700/nochunk_ttl_mv1/repaired_v3/input.L8.facts.ttl: nothing flagged
  [domestic proceedings] results/experiment_arms_20260823_223700/nochunk_ttl_mv1/repaired_v3/input.L8.facts.ttl: nothing flagged
    [persons and participation] FAILED: RepairTruncated: generation hit the 8000-token output cap without closing the patch -- raise --max-tokens for this document
    continuing to the next stage; earlier stages' work is kept
  [source quote fidelity] results/experiment_arms_20260823_223700/nochunk_ttl_mv1/repaired_v3/input.L8.facts.ttl: 1 finding(s) in; model proposed 1 group(s), 2 op(s), 0 merge(s)
    [source quote fidelity] pass 1: applied 1 (of which 0 merge(s)), skipped 1, stub orphans swept 0 [3.0s, 2.9s in the model]
    SKIPPED [The quote 'provided for the purchase of the Stavanger for 2.5 million US dollars' is a paraphrase. The source text contains the exact phrase 'provided for the purchase by the Port of the Stavanger for 2.5 million US dollars'.] remove doc:admin_action_2 echr:hasSupportingQuote provided for the purchase of the Stavanger for 2.5 million US dollars: skipped: triple not present
    [source quote fidelity] pass 1: 1 op(s) applied but findings did not fall (1 -> 1) - stopping
    document total: 174.9s across 2 model call(s) (174.8s in the model)
    wrote results/experiment_arms_20260823_223700/nochunk_ttl_mv1/repaired_v3/input.L8.facts.ttl (backup at results/experiment_arms_20260823_223700/nochunk_ttl_mv1/repaired_v3/backup/input.L8.facts.ttl)
  [domestic authorities] results/experiment_arms_20260823_223700/nochunk_ttl_mv1/repaired_v3/input.L9.facts.ttl: nothing flagged
  [domestic proceedings] results/experiment_arms_20260823_223700/nochunk_ttl_mv1/repaired_v3/input.L9.facts.ttl: nothing flagged
  [persons and participation] results/experiment_arms_20260823_223700/nochunk_ttl_mv1/repaired_v3/input.L9.facts.ttl: nothing flagged
  [source quote fidelity] results/experiment_arms_20260823_223700/nochunk_ttl_mv1/repaired_v3/input.L9.facts.ttl: nothing flagged
    document total: 0.1s across 0 model call(s) (0s in the model)
    no net change across all stages; leaving the file untouched
  2/10 document(s) lost at least one stage but kept the others:
    results/experiment_arms_20260823_223700/nochunk_ttl_mv1/repaired_v3/input.L1.facts.ttl  [proceedings] RepairTruncated
    results/experiment_arms_20260823_223700/nochunk_ttl_mv1/repaired_v3/input.L8.facts.ttl  [persons] RepairTruncated
  2 document/stage(s) hit the 8000-token output cap mid-patch -- re-run these with a higher --max-tokens:
    results/experiment_arms_20260823_223700/nochunk_ttl_mv1/repaired_v3/input.L1.facts.ttl
    results/experiment_arms_20260823_223700/nochunk_ttl_mv1/repaired_v3/input.L8.facts.ttl

  repair total: 593.0s over 10 document(s), 16 model call(s) (591.8s in the model, 1.2s deterministic)
    authorities      5 call(s)     25.1s  (25.0s in the model)
    proceedings      4 call(s)    200.0s  (200.0s in the model)
    persons          4 call(s)    265.9s  (265.9s in the model)
    quotes           3 call(s)    101.0s  (100.9s in the model)
