repairing 10 file(s) under results/experiment_arms_20260823_223700/nochunk_ttl_mv1/repaired_final
  model: gemma-4-31b @ http://localhost:8000/v1 (temperature 0.4, timeout 300.0s)
  source text: results/experiment_arms_20260823_223700/nochunk_ttl_mv1/input.jsonl (quote stage enabled)
  [domestic authorities] results/experiment_arms_20260823_223700/nochunk_ttl_mv1/repaired_final/input.L1.facts.ttl: 3 finding(s) in; model proposed 3 group(s), 8 op(s), 0 merge(s)
    [domestic authorities] pass 1: applied 8 (of which 0 merge(s)), skipped 0, stub orphans swept 0 [9.2s, 9.1s in the model]
    [domestic authorities] pass 2: nothing left to flag - stopping
  [domestic proceedings] results/experiment_arms_20260823_223700/nochunk_ttl_mv1/repaired_final/input.L1.facts.ttl: 0 finding(s) in; model proposed 0 group(s), 0 op(s), 0 merge(s)
    [domestic proceedings] pass 1: applied 0 (of which 0 merge(s)), skipped 0, stub orphans swept 0 [0.4s, 0.4s in the model]
    [domestic proceedings] pass 1: no operations applied - stopping
  [persons and participation] results/experiment_arms_20260823_223700/nochunk_ttl_mv1/repaired_final/input.L1.facts.ttl: 0 finding(s) in; model proposed 0 group(s), 0 op(s), 0 merge(s)
    [persons and participation] pass 1: applied 0 (of which 0 merge(s)), skipped 0, stub orphans swept 0 [87.6s, 87.6s in the model]
    [persons and participation] pass 1: no operations applied - stopping
  [source quote fidelity] results/experiment_arms_20260823_223700/nochunk_ttl_mv1/repaired_final/input.L1.facts.ttl: nothing flagged
    document total: 97.3s across 3 model call(s) (97.1s in the model)
    wrote results/experiment_arms_20260823_223700/nochunk_ttl_mv1/repaired_final/input.L1.facts.ttl (backup at results/experiment_arms_20260823_223700/nochunk_ttl_mv1/repaired_final/backup/input.L1.facts.ttl)
  [domestic authorities] results/experiment_arms_20260823_223700/nochunk_ttl_mv1/repaired_final/input.L10.facts.ttl: 1 finding(s) in; model proposed 1 group(s), 2 op(s), 0 merge(s)
    [domestic authorities] pass 1: applied 2 (of which 0 merge(s)), skipped 0, stub orphans swept 0 [3.1s, 3.1s in the model]
    [domestic authorities] pass 1: 2 op(s) applied but findings did not fall (1 -> 1) - stopping
    [domestic proceedings] FAILED: RepairTruncated: generation hit the 8000-token output cap without closing the patch -- raise --max-tokens for this document
    continuing to the next stage; earlier stages' work is kept
  [persons and participation] results/experiment_arms_20260823_223700/nochunk_ttl_mv1/repaired_final/input.L10.facts.ttl: 2 finding(s) in; model proposed 3 group(s), 3 op(s), 0 merge(s)
    [persons and participation] pass 1: applied 3 (of which 0 merge(s)), skipped 0, stub orphans swept 0 [4.4s, 4.4s in the model]
    [persons and participation] pass 2: 1 finding(s) in; model proposed 0 group(s), 0 op(s), 0 merge(s)
    [persons and participation] pass 2: applied 0 (of which 0 merge(s)), skipped 0, stub orphans swept 0 [0.4s, 0.4s in the model]
    [persons and participation] pass 2: no operations applied - stopping
  [source quote fidelity] results/experiment_arms_20260823_223700/nochunk_ttl_mv1/repaired_final/input.L10.facts.ttl: 3 finding(s) in; model proposed 3 group(s), 4 op(s), 0 merge(s)
    [source quote fidelity] pass 1: applied 0 (of which 0 merge(s)), skipped 4, stub orphans swept 0 [7.6s, 7.6s in the model]
    SKIPPED [The quote for doc:proceedingEnforcementJudgeDutch is slightly paraphrased; it misses the date and the specific nature of the action in the source.] remove doc:proceedingEnforcementJudgeDutch echr:hasSupportingQuote the Belgian State brought proceedings against the applicants before the enforcement judge at the Brussels Dutch-language TPI: skipped: triple not present
    SKIPPED [The quote for doc:proceedingEnforcementJudgeDutch is slightly paraphrased; it misses the date and the specific nature of the action in the source.] add doc:proceedingEnforcementJudgeDutch echr:hasSupportingQuote On the same date the Belgian State brought proceedings against the applicants before the enforcement judge at the Brussels Dutch-language TPI: skipped: quote does not appear verbatim in the source document
    SKIPPED [The quote for doc:proceedingTpiDutchStay is a fragment and should be anchored to the full sentence for fidelity.] remove doc:proceedingTpiDutchStay echr:hasSupportingQuote lodged a unilateral action to that effect with the President of the Brussels Dutch-speaking TPI on 13 December 2016, but was unsuccessful: skipped: triple not present
    SKIPPED [The quote for doc:proceedingTpiDutchStay is a fragment and should be anchored to the full sentence for fidelity.] add doc:proceedingTpiDutchStay echr:hasSupportingQuote The Belgian State, which sought for its part a stay of execution of the Brussels Court of Appeal’s judgment of 7 December 2016, lodged a unilateral action to that effect with the President of the Brussels Dutch-speaking TPI on 13 December 2016, but was unsuccessful (order of the same date).: skipped: quote does not appear verbatim in the source document
    [source quote fidelity] pass 1: no operations applied - stopping
    document total: 188.7s across 5 model call(s) (188.6s in the model)
    wrote results/experiment_arms_20260823_223700/nochunk_ttl_mv1/repaired_final/input.L10.facts.ttl (backup at results/experiment_arms_20260823_223700/nochunk_ttl_mv1/repaired_final/backup/input.L10.facts.ttl)
  [domestic authorities] results/experiment_arms_20260823_223700/nochunk_ttl_mv1/repaired_final/input.L2.facts.ttl: nothing flagged
  [domestic proceedings] results/experiment_arms_20260823_223700/nochunk_ttl_mv1/repaired_final/input.L2.facts.ttl: nothing flagged
  [persons and participation] results/experiment_arms_20260823_223700/nochunk_ttl_mv1/repaired_final/input.L2.facts.ttl: nothing flagged
  [source quote fidelity] results/experiment_arms_20260823_223700/nochunk_ttl_mv1/repaired_final/input.L2.facts.ttl: nothing flagged
    document total: 0.1s across 0 model call(s) (0s in the model)
    no net change across all stages; leaving the file untouched
  [domestic authorities] results/experiment_arms_20260823_223700/nochunk_ttl_mv1/repaired_final/input.L3.facts.ttl: nothing flagged
  [domestic proceedings] results/experiment_arms_20260823_223700/nochunk_ttl_mv1/repaired_final/input.L3.facts.ttl: 0 finding(s) in; model proposed 0 group(s), 0 op(s), 0 merge(s)
    [domestic proceedings] pass 1: applied 0 (of which 0 merge(s)), skipped 0, stub orphans swept 0 [0.7s, 0.7s in the model]
    [domestic proceedings] pass 1: no operations applied - stopping
  [persons and participation] results/experiment_arms_20260823_223700/nochunk_ttl_mv1/repaired_final/input.L3.facts.ttl: nothing flagged
  [source quote fidelity] results/experiment_arms_20260823_223700/nochunk_ttl_mv1/repaired_final/input.L3.facts.ttl: 1 finding(s) in; model proposed 1 group(s), 2 op(s), 0 merge(s)
    [source quote fidelity] pass 1: applied 1 (of which 0 merge(s)), skipped 1, stub orphans swept 0 [3.9s, 3.9s in the model]
    SKIPPED [The quote for doc:proceedingSaleAnnulmentRectification is a paraphrase/summary of paragraphs 37 and 38. It must be replaced by a verbatim span from the source.] remove doc:proceedingSaleAnnulmentRectification echr:hasSupportingQuote On 30 June 2017, the 13th Chamber of the Supreme Administrative Court granted the request... and annulled the sale in question.: skipped: triple not present
    [source quote fidelity] pass 1: 1 op(s) applied but findings did not fall (1 -> 1) - stopping
    document total: 4.7s across 2 model call(s) (4.6s in the model)
    wrote results/experiment_arms_20260823_223700/nochunk_ttl_mv1/repaired_final/input.L3.facts.ttl (backup at results/experiment_arms_20260823_223700/nochunk_ttl_mv1/repaired_final/backup/input.L3.facts.ttl)
  [domestic authorities] results/experiment_arms_20260823_223700/nochunk_ttl_mv1/repaired_final/input.L4.facts.ttl: nothing flagged
  [domestic proceedings] results/experiment_arms_20260823_223700/nochunk_ttl_mv1/repaired_final/input.L4.facts.ttl: nothing flagged
  [persons and participation] results/experiment_arms_20260823_223700/nochunk_ttl_mv1/repaired_final/input.L4.facts.ttl: nothing flagged
  [source quote fidelity] results/experiment_arms_20260823_223700/nochunk_ttl_mv1/repaired_final/input.L4.facts.ttl: nothing flagged
    document total: 0.1s across 0 model call(s) (0s in the model)
    no net change across all stages; leaving the file untouched
  [domestic authorities] results/experiment_arms_20260823_223700/nochunk_ttl_mv1/repaired_final/input.L5.facts.ttl: nothing flagged
  [domestic proceedings] results/experiment_arms_20260823_223700/nochunk_ttl_mv1/repaired_final/input.L5.facts.ttl: nothing flagged
  [persons and participation] results/experiment_arms_20260823_223700/nochunk_ttl_mv1/repaired_final/input.L5.facts.ttl: nothing flagged
  [source quote fidelity] results/experiment_arms_20260823_223700/nochunk_ttl_mv1/repaired_final/input.L5.facts.ttl: nothing flagged
    document total: 0.1s across 0 model call(s) (0s in the model)
    no net change across all stages; leaving the file untouched
  [domestic authorities] results/experiment_arms_20260823_223700/nochunk_ttl_mv1/repaired_final/input.L6.facts.ttl: nothing flagged
  [domestic proceedings] results/experiment_arms_20260823_223700/nochunk_ttl_mv1/repaired_final/input.L6.facts.ttl: nothing flagged
  [persons and participation] results/experiment_arms_20260823_223700/nochunk_ttl_mv1/repaired_final/input.L6.facts.ttl: nothing flagged
  [source quote fidelity] results/experiment_arms_20260823_223700/nochunk_ttl_mv1/repaired_final/input.L6.facts.ttl: nothing flagged
    document total: 0.1s across 0 model call(s) (0s in the model)
    no net change across all stages; leaving the file untouched
  [domestic authorities] results/experiment_arms_20260823_223700/nochunk_ttl_mv1/repaired_final/input.L7.facts.ttl: 2 finding(s) in; model proposed 1 group(s), 3 op(s), 0 merge(s)
    [domestic authorities] pass 1: applied 3 (of which 0 merge(s)), skipped 0, stub orphans swept 0 [3.8s, 3.8s in the model]
    [domestic authorities] pass 2: 1 finding(s) in; model proposed 1 group(s), 1 op(s), 0 merge(s)
    [domestic authorities] pass 2: applied 1 (of which 0 merge(s)), skipped 0, stub orphans swept 0 [87.4s, 87.4s in the model]
    [domestic authorities] pass 3: nothing left to flag - stopping
  [domestic proceedings] results/experiment_arms_20260823_223700/nochunk_ttl_mv1/repaired_final/input.L7.facts.ttl: 1 finding(s) in; model proposed 0 group(s), 0 op(s), 0 merge(s)
    [domestic proceedings] pass 1: applied 0 (of which 0 merge(s)), skipped 0, stub orphans swept 0 [0.4s, 0.4s in the model]
    [domestic proceedings] pass 1: no operations applied - stopping
  [persons and participation] results/experiment_arms_20260823_223700/nochunk_ttl_mv1/repaired_final/input.L7.facts.ttl: nothing flagged
  [source quote fidelity] results/experiment_arms_20260823_223700/nochunk_ttl_mv1/repaired_final/input.L7.facts.ttl: nothing flagged
    document total: 91.8s across 3 model call(s) (91.6s in the model)
    wrote results/experiment_arms_20260823_223700/nochunk_ttl_mv1/repaired_final/input.L7.facts.ttl (backup at results/experiment_arms_20260823_223700/nochunk_ttl_mv1/repaired_final/backup/input.L7.facts.ttl)
  [domestic authorities] results/experiment_arms_20260823_223700/nochunk_ttl_mv1/repaired_final/input.L8.facts.ttl: nothing flagged
  [domestic proceedings] results/experiment_arms_20260823_223700/nochunk_ttl_mv1/repaired_final/input.L8.facts.ttl: nothing flagged
  [persons and participation] results/experiment_arms_20260823_223700/nochunk_ttl_mv1/repaired_final/input.L8.facts.ttl: 0 finding(s) in; model proposed 5 group(s), 4 op(s), 0 merge(s)
    [persons and participation] pass 1: applied 4 (of which 0 merge(s)), skipped 0, stub orphans swept 0 [6.4s, 6.4s in the model]
    [persons and participation] pass 1: 4 op(s) applied but findings did not fall (0 -> 0) - stopping
  [source quote fidelity] results/experiment_arms_20260823_223700/nochunk_ttl_mv1/repaired_final/input.L8.facts.ttl: 1 finding(s) in; model proposed 1 group(s), 2 op(s), 0 merge(s)
    [source quote fidelity] pass 1: applied 1 (of which 0 merge(s)), skipped 1, stub orphans swept 0 [89.0s, 89.0s in the model]
    SKIPPED [The quote 'provided for the purchase of the Stavanger for 2.5 million US dollars' is a paraphrase. The source text contains the verbatim phrase 'provided for the purchase by the Port of the Stavanger for 2.5 million US dollars'.] remove doc:admin_action_2 echr:hasSupportingQuote provided for the purchase of the Stavanger for 2.5 million US dollars: skipped: triple not present
    [source quote fidelity] pass 1: 1 op(s) applied but findings did not fall (1 -> 1) - stopping
    document total: 95.5s across 2 model call(s) (95.4s in the model)
    wrote results/experiment_arms_20260823_223700/nochunk_ttl_mv1/repaired_final/input.L8.facts.ttl (backup at results/experiment_arms_20260823_223700/nochunk_ttl_mv1/repaired_final/backup/input.L8.facts.ttl)
  [domestic authorities] results/experiment_arms_20260823_223700/nochunk_ttl_mv1/repaired_final/input.L9.facts.ttl: nothing flagged
  [domestic proceedings] results/experiment_arms_20260823_223700/nochunk_ttl_mv1/repaired_final/input.L9.facts.ttl: nothing flagged
  [persons and participation] results/experiment_arms_20260823_223700/nochunk_ttl_mv1/repaired_final/input.L9.facts.ttl: nothing flagged
  [source quote fidelity] results/experiment_arms_20260823_223700/nochunk_ttl_mv1/repaired_final/input.L9.facts.ttl: nothing flagged
    document total: 0.1s across 0 model call(s) (0s in the model)
    no net change across all stages; leaving the file untouched
  1/10 document(s) lost at least one stage but kept the others:
    results/experiment_arms_20260823_223700/nochunk_ttl_mv1/repaired_final/input.L10.facts.ttl  [proceedings] RepairTruncated
  1 document/stage(s) hit the 8000-token output cap mid-patch -- re-run these with a higher --max-tokens:
    results/experiment_arms_20260823_223700/nochunk_ttl_mv1/repaired_final/input.L10.facts.ttl

  repair total: 478.5s over 10 document(s), 15 model call(s) (477.3s in the model, 1.2s deterministic)
    authorities      4 call(s)    103.5s  (103.4s in the model)
    proceedings      4 call(s)    174.6s  (174.6s in the model)
    persons          4 call(s)     98.8s  (98.8s in the model)
    quotes           3 call(s)    100.5s  (100.5s in the model)
