repairing 10 file(s) under results/experiment_cfpartfix2_20260820_120000/repaired
  model: gemma-4-31b @ http://localhost:8000/v1 (temperature 1.0, timeout 600.0s)
  results/experiment_cfpartfix2_20260820_120000/repaired/input.L1.facts.ttl: 14 finding(s) in; model proposed 0 group(s), 0 op(s), 0 merge(s)
    pass 1: applied 0 (of which 0 merge(s)), skipped 0, stub orphans swept 0
    pass 1: no operations applied - stopping
    no net change across all passes; leaving the file untouched
  results/experiment_cfpartfix2_20260820_120000/repaired/input.L10.facts.ttl: 1 finding(s) in; model proposed 0 group(s), 0 op(s), 0 merge(s)
    pass 1: applied 0 (of which 0 merge(s)), skipped 0, stub orphans swept 0
    pass 1: no operations applied - stopping
    no net change across all passes; leaving the file untouched
  results/experiment_cfpartfix2_20260820_120000/repaired/input.L2.facts.ttl: 1 finding(s) in; model proposed 1 group(s), 1 op(s), 0 merge(s)
    pass 1: applied 1 (of which 0 merge(s)), skipped 0, stub orphans swept 0
    pass 1: 1 op(s) applied but findings did not fall (1 -> 1) - stopping
    wrote results/experiment_cfpartfix2_20260820_120000/repaired/input.L2.facts.ttl (backup at results/experiment_cfpartfix2_20260820_120000/repaired/backup/input.L2.facts.ttl)
  results/experiment_cfpartfix2_20260820_120000/repaired/input.L3.facts.ttl: 17 finding(s) in; model proposed 2 group(s), 0 op(s), 2 merge(s)
    pass 1: applied 2 (of which 2 merge(s)), skipped 0, stub orphans swept 0
    pass 1: 2 op(s) applied but findings did not fall (17 -> 17) - stopping
    wrote results/experiment_cfpartfix2_20260820_120000/repaired/input.L3.facts.ttl (backup at results/experiment_cfpartfix2_20260820_120000/repaired/backup/input.L3.facts.ttl)
  results/experiment_cfpartfix2_20260820_120000/repaired/input.L4.facts.ttl: 2 finding(s) in; model proposed 2 group(s), 0 op(s), 2 merge(s)
    pass 1: applied 2 (of which 2 merge(s)), skipped 0, stub orphans swept 0
    pass 1: 2 op(s) applied but findings did not fall (2 -> 2) - stopping
    wrote results/experiment_cfpartfix2_20260820_120000/repaired/input.L4.facts.ttl (backup at results/experiment_cfpartfix2_20260820_120000/repaired/backup/input.L4.facts.ttl)
  results/experiment_cfpartfix2_20260820_120000/repaired/input.L5.facts.ttl: 1 finding(s) in; model proposed 0 group(s), 0 op(s), 0 merge(s)
    pass 1: applied 0 (of which 0 merge(s)), skipped 0, stub orphans swept 0
    pass 1: no operations applied - stopping
    no net change across all passes; leaving the file untouched
  clean results/experiment_cfpartfix2_20260820_120000/repaired/input.L6.facts.ttl: nothing flagged
  clean results/experiment_cfpartfix2_20260820_120000/repaired/input.L7.facts.ttl: nothing flagged
  results/experiment_cfpartfix2_20260820_120000/repaired/input.L8.facts.ttl: 2 finding(s) in; model proposed 0 group(s), 0 op(s), 5 merge(s)
    pass 1: applied 5 (of which 5 merge(s)), skipped 0, stub orphans swept 0
    pass 1: 5 op(s) applied but findings did not fall (2 -> 2) - stopping
    wrote results/experiment_cfpartfix2_20260820_120000/repaired/input.L8.facts.ttl (backup at results/experiment_cfpartfix2_20260820_120000/repaired/backup/input.L8.facts.ttl)
  results/experiment_cfpartfix2_20260820_120000/repaired/input.L9.facts.ttl: 1 finding(s) in; model proposed 0 group(s), 0 op(s), 0 merge(s)
    pass 1: applied 0 (of which 0 merge(s)), skipped 0, stub orphans swept 0
    pass 1: no operations applied - stopping
    no net change across all passes; leaving the file untouched
