Warning: You are sending unauthenticated requests to the HF Hub. Please set a HF_TOKEN to enable higher rate limits and faster downloads.

Loading weights:   0%|          | 0/199 [00:00<?, ?it/s]
Loading weights: 100%|██████████| 199/199 [00:00<00:00, 14001.89it/s]

Batches:   0%|          | 0/4 [00:00<?, ?it/s]
Batches:  25%|██▌       | 1/4 [00:00<00:02,  1.45it/s]
Batches:  50%|█████     | 2/4 [00:01<00:01,  1.51it/s]
Batches:  75%|███████▌  | 3/4 [00:01<00:00,  1.58it/s]
Batches: 100%|██████████| 4/4 [00:02<00:00,  1.64it/s]
Batches: 100%|██████████| 4/4 [00:02<00:00,  1.60it/s]

Batches:   0%|          | 0/4 [00:00<?, ?it/s]
Batches:  25%|██▌       | 1/4 [00:00<00:02,  1.08it/s]
Batches:  50%|█████     | 2/4 [00:01<00:01,  1.06it/s]
Batches:  75%|███████▌  | 3/4 [00:02<00:00,  1.07it/s]
Batches: 100%|██████████| 4/4 [00:03<00:00,  1.26it/s]
Batches: 100%|██████████| 4/4 [00:03<00:00,  1.18it/s]

Batches:   0%|          | 0/4 [00:00<?, ?it/s]
Batches:  25%|██▌       | 1/4 [00:00<00:01,  1.58it/s]
Batches:  50%|█████     | 2/4 [00:01<00:01,  1.61it/s]
Batches:  75%|███████▌  | 3/4 [00:01<00:00,  1.75it/s]
Batches: 100%|██████████| 4/4 [00:01<00:00,  2.21it/s]

Batches:   0%|          | 0/4 [00:00<?, ?it/s]
Batches:  25%|██▌       | 1/4 [00:00<00:01,  1.51it/s]
Batches:  50%|█████     | 2/4 [00:01<00:01,  1.46it/s]
Batches:  75%|███████▌  | 3/4 [00:02<00:00,  1.43it/s]
Batches: 100%|██████████| 4/4 [00:02<00:00,  1.89it/s]
Batches: 100%|██████████| 4/4 [00:02<00:00,  1.70it/s]

total wall time: 35.9m  (2026-08-24T20:56:44+00:00 -> 2026-08-24T21:32:39+00:00)
response_repair: 0 recovered, turtle_repair: 0 recovered, 0 unrecovered parse failure(s), 0 chunk render failure(s) logged
complete: all 10 document(s) kept every unit
report written to /home/dahrb/Projects/article_6/domestic_proceedings/results/jurix_phase1_gpt5mini/o2_med_jsonld/extract_report.json
