/home/dahrb/Projects/article_6/domestic_proceedings/.venv/lib/python3.12/site-packages/rdflib/term.py:1862: UserWarning: Parsing weird boolean, 'true ' does not map to True or False
  warnings.warn(
repairing 10 file(s) under results/experiment_20260818_143651/gemma4/repaired
  model: gemma-4-31b @ http://localhost:8000/v1 (temperature 1.0, timeout 300.0s)
  clean results/experiment_20260818_143651/gemma4/repaired/input.L1.facts.ttl: nothing flagged
  results/experiment_20260818_143651/gemma4/repaired/input.L10.facts.ttl: model proposed 1 group(s), 1 op(s)
    applied 0, skipped 1
    SKIPPED [Conflict: Multiple proceedings marked as isFinalDomesticDecision (doc:cassationAppealApplicants and doc:court_of_appeal_final_judgment_2017).] remove doc:court_of_appeal_final_judgment_2017 echr:isFinalDomesticDecision true: skipped: triple not present
    wrote results/experiment_20260818_143651/gemma4/repaired/input.L10.facts.ttl (backup at results/experiment_20260818_143651/gemma4/repaired/backup/input.L10.facts.ttl)
  clean results/experiment_20260818_143651/gemma4/repaired/input.L2.facts.ttl: nothing flagged
  results/experiment_20260818_143651/gemma4/repaired/input.L3.facts.ttl: model proposed 3 group(s), 7 op(s)
    applied 4, skipped 3
    SKIPPED [Conflict in isFinalDomesticDecision: doc:enforcement_phase_1, doc:proceeding_4, doc:proceeding_rectification_1] remove doc:enforcement_phase_1 echr:isFinalDomesticDecision true : skipped: triple not present
    SKIPPED [Conflict in isFinalDomesticDecision: doc:enforcement_phase_1, doc:proceeding_4, doc:proceeding_rectification_1] remove doc:proceeding_4 echr:isFinalDomesticDecision true : skipped: triple not present
    SKIPPED [Conflict in isFinalDomesticDecision: doc:enforcement_phase_1, doc:proceeding_4, doc:proceeding_rectification_1] remove doc:proceeding_rectification_1 echr:isFinalDomesticDecision true : skipped: triple not present
    wrote results/experiment_20260818_143651/gemma4/repaired/input.L3.facts.ttl (backup at results/experiment_20260818_143651/gemma4/repaired/backup/input.L3.facts.ttl)
  results/experiment_20260818_143651/gemma4/repaired/input.L4.facts.ttl: model proposed 1 group(s), 2 op(s)
    applied 2, skipped 0
    wrote results/experiment_20260818_143651/gemma4/repaired/input.L4.facts.ttl (backup at results/experiment_20260818_143651/gemma4/repaired/backup/input.L4.facts.ttl)
  results/experiment_20260818_143651/gemma4/repaired/input.L5.facts.ttl: model proposed 4 group(s), 10 op(s)
    applied 4, skipped 6
    SKIPPED [Incorrect court attribution for several proceedings (attributed to Kyiv Administrative Court of Appeal instead of District courts).] remove doc:kyiv_dist_admin_court_proceeding_1 echr:hasCourt doc:kyiv_admin_court_of_appeal: skipped: triple not present
    SKIPPED [Incorrect court attribution for several proceedings (attributed to Kyiv Administrative Court of Appeal instead of District courts).] add doc:kyiv_dist_admin_court_proceeding_1 echr:hasCourt doc:kyiv_district_administrative_court: skipped: object node does not exist in the graph or this patch
    SKIPPED [Incorrect court attribution for several proceedings (attributed to Kyiv Administrative Court of Appeal instead of District courts).] remove doc:podilskyy_court_proceeding_1 echr:hasCourt doc:kyiv_admin_court_of_appeal: skipped: triple not present
    SKIPPED [Incorrect court attribution for several proceedings (attributed to Kyiv Administrative Court of Appeal instead of District courts).] add doc:podilskyy_court_proceeding_1 echr:hasCourt doc:podilskyy_district_court: skipped: object node does not exist in the graph or this patch
    SKIPPED [Incorrect court attribution for several proceedings (attributed to Kyiv Administrative Court of Appeal instead of District courts).] remove doc:proceeding_podilskyy_1 echr:hasCourt doc:kyiv_admin_court_of_appeal: skipped: triple not present
    SKIPPED [Incorrect court attribution for several proceedings (attributed to Kyiv Administrative Court of Appeal instead of District courts).] add doc:proceeding_podilskyy_1 echr:hasCourt doc:podilskyy_district_court: skipped: object node does not exist in the graph or this patch
    wrote results/experiment_20260818_143651/gemma4/repaired/input.L5.facts.ttl (backup at results/experiment_20260818_143651/gemma4/repaired/backup/input.L5.facts.ttl)
  results/experiment_20260818_143651/gemma4/repaired/input.L6.facts.ttl: model proposed 1 group(s), 1 op(s)
    applied 1, skipped 0
    wrote results/experiment_20260818_143651/gemma4/repaired/input.L6.facts.ttl (backup at results/experiment_20260818_143651/gemma4/repaired/backup/input.L6.facts.ttl)
  results/experiment_20260818_143651/gemma4/repaired/input.L7.facts.ttl: model proposed 1 group(s), 3 op(s)
    applied 3, skipped 0
    wrote results/experiment_20260818_143651/gemma4/repaired/input.L7.facts.ttl (backup at results/experiment_20260818_143651/gemma4/repaired/backup/input.L7.facts.ttl)
  clean results/experiment_20260818_143651/gemma4/repaired/input.L8.facts.ttl: nothing flagged
  clean results/experiment_20260818_143651/gemma4/repaired/input.L9.facts.ttl: nothing flagged
