repairing 10 file(s) under results/experiment_partfix_20260819_224500/gemma4/repaired
  model: gemma-4-31b @ http://localhost:8000/v1 (temperature 1.0, timeout 300.0s)
  clean results/experiment_partfix_20260819_224500/gemma4/repaired/input.L1.facts.ttl: nothing flagged
  results/experiment_partfix_20260819_224500/gemma4/repaired/input.L10.facts.ttl: 1 finding(s) in; model proposed 1 group(s), 0 op(s), 2 merge(s)
    pass 1: applied 2 (of which 2 merge(s)), skipped 0, stub orphans swept 0
    pass 1: 2 op(s) applied but findings did not fall (0 -> 0) - stopping
    wrote results/experiment_partfix_20260819_224500/gemma4/repaired/input.L10.facts.ttl (backup at results/experiment_partfix_20260819_224500/gemma4/repaired/backup/input.L10.facts.ttl)
  clean results/experiment_partfix_20260819_224500/gemma4/repaired/input.L2.facts.ttl: nothing flagged
  results/experiment_partfix_20260819_224500/gemma4/repaired/input.L3.facts.ttl: 2 finding(s) in; model proposed 0 group(s), 0 op(s), 0 merge(s)
    pass 1: applied 0 (of which 0 merge(s)), skipped 0, stub orphans swept 0
    pass 1: no operations applied - stopping
    no net change across all passes; leaving the file untouched
  clean results/experiment_partfix_20260819_224500/gemma4/repaired/input.L4.facts.ttl: nothing flagged
  clean results/experiment_partfix_20260819_224500/gemma4/repaired/input.L5.facts.ttl: nothing flagged
  clean results/experiment_partfix_20260819_224500/gemma4/repaired/input.L6.facts.ttl: nothing flagged
  clean results/experiment_partfix_20260819_224500/gemma4/repaired/input.L7.facts.ttl: nothing flagged
  clean results/experiment_partfix_20260819_224500/gemma4/repaired/input.L8.facts.ttl: nothing flagged
  results/experiment_partfix_20260819_224500/gemma4/repaired/input.L9.facts.ttl: 2 finding(s) in; model proposed 0 group(s), 0 op(s), 0 merge(s)
    pass 1: applied 0 (of which 0 merge(s)), skipped 0, stub orphans swept 0
    pass 1: no operations applied - stopping
    no net change across all passes; leaving the file untouched
