repairing 10 file(s) under results/experiment_arms_20260823_223700/nochunk_ttl_mv1/repaired
  model: gemma-4-31b @ http://localhost:8000/v1 (temperature 0.4, timeout 300.0s)
  [domestic proceedings] results/experiment_arms_20260823_223700/nochunk_ttl_mv1/repaired/input.L1.facts.ttl: nothing flagged
  [persons and participation] results/experiment_arms_20260823_223700/nochunk_ttl_mv1/repaired/input.L1.facts.ttl: 3 finding(s) in; model proposed 0 group(s), 0 op(s), 0 merge(s)
    [persons and participation] pass 1: applied 0 (of which 0 merge(s)), skipped 0, stub orphans swept 0 [7.4s, 0.5s in the model]
    [persons and participation] pass 1: no operations applied - stopping
  [domestic authorities] results/experiment_arms_20260823_223700/nochunk_ttl_mv1/repaired/input.L1.facts.ttl: 3 finding(s) in; model proposed 3 group(s), 8 op(s), 0 merge(s)
    [domestic authorities] pass 1: applied 7 (of which 0 merge(s)), skipped 1, stub orphans swept 0 [19.1s, 11.3s in the model]
    SKIPPED [a node with more than one rdfs:label is asserting that two distinct entities are the same one -- split it instead of labelling it twice] remove doc:mayorRila rdfs:label "Ruse Municipal Council": skipped: triple not present
    [domestic authorities] pass 2: 1 finding(s) in; model proposed 1 group(s), 1 op(s), 0 merge(s)
    [domestic authorities] pass 2: applied 0 (of which 0 merge(s)), skipped 1, stub orphans swept 0 [10.0s, 2.2s in the model]
    SKIPPED [a node with more than one rdfs:label is asserting that two distinct entities are the same one -- split it instead of labelling it twice] remove doc:mayorRila rdfs:label "Ruse Municipal Council": skipped: triple not present
    [domestic authorities] pass 2: no operations applied - stopping
    document total: 52.1s across 3 model call(s) (14.0s in the model)
    wrote results/experiment_arms_20260823_223700/nochunk_ttl_mv1/repaired/input.L1.facts.ttl (backup at results/experiment_arms_20260823_223700/nochunk_ttl_mv1/repaired/backup/input.L1.facts.ttl)
  [domestic proceedings] results/experiment_arms_20260823_223700/nochunk_ttl_mv1/repaired/input.L10.facts.ttl: nothing flagged
  [persons and participation] results/experiment_arms_20260823_223700/nochunk_ttl_mv1/repaired/input.L10.facts.ttl: 2 finding(s) in; model proposed 4 group(s), 2 op(s), 0 merge(s)
    [persons and participation] pass 1: applied 2 (of which 0 merge(s)), skipped 0, stub orphans swept 0 [105.6s, 94.7s in the model]
    [persons and participation] pass 2: 1 finding(s) in; model proposed 0 group(s), 0 op(s), 0 merge(s)
    [persons and participation] pass 2: applied 0 (of which 0 merge(s)), skipped 0, stub orphans swept 0 [11.1s, 0.4s in the model]
    [persons and participation] pass 2: no operations applied - stopping
  [domestic authorities] results/experiment_arms_20260823_223700/nochunk_ttl_mv1/repaired/input.L10.facts.ttl: 1 finding(s) in; model proposed 1 group(s), 1 op(s), 0 merge(s)
    [domestic authorities] pass 1: applied 1 (of which 0 merge(s)), skipped 0, stub orphans swept 0 [14.2s, 2.5s in the model]
    [domestic authorities] pass 2: nothing left to flag - stopping
    document total: 175.6s across 3 model call(s) (97.6s in the model)
    wrote results/experiment_arms_20260823_223700/nochunk_ttl_mv1/repaired/input.L10.facts.ttl (backup at results/experiment_arms_20260823_223700/nochunk_ttl_mv1/repaired/backup/input.L10.facts.ttl)
  [domestic proceedings] results/experiment_arms_20260823_223700/nochunk_ttl_mv1/repaired/input.L2.facts.ttl: nothing flagged
  [persons and participation] results/experiment_arms_20260823_223700/nochunk_ttl_mv1/repaired/input.L2.facts.ttl: nothing flagged
  [domestic authorities] results/experiment_arms_20260823_223700/nochunk_ttl_mv1/repaired/input.L2.facts.ttl: nothing flagged
    document total: 12.2s across 0 model call(s) (0s in the model)
    no net change across all stages; leaving the file untouched
  [domestic proceedings] results/experiment_arms_20260823_223700/nochunk_ttl_mv1/repaired/input.L3.facts.ttl: 0 finding(s) in; model proposed 0 group(s), 0 op(s), 0 merge(s)
    [domestic proceedings] pass 1: applied 0 (of which 0 merge(s)), skipped 0, stub orphans swept 0 [8.0s, 0.5s in the model]
    [domestic proceedings] pass 1: no operations applied - stopping
  [persons and participation] results/experiment_arms_20260823_223700/nochunk_ttl_mv1/repaired/input.L3.facts.ttl: nothing flagged
  [domestic authorities] results/experiment_arms_20260823_223700/nochunk_ttl_mv1/repaired/input.L3.facts.ttl: nothing flagged
    document total: 21.7s across 1 model call(s) (0.5s in the model)
    no net change across all stages; leaving the file untouched
  [domestic proceedings] results/experiment_arms_20260823_223700/nochunk_ttl_mv1/repaired/input.L4.facts.ttl: nothing flagged
  [persons and participation] results/experiment_arms_20260823_223700/nochunk_ttl_mv1/repaired/input.L4.facts.ttl: nothing flagged
  [domestic authorities] results/experiment_arms_20260823_223700/nochunk_ttl_mv1/repaired/input.L4.facts.ttl: nothing flagged
    document total: 17.7s across 0 model call(s) (0s in the model)
    no net change across all stages; leaving the file untouched
  [domestic proceedings] results/experiment_arms_20260823_223700/nochunk_ttl_mv1/repaired/input.L5.facts.ttl: nothing flagged
  [persons and participation] results/experiment_arms_20260823_223700/nochunk_ttl_mv1/repaired/input.L5.facts.ttl: nothing flagged
  [domestic authorities] results/experiment_arms_20260823_223700/nochunk_ttl_mv1/repaired/input.L5.facts.ttl: nothing flagged
    document total: 23.4s across 0 model call(s) (0s in the model)
    no net change across all stages; leaving the file untouched
  [domestic proceedings] results/experiment_arms_20260823_223700/nochunk_ttl_mv1/repaired/input.L6.facts.ttl: nothing flagged
  [persons and participation] results/experiment_arms_20260823_223700/nochunk_ttl_mv1/repaired/input.L6.facts.ttl: nothing flagged
  [domestic authorities] results/experiment_arms_20260823_223700/nochunk_ttl_mv1/repaired/input.L6.facts.ttl: nothing flagged
    document total: 18.5s across 0 model call(s) (0s in the model)
    no net change across all stages; leaving the file untouched
  [domestic proceedings] results/experiment_arms_20260823_223700/nochunk_ttl_mv1/repaired/input.L7.facts.ttl: 1 finding(s) in; model proposed 0 group(s), 0 op(s), 0 merge(s)
    [domestic proceedings] pass 1: applied 0 (of which 0 merge(s)), skipped 0, stub orphans swept 0 [4.2s, 0.4s in the model]
    [domestic proceedings] pass 1: no operations applied - stopping
  [persons and participation] results/experiment_arms_20260823_223700/nochunk_ttl_mv1/repaired/input.L7.facts.ttl: 1 finding(s) in; model proposed 0 group(s), 0 op(s), 0 merge(s)
    [persons and participation] pass 1: applied 0 (of which 0 merge(s)), skipped 0, stub orphans swept 0 [5.0s, 0.4s in the model]
    [persons and participation] pass 1: no operations applied - stopping
  [domestic authorities] results/experiment_arms_20260823_223700/nochunk_ttl_mv1/repaired/input.L7.facts.ttl: 2 finding(s) in; model proposed 2 group(s), 17 op(s), 0 merge(s)
    [domestic authorities] pass 1: applied 13 (of which 0 merge(s)), skipped 4, stub orphans swept 0 [23.3s, 18.5s in the model]
    SKIPPED [a node with more than one rdfs:label is asserting that two distinct entities are the same one -- split it instead of labelling it twice] remove doc:courtPotts rdfs:label "House of Lords": skipped: triple not present
    SKIPPED [a node with more than one rdfs:label is asserting that two distinct entities are the same one -- split it instead of labelling it twice] remove doc:courtPotts rdfs:label "High Court of the United Kingdom": skipped: triple not present
    SKIPPED [a node with more than one rdfs:label is asserting that two distinct entities are the same one -- split it instead of labelling it twice] remove doc:courtPotts rdfs:label "Court of Appeal": skipped: triple not present
    SKIPPED [an authority must have exactly one name -- zero means the extraction fell back to rdfs:label only] remove doc:prosecutionUk rdfs:label "British Prosecution": skipped: triple not present
    [domestic authorities] pass 2: 1 finding(s) in; model proposed 1 group(s), 3 op(s), 0 merge(s)
    [domestic authorities] pass 2: applied 0 (of which 0 merge(s)), skipped 3, stub orphans swept 0 [9.5s, 4.8s in the model]
    SKIPPED [a node with more than one rdfs:label is asserting that two distinct entities are the same one -- split it instead of labelling it twice] remove doc:courtPotts rdfs:label "House of Lords": skipped: triple not present
    SKIPPED [a node with more than one rdfs:label is asserting that two distinct entities are the same one -- split it instead of labelling it twice] remove doc:courtPotts rdfs:label "High Court of the United Kingdom": skipped: triple not present
    SKIPPED [a node with more than one rdfs:label is asserting that two distinct entities are the same one -- split it instead of labelling it twice] remove doc:courtPotts rdfs:label "Court of Appeal": skipped: triple not present
    [domestic authorities] pass 2: no operations applied - stopping
    document total: 46.9s across 4 model call(s) (24.1s in the model)
    wrote results/experiment_arms_20260823_223700/nochunk_ttl_mv1/repaired/input.L7.facts.ttl (backup at results/experiment_arms_20260823_223700/nochunk_ttl_mv1/repaired/backup/input.L7.facts.ttl)
  [domestic proceedings] results/experiment_arms_20260823_223700/nochunk_ttl_mv1/repaired/input.L8.facts.ttl: nothing flagged
  [persons and participation] results/experiment_arms_20260823_223700/nochunk_ttl_mv1/repaired/input.L8.facts.ttl: 0 finding(s) in; model proposed 0 group(s), 0 op(s), 0 merge(s)
    [persons and participation] pass 1: applied 0 (of which 0 merge(s)), skipped 0, stub orphans swept 0 [6.5s, 0.5s in the model]
    [persons and participation] pass 1: no operations applied - stopping
  [domestic authorities] results/experiment_arms_20260823_223700/nochunk_ttl_mv1/repaired/input.L8.facts.ttl: nothing flagged
    document total: 20.1s across 1 model call(s) (0.5s in the model)
    no net change across all stages; leaving the file untouched
  [domestic proceedings] results/experiment_arms_20260823_223700/nochunk_ttl_mv1/repaired/input.L9.facts.ttl: nothing flagged
  [persons and participation] results/experiment_arms_20260823_223700/nochunk_ttl_mv1/repaired/input.L9.facts.ttl: nothing flagged
  [domestic authorities] results/experiment_arms_20260823_223700/nochunk_ttl_mv1/repaired/input.L9.facts.ttl: nothing flagged
    document total: 18.3s across 0 model call(s) (0s in the model)
    no net change across all stages; leaving the file untouched

  repair total: 406.5s over 10 document(s), 12 model call(s) (136.7s in the model, 269.8s deterministic)
    persons          5 call(s)    135.6s  (96.5s in the model)
    authorities      5 call(s)     76.1s  (39.3s in the model)
    proceedings      2 call(s)     12.2s  (0.9s in the model)
