repairing 10 file(s) under results/experiment_arms_20260823_223700/nochunk_ttl_mv1/repaired_v6
  model: gemma-4-31b @ http://localhost:8000/v1 (temperature 0.4, timeout 300.0s)
  source text: results/experiment_arms_20260823_223700/nochunk_ttl_mv1/input.jsonl (quote stage enabled)
  [domestic authorities] results/experiment_arms_20260823_223700/nochunk_ttl_mv1/repaired_v6/input.L1.facts.ttl: 3 finding(s) in; model proposed 3 group(s), 8 op(s), 0 merge(s)
    [domestic authorities] pass 1: applied 8 (of which 0 merge(s)), skipped 0, stub orphans swept 0 [11.9s, 11.8s in the model]
    [domestic authorities] pass 2: nothing left to flag - stopping
  [domestic proceedings] results/experiment_arms_20260823_223700/nochunk_ttl_mv1/repaired_v6/input.L1.facts.ttl: 0 finding(s) in; model proposed 8 group(s), 19 op(s), 0 merge(s)
    [domestic proceedings] pass 1: applied 19 (of which 0 merge(s)), skipped 0, stub orphans swept 0 [25.5s, 25.5s in the model]
    [domestic proceedings] pass 1: 19 op(s) applied but findings did not fall (0 -> 0) - stopping
    RECOVERED 1 group(s), 1 op(s) from a stalled generation
  [persons and participation] results/experiment_arms_20260823_223700/nochunk_ttl_mv1/repaired_v6/input.L1.facts.ttl: 3 finding(s) in; model proposed 1 group(s), 1 op(s), 0 merge(s)
    [persons and participation] pass 1: applied 1 (of which 0 merge(s)), skipped 0, stub orphans swept 0 [6.6s, 6.6s in the model]
    [persons and participation] pass 1: 1 op(s) applied but findings did not fall (3 -> 3) - stopping
  [source quote fidelity] results/experiment_arms_20260823_223700/nochunk_ttl_mv1/repaired_v6/input.L1.facts.ttl: nothing flagged
    document total: 44.1s across 3 model call(s) (43.9s in the model)
    wrote results/experiment_arms_20260823_223700/nochunk_ttl_mv1/repaired_v6/input.L1.facts.ttl (backup at results/experiment_arms_20260823_223700/nochunk_ttl_mv1/repaired_v6/backup/input.L1.facts.ttl)
  [domestic authorities] results/experiment_arms_20260823_223700/nochunk_ttl_mv1/repaired_v6/input.L10.facts.ttl: 1 finding(s) in; model proposed 1 group(s), 3 op(s), 0 merge(s)
    [domestic authorities] pass 1: applied 1 (of which 0 merge(s)), skipped 2, stub orphans swept 0 [3.9s, 3.9s in the model]
    SKIPPED [The node doc:belgianState is typed as a DomesticAuthority but lacks an echr:hasAuthorityName. Looking at its properties, it has echr:hasPartyName "Belgian State", which strongly suggests this node is actually a Party (the respondent State) rather than a deciding domestic authority. Since it does not represent a court, prosecutor, or administrative body that decided a proceeding, it should not be in the graph as a DomesticAuthority.] remove doc:belgianState echr:hasPartyName "Belgian State": skipped: triple not present
    SKIPPED [The node doc:belgianState is typed as a DomesticAuthority but lacks an echr:hasAuthorityName. Looking at its properties, it has echr:hasPartyName "Belgian State", which strongly suggests this node is actually a Party (the respondent State) rather than a deciding domestic authority. Since it does not represent a court, prosecutor, or administrative body that decided a proceeding, it should not be in the graph as a DomesticAuthority.] remove doc:belgianState rdfs:label "Belgian State": skipped: triple not present
    [domestic authorities] pass 2: nothing left to flag - stopping
    RECOVERED 1 group(s), 1 op(s) from a stalled generation
  [domestic proceedings] results/experiment_arms_20260823_223700/nochunk_ttl_mv1/repaired_v6/input.L10.facts.ttl: 0 finding(s) in; model proposed 1 group(s), 1 op(s), 0 merge(s)
    [domestic proceedings] pass 1: applied 1 (of which 0 merge(s)), skipped 0, stub orphans swept 0 [5.5s, 5.5s in the model]
    [domestic proceedings] pass 1: 1 op(s) applied but findings did not fall (0 -> 0) - stopping
    RECOVERED 1 group(s), 1 op(s) from a stalled generation
  [persons and participation] results/experiment_arms_20260823_223700/nochunk_ttl_mv1/repaired_v6/input.L10.facts.ttl: 1 finding(s) in; model proposed 1 group(s), 1 op(s), 0 merge(s)
    [persons and participation] pass 1: applied 1 (of which 0 merge(s)), skipped 0, stub orphans swept 0 [6.3s, 6.3s in the model]
    [persons and participation] pass 1: 1 op(s) applied but findings did not fall (1 -> 1) - stopping
  [source quote fidelity] results/experiment_arms_20260823_223700/nochunk_ttl_mv1/repaired_v6/input.L10.facts.ttl: 3 finding(s) in; model proposed 3 group(s), 2 op(s), 0 merge(s)
    [source quote fidelity] pass 1: applied 2 (of which 0 merge(s)), skipped 2, stub orphans swept 1 [5.2s, 5.1s in the model]
    SKIPPED [The quote for doc:proceedingEnforcementJudgeDutch is slightly different from the source text (missing a hyphen in 'Dutch-language').] remove doc:proceedingEnforcementJudgeDutch echr:hasSupportingQuote the Belgian State brought proceedings against the applicants before the enforcement judge at the Brussels Dutch-language TPI: applied (removed 1 quote(s) by index)
    SKIPPED [The quote for doc:proceedingEnforcementJudgeDutch is slightly different from the source text (missing a hyphen in 'Dutch-language').] add doc:proceedingEnforcementJudgeDutch echr:hasSupportingQuote the Belgian State brought proceedings against the applicants before the enforcement judge at the Brussels Dutch-language TPI: skipped: quote does not appear verbatim in the source document
    RECOVERED 1 group(s), 2 op(s) from a stalled generation
    [source quote fidelity] pass 2: 2 finding(s) in; model proposed 1 group(s), 2 op(s), 0 merge(s)
    [source quote fidelity] pass 2: applied 2 (of which 0 merge(s)), skipped 2, stub orphans swept 1 [12.1s, 12.0s in the model]
    SKIPPED [The quote for doc:proceedingTpiDutchStay contains a minor punctuation difference ('Dutch-speaking' vs 'Dutch – speaking') compared to the source text.] remove doc:proceedingTpiDutchStay echr:hasSupportingQuote lodged a unilateral action to that effect with the President of the Brussels Dutch-speaking TPI on 13 December 2016, but was unsuccessful: applied (removed 1 quote(s) by index)
    SKIPPED [The quote for doc:proceedingTpiDutchStay contains a minor punctuation difference ('Dutch-speaking' vs 'Dutch – speaking') compared to the source text.] add doc:proceedingTpiDutchStay echr:hasSupportingQuote lodged a unilateral action to that effect with the President of the Brussels Dutch – speaking TPI on 13 December 2016, but was unsuccessful: skipped: quote does not appear verbatim in the source document
    [source quote fidelity] pass 3: 1 finding(s) in; model proposed 1 group(s), 2 op(s), 0 merge(s)
    [source quote fidelity] pass 3: applied 2 (of which 0 merge(s)), skipped 2, stub orphans swept 1 [7.5s, 7.5s in the model]
    SKIPPED [The quote for doc:proceedingTpiInterPartes is almost verbatim but missing the comma after '2016'.] remove doc:proceedingTpiInterPartes echr:hasSupportingQuote On 7 November 2016 another judge acting as president of the French-language TPI declared their application admissible but unfounded: applied (removed 1 quote(s) by index)
    SKIPPED [The quote for doc:proceedingTpiInterPartes is almost verbatim but missing the comma after '2016'.] add doc:proceedingTpiInterPartes echr:hasSupportingQuote On 7 November 2016 another judge acting as president of the French – language TPI declared their application admissible but unfounded: skipped: quote does not appear verbatim in the source document
    document total: 40.6s across 6 model call(s) (40.3s in the model)
    wrote results/experiment_arms_20260823_223700/nochunk_ttl_mv1/repaired_v6/input.L10.facts.ttl (backup at results/experiment_arms_20260823_223700/nochunk_ttl_mv1/repaired_v6/backup/input.L10.facts.ttl)
  [domestic authorities] results/experiment_arms_20260823_223700/nochunk_ttl_mv1/repaired_v6/input.L2.facts.ttl: nothing flagged
  [domestic proceedings] results/experiment_arms_20260823_223700/nochunk_ttl_mv1/repaired_v6/input.L2.facts.ttl: nothing flagged
  [persons and participation] results/experiment_arms_20260823_223700/nochunk_ttl_mv1/repaired_v6/input.L2.facts.ttl: nothing flagged
  [source quote fidelity] results/experiment_arms_20260823_223700/nochunk_ttl_mv1/repaired_v6/input.L2.facts.ttl: nothing flagged
    document total: 0.1s across 0 model call(s) (0s in the model)
    no net change across all stages; leaving the file untouched
  [domestic authorities] results/experiment_arms_20260823_223700/nochunk_ttl_mv1/repaired_v6/input.L3.facts.ttl: nothing flagged
    RECOVERED 1 group(s), 1 op(s) from a stalled generation
  [domestic proceedings] results/experiment_arms_20260823_223700/nochunk_ttl_mv1/repaired_v6/input.L3.facts.ttl: 0 finding(s) in; model proposed 1 group(s), 1 op(s), 0 merge(s)
    [domestic proceedings] pass 1: applied 1 (of which 0 merge(s)), skipped 0, stub orphans swept 0 [6.2s, 6.2s in the model]
    [domestic proceedings] pass 1: 1 op(s) applied but findings did not fall (0 -> 0) - stopping
    RECOVERED 1 group(s), 1 op(s) from a stalled generation
  [persons and participation] results/experiment_arms_20260823_223700/nochunk_ttl_mv1/repaired_v6/input.L3.facts.ttl: 4 finding(s) in; model proposed 1 group(s), 1 op(s), 0 merge(s)
    [persons and participation] pass 1: applied 1 (of which 0 merge(s)), skipped 0, stub orphans swept 0 [6.3s, 6.3s in the model]
    [persons and participation] pass 1: 1 op(s) applied but findings did not fall (4 -> 4) - stopping
  [source quote fidelity] results/experiment_arms_20260823_223700/nochunk_ttl_mv1/repaired_v6/input.L3.facts.ttl: 1 finding(s) in; model proposed 1 group(s), 2 op(s), 0 merge(s)
    [source quote fidelity] pass 1: applied 2 (of which 0 merge(s)), skipped 1, stub orphans swept 0 [4.4s, 4.3s in the model]
    SKIPPED [The quote for doc:proceedingSaleAnnulmentRectification is a paraphrase/summary that merges text from paragraphs 37 and 38. It must be replaced by verbatim spans from the source.] remove doc:proceedingSaleAnnulmentRectification echr:hasSupportingQuote On 30 June 2017, the 13th Chamber of the Supreme Administrative Court granted the request... and annulled the sale in question.: applied (removed 1 quote(s) by index)
    [source quote fidelity] pass 2: nothing left to flag - stopping
    document total: 17.0s across 3 model call(s) (16.8s in the model)
    wrote results/experiment_arms_20260823_223700/nochunk_ttl_mv1/repaired_v6/input.L3.facts.ttl (backup at results/experiment_arms_20260823_223700/nochunk_ttl_mv1/repaired_v6/backup/input.L3.facts.ttl)
  [domestic authorities] results/experiment_arms_20260823_223700/nochunk_ttl_mv1/repaired_v6/input.L4.facts.ttl: nothing flagged
  [domestic proceedings] results/experiment_arms_20260823_223700/nochunk_ttl_mv1/repaired_v6/input.L4.facts.ttl: nothing flagged
  [persons and participation] results/experiment_arms_20260823_223700/nochunk_ttl_mv1/repaired_v6/input.L4.facts.ttl: nothing flagged
  [source quote fidelity] results/experiment_arms_20260823_223700/nochunk_ttl_mv1/repaired_v6/input.L4.facts.ttl: nothing flagged
    document total: 0.1s across 0 model call(s) (0s in the model)
    no net change across all stages; leaving the file untouched
  [domestic authorities] results/experiment_arms_20260823_223700/nochunk_ttl_mv1/repaired_v6/input.L5.facts.ttl: nothing flagged
  [domestic proceedings] results/experiment_arms_20260823_223700/nochunk_ttl_mv1/repaired_v6/input.L5.facts.ttl: nothing flagged
  [persons and participation] results/experiment_arms_20260823_223700/nochunk_ttl_mv1/repaired_v6/input.L5.facts.ttl: 1 finding(s) in; model proposed 3 group(s), 3 op(s), 0 merge(s)
    [persons and participation] pass 1: applied 3 (of which 0 merge(s)), skipped 0, stub orphans swept 0 [7.8s, 7.8s in the model]
    [persons and participation] pass 1: 3 op(s) applied but findings did not fall (1 -> 1) - stopping
  [source quote fidelity] results/experiment_arms_20260823_223700/nochunk_ttl_mv1/repaired_v6/input.L5.facts.ttl: nothing flagged
    document total: 7.9s across 1 model call(s) (7.8s in the model)
    wrote results/experiment_arms_20260823_223700/nochunk_ttl_mv1/repaired_v6/input.L5.facts.ttl (backup at results/experiment_arms_20260823_223700/nochunk_ttl_mv1/repaired_v6/backup/input.L5.facts.ttl)
  [domestic authorities] results/experiment_arms_20260823_223700/nochunk_ttl_mv1/repaired_v6/input.L6.facts.ttl: nothing flagged
  [domestic proceedings] results/experiment_arms_20260823_223700/nochunk_ttl_mv1/repaired_v6/input.L6.facts.ttl: nothing flagged
  [persons and participation] results/experiment_arms_20260823_223700/nochunk_ttl_mv1/repaired_v6/input.L6.facts.ttl: 2 finding(s) in; model proposed 2 group(s), 74 op(s), 0 merge(s)
    [persons and participation] pass 1: applied 74 (of which 0 merge(s)), skipped 2, stub orphans swept 0 [56.2s, 56.2s in the model]
    SKIPPED [Participation nodes doc:part_llc_1 and doc:part_scholz_1 are reused across multiple domestic events, which violates the ontology's requirement for one Participation instance per party per event.] remove doc:part_llc_1 rdf:type : applied (1 value(s))
    SKIPPED [Participation nodes doc:part_llc_1 and doc:part_scholz_1 are reused across multiple domestic events, which violates the ontology's requirement for one Participation instance per party per event.] remove doc:part_scholz_1 rdf:type : applied (1 value(s))
    [persons and participation] pass 2: nothing left to flag - stopping
  [source quote fidelity] results/experiment_arms_20260823_223700/nochunk_ttl_mv1/repaired_v6/input.L6.facts.ttl: nothing flagged
    document total: 56.3s across 1 model call(s) (56.2s in the model)
    wrote results/experiment_arms_20260823_223700/nochunk_ttl_mv1/repaired_v6/input.L6.facts.ttl (backup at results/experiment_arms_20260823_223700/nochunk_ttl_mv1/repaired_v6/backup/input.L6.facts.ttl)
  [domestic authorities] results/experiment_arms_20260823_223700/nochunk_ttl_mv1/repaired_v6/input.L7.facts.ttl: 2 finding(s) in; model proposed 2 group(s), 4 op(s), 0 merge(s)
    [domestic authorities] pass 1: applied 4 (of which 0 merge(s)), skipped 0, stub orphans swept 0 [5.7s, 5.7s in the model]
    [domestic authorities] pass 2: nothing left to flag - stopping
  [domestic proceedings] results/experiment_arms_20260823_223700/nochunk_ttl_mv1/repaired_v6/input.L7.facts.ttl: 1 finding(s) in; model proposed 0 group(s), 0 op(s), 0 merge(s)
    [domestic proceedings] pass 1: applied 0 (of which 0 merge(s)), skipped 0, stub orphans swept 0 [0.4s, 0.4s in the model]
    [domestic proceedings] pass 1: no operations applied - stopping
  [persons and participation] results/experiment_arms_20260823_223700/nochunk_ttl_mv1/repaired_v6/input.L7.facts.ttl: nothing flagged
  [source quote fidelity] results/experiment_arms_20260823_223700/nochunk_ttl_mv1/repaired_v6/input.L7.facts.ttl: nothing flagged
    document total: 6.3s across 2 model call(s) (6.1s in the model)
    wrote results/experiment_arms_20260823_223700/nochunk_ttl_mv1/repaired_v6/input.L7.facts.ttl (backup at results/experiment_arms_20260823_223700/nochunk_ttl_mv1/repaired_v6/backup/input.L7.facts.ttl)
  [domestic authorities] results/experiment_arms_20260823_223700/nochunk_ttl_mv1/repaired_v6/input.L8.facts.ttl: nothing flagged
  [domestic proceedings] results/experiment_arms_20260823_223700/nochunk_ttl_mv1/repaired_v6/input.L8.facts.ttl: nothing flagged
    RECOVERED 1 group(s), 1 op(s) from a stalled generation
  [persons and participation] results/experiment_arms_20260823_223700/nochunk_ttl_mv1/repaired_v6/input.L8.facts.ttl: 0 finding(s) in; model proposed 1 group(s), 1 op(s), 0 merge(s)
    [persons and participation] pass 1: applied 1 (of which 0 merge(s)), skipped 0, stub orphans swept 0 [6.4s, 6.4s in the model]
    [persons and participation] pass 1: 1 op(s) applied but findings did not fall (0 -> 0) - stopping
  [source quote fidelity] results/experiment_arms_20260823_223700/nochunk_ttl_mv1/repaired_v6/input.L8.facts.ttl: 1 finding(s) in; model proposed 1 group(s), 2 op(s), 0 merge(s)
    [source quote fidelity] pass 1: applied 2 (of which 0 merge(s)), skipped 1, stub orphans swept 0 [2.9s, 2.9s in the model]
    SKIPPED [The quote 'provided for the purchase of the Stavanger for 2.5 million US dollars' is a paraphrase. The source text specifies 'provided for the purchase by the Port of the Stavanger for 2.5 million US dollars'.] remove doc:admin_action_2 echr:hasSupportingQuote provided for the purchase of the Stavanger for 2.5 million US dollars: applied (removed 1 quote(s) by index)
    [source quote fidelity] pass 2: nothing left to flag - stopping
    document total: 9.4s across 2 model call(s) (9.3s in the model)
    wrote results/experiment_arms_20260823_223700/nochunk_ttl_mv1/repaired_v6/input.L8.facts.ttl (backup at results/experiment_arms_20260823_223700/nochunk_ttl_mv1/repaired_v6/backup/input.L8.facts.ttl)
  [domestic authorities] results/experiment_arms_20260823_223700/nochunk_ttl_mv1/repaired_v6/input.L9.facts.ttl: nothing flagged
  [domestic proceedings] results/experiment_arms_20260823_223700/nochunk_ttl_mv1/repaired_v6/input.L9.facts.ttl: nothing flagged
  [persons and participation] results/experiment_arms_20260823_223700/nochunk_ttl_mv1/repaired_v6/input.L9.facts.ttl: 1 finding(s) in; model proposed 1 group(s), 5 op(s), 0 merge(s)
    [persons and participation] pass 1: applied 5 (of which 0 merge(s)), skipped 0, stub orphans swept 0 [5.1s, 5.1s in the model]
    [persons and participation] pass 2: nothing left to flag - stopping
  [source quote fidelity] results/experiment_arms_20260823_223700/nochunk_ttl_mv1/repaired_v6/input.L9.facts.ttl: nothing flagged
    document total: 5.2s across 1 model call(s) (5.1s in the model)
    wrote results/experiment_arms_20260823_223700/nochunk_ttl_mv1/repaired_v6/input.L9.facts.ttl (backup at results/experiment_arms_20260823_223700/nochunk_ttl_mv1/repaired_v6/backup/input.L9.facts.ttl)

  repair total: 187.1s over 10 document(s), 19 model call(s) (185.5s in the model, 1.6s deterministic)
    authorities      3 call(s)     21.5s  (21.4s in the model)
    proceedings      4 call(s)     37.6s  (37.6s in the model)
    persons          7 call(s)     94.7s  (94.7s in the model)
    quotes           5 call(s)     32.1s  (31.8s in the model)
