repairing 10 file(s) under results/experiment_arms_20260823_223700/nochunk_ttl_mv1/repaired_v4
  model: gemma-4-31b @ http://localhost:8000/v1 (temperature 0.4, timeout 300.0s)
  source text: results/experiment_arms_20260823_223700/nochunk_ttl_mv1/input.jsonl (quote stage enabled)
  [domestic authorities] results/experiment_arms_20260823_223700/nochunk_ttl_mv1/repaired_v4/input.L1.facts.ttl: 3 finding(s) in; model proposed 2 group(s), 8 op(s), 0 merge(s)
    [domestic authorities] pass 1: applied 8 (of which 0 merge(s)), skipped 0, stub orphans swept 0 [9.3s, 9.2s in the model]
    [domestic authorities] pass 2: nothing left to flag - stopping
  [domestic proceedings] results/experiment_arms_20260823_223700/nochunk_ttl_mv1/repaired_v4/input.L1.facts.ttl: 0 finding(s) in; model proposed 0 group(s), 0 op(s), 0 merge(s)
    [domestic proceedings] pass 1: applied 0 (of which 0 merge(s)), skipped 0, stub orphans swept 0 [0.4s, 0.4s in the model]
    [domestic proceedings] pass 1: no operations applied - stopping
  [persons and participation] results/experiment_arms_20260823_223700/nochunk_ttl_mv1/repaired_v4/input.L1.facts.ttl: 0 finding(s) in; model proposed 2 group(s), 2 op(s), 0 merge(s)
    [persons and participation] pass 1: applied 2 (of which 0 merge(s)), skipped 0, stub orphans swept 0 [90.4s, 90.4s in the model]
    [persons and participation] pass 1: 2 op(s) applied but findings did not fall (0 -> 0) - stopping
  [source quote fidelity] results/experiment_arms_20260823_223700/nochunk_ttl_mv1/repaired_v4/input.L1.facts.ttl: nothing flagged
    document total: 100.2s across 3 model call(s) (100.0s in the model)
    wrote results/experiment_arms_20260823_223700/nochunk_ttl_mv1/repaired_v4/input.L1.facts.ttl (backup at results/experiment_arms_20260823_223700/nochunk_ttl_mv1/repaired_v4/backup/input.L1.facts.ttl)
  [domestic authorities] results/experiment_arms_20260823_223700/nochunk_ttl_mv1/repaired_v4/input.L10.facts.ttl: 1 finding(s) in; model proposed 1 group(s), 1 op(s), 0 merge(s)
    [domestic authorities] pass 1: applied 1 (of which 0 merge(s)), skipped 0, stub orphans swept 0 [2.3s, 2.3s in the model]
    [domestic authorities] pass 2: nothing left to flag - stopping
    [domestic proceedings] FAILED: RepairTruncated: generation hit the 8000-token output cap without closing the patch -- raise --max-tokens for this document
    continuing to the next stage; earlier stages' work is kept
  [persons and participation] results/experiment_arms_20260823_223700/nochunk_ttl_mv1/repaired_v4/input.L10.facts.ttl: 1 finding(s) in; model proposed 3 group(s), 3 op(s), 0 merge(s)
    [persons and participation] pass 1: applied 3 (of which 0 merge(s)), skipped 0, stub orphans swept 0 [4.0s, 4.0s in the model]
    [persons and participation] pass 2: 0 finding(s) in; model proposed 0 group(s), 0 op(s), 0 merge(s)
    [persons and participation] pass 2: applied 0 (of which 0 merge(s)), skipped 0, stub orphans swept 0 [0.3s, 0.3s in the model]
    [persons and participation] pass 2: no operations applied - stopping
  [source quote fidelity] results/experiment_arms_20260823_223700/nochunk_ttl_mv1/repaired_v4/input.L10.facts.ttl: 3 finding(s) in; model proposed 3 group(s), 6 op(s), 0 merge(s)
    [source quote fidelity] pass 1: applied 0 (of which 0 merge(s)), skipped 6, stub orphans swept 0 [11.1s, 11.0s in the model]
    SKIPPED [The quote for doc:proceedingTpiInterPartes is slightly paraphrased; it missing the word 'another' at the start of the sentence in the source text, but actually, looking closer, the quote provided is 'On 7 November 2016 another judge acting as president of the French-language TPI declared their application admissible but unfounded', which matches the source exactly. Wait, let me re-read. Source: 'On 7 November 2016 another judge acting as president of the French-language TPI declared their application admissible but unfounded'. It is a verbatim match. However, it is listed in unverified_quotes. I will re-verify. Actually, it is verbatim. I will keep it as is or re-add it to be sure, but the instructions say if it's verbatim it's verified. If it's in unverified_quotes, there might be a hidden character difference. I will re-add it exactly from source.] remove doc:proceedingTpiInterPartes echr:hasSupportingQuote On 7 November 2016 another judge acting as president of the French-language TPI declared their application admissible but unfounded: skipped: triple not present
    SKIPPED [The quote for doc:proceedingTpiInterPartes is slightly paraphrased; it missing the word 'another' at the start of the sentence in the source text, but actually, looking closer, the quote provided is 'On 7 November 2016 another judge acting as president of the French-language TPI declared their application admissible but unfounded', which matches the source exactly. Wait, let me re-read. Source: 'On 7 November 2016 another judge acting as president of the French-language TPI declared their application admissible but unfounded'. It is a verbatim match. However, it is listed in unverified_quotes. I will re-verify. Actually, it is verbatim. I will keep it as is or re-add it to be sure, but the instructions say if it's verbatim it's verified. If it's in unverified_quotes, there might be a hidden character difference. I will re-add it exactly from source.] add doc:proceedingTpiInterPartes echr:hasSupportingQuote On 7 November 2016 another judge acting as president of the French-language TPI declared their application admissible but unfounded: skipped: quote does not appear verbatim in the source document
    SKIPPED [The quote for doc:proceedingEnforcementJudgeDutch is a fragment of a sentence. Source: 'On the same date the Belgian State brought proceedings against the applicants before the enforcement judge at the Brussels Dutch-language TPI'. The quote is missing the opening phrase.] remove doc:proceedingEnforcementJudgeDutch echr:hasSupportingQuote the Belgian State brought proceedings against the applicants before the enforcement judge at the Brussels Dutch-language TPI: skipped: triple not present
    SKIPPED [The quote for doc:proceedingEnforcementJudgeDutch is a fragment of a sentence. Source: 'On the same date the Belgian State brought proceedings against the applicants before the enforcement judge at the Brussels Dutch-language TPI'. The quote is missing the opening phrase.] add doc:proceedingEnforcementJudgeDutch echr:hasSupportingQuote the Belgian State brought proceedings against the applicants before the enforcement judge at the Brussels Dutch-language TPI: skipped: quote does not appear verbatim in the source document
    SKIPPED [The quote for doc:proceedingTpiDutchStay is a fragment. Source: 'The Belgian State, which sought for its part a stay of execution of the Brussels Court of Appeal’s judgment of 7 December 2016, lodged a unilateral action to that effect with the President of the Brussels Dutch-speaking TPI on 13 December 2016, but was unsuccessful'.] remove doc:proceedingTpiDutchStay echr:hasSupportingQuote lodged a unilateral action to that effect with the President of the Brussels Dutch-speaking TPI on 13 December 2016, but was unsuccessful: skipped: triple not present
    SKIPPED [The quote for doc:proceedingTpiDutchStay is a fragment. Source: 'The Belgian State, which sought for its part a stay of execution of the Brussels Court of Appeal’s judgment of 7 December 2016, lodged a unilateral action to that effect with the President of the Brussels Dutch-speaking TPI on 13 December 2016, but was unsuccessful'.] add doc:proceedingTpiDutchStay echr:hasSupportingQuote lodged a unilateral action to that effect with the President of the Brussels Dutch-speaking TPI on 13 December 2016, but was unsuccessful: skipped: quote does not appear verbatim in the source document
    [source quote fidelity] pass 1: no operations applied - stopping
    document total: 190.5s across 5 model call(s) (190.4s in the model)
    wrote results/experiment_arms_20260823_223700/nochunk_ttl_mv1/repaired_v4/input.L10.facts.ttl (backup at results/experiment_arms_20260823_223700/nochunk_ttl_mv1/repaired_v4/backup/input.L10.facts.ttl)
  [domestic authorities] results/experiment_arms_20260823_223700/nochunk_ttl_mv1/repaired_v4/input.L2.facts.ttl: nothing flagged
  [domestic proceedings] results/experiment_arms_20260823_223700/nochunk_ttl_mv1/repaired_v4/input.L2.facts.ttl: nothing flagged
  [persons and participation] results/experiment_arms_20260823_223700/nochunk_ttl_mv1/repaired_v4/input.L2.facts.ttl: nothing flagged
  [source quote fidelity] results/experiment_arms_20260823_223700/nochunk_ttl_mv1/repaired_v4/input.L2.facts.ttl: nothing flagged
    document total: 0.1s across 0 model call(s) (0s in the model)
    no net change across all stages; leaving the file untouched
  [domestic authorities] results/experiment_arms_20260823_223700/nochunk_ttl_mv1/repaired_v4/input.L3.facts.ttl: nothing flagged
  [domestic proceedings] results/experiment_arms_20260823_223700/nochunk_ttl_mv1/repaired_v4/input.L3.facts.ttl: 0 finding(s) in; model proposed 0 group(s), 0 op(s), 0 merge(s)
    [domestic proceedings] pass 1: applied 0 (of which 0 merge(s)), skipped 0, stub orphans swept 0 [0.5s, 0.5s in the model]
    [domestic proceedings] pass 1: no operations applied - stopping
  [persons and participation] results/experiment_arms_20260823_223700/nochunk_ttl_mv1/repaired_v4/input.L3.facts.ttl: nothing flagged
  [source quote fidelity] results/experiment_arms_20260823_223700/nochunk_ttl_mv1/repaired_v4/input.L3.facts.ttl: 1 finding(s) in; model proposed 1 group(s), 2 op(s), 0 merge(s)
    [source quote fidelity] pass 1: applied 0 (of which 0 merge(s)), skipped 2, stub orphans swept 0 [4.1s, 4.0s in the model]
    SKIPPED [The quote for doc:proceedingSaleAnnulmentRectification is a paraphrase/summary that merges two separate sentences from paragraph 37 and 38. It must be replaced by the verbatim span from the source.] remove doc:proceedingSaleAnnulmentRectification echr:hasSupportingQuote On 30 June 2017, the 13th Chamber of the Supreme Administrative Court granted the request... and annulled the sale in question.: skipped: triple not present
    SKIPPED [The quote for doc:proceedingSaleAnnulmentRectification is a paraphrase/summary that merges two separate sentences from paragraph 37 and 38. It must be replaced by the verbatim span from the source.] add doc:proceedingSaleAnnulmentRectification echr:hasSupportingQuote On 30 June 2017, the 13th Chamber of the Supreme Administrative Court granted the request, referring to the ruling of the General Assembly of 7 July 2015 which had annulled the Fund’s decision of 13 January 2011 concerning the valuation of Viva TV-Radio Viva (see paragraph 29 above).: skipped: quote does not appear verbatim in the source document
    [source quote fidelity] pass 1: no operations applied - stopping
    document total: 4.7s across 2 model call(s) (4.5s in the model)
    no net change across all stages; leaving the file untouched
  [domestic authorities] results/experiment_arms_20260823_223700/nochunk_ttl_mv1/repaired_v4/input.L4.facts.ttl: nothing flagged
  [domestic proceedings] results/experiment_arms_20260823_223700/nochunk_ttl_mv1/repaired_v4/input.L4.facts.ttl: nothing flagged
  [persons and participation] results/experiment_arms_20260823_223700/nochunk_ttl_mv1/repaired_v4/input.L4.facts.ttl: nothing flagged
  [source quote fidelity] results/experiment_arms_20260823_223700/nochunk_ttl_mv1/repaired_v4/input.L4.facts.ttl: nothing flagged
    document total: 0.1s across 0 model call(s) (0s in the model)
    no net change across all stages; leaving the file untouched
  [domestic authorities] results/experiment_arms_20260823_223700/nochunk_ttl_mv1/repaired_v4/input.L5.facts.ttl: nothing flagged
  [domestic proceedings] results/experiment_arms_20260823_223700/nochunk_ttl_mv1/repaired_v4/input.L5.facts.ttl: nothing flagged
  [persons and participation] results/experiment_arms_20260823_223700/nochunk_ttl_mv1/repaired_v4/input.L5.facts.ttl: nothing flagged
  [source quote fidelity] results/experiment_arms_20260823_223700/nochunk_ttl_mv1/repaired_v4/input.L5.facts.ttl: nothing flagged
    document total: 0.1s across 0 model call(s) (0s in the model)
    no net change across all stages; leaving the file untouched
  [domestic authorities] results/experiment_arms_20260823_223700/nochunk_ttl_mv1/repaired_v4/input.L6.facts.ttl: nothing flagged
  [domestic proceedings] results/experiment_arms_20260823_223700/nochunk_ttl_mv1/repaired_v4/input.L6.facts.ttl: nothing flagged
  [persons and participation] results/experiment_arms_20260823_223700/nochunk_ttl_mv1/repaired_v4/input.L6.facts.ttl: nothing flagged
  [source quote fidelity] results/experiment_arms_20260823_223700/nochunk_ttl_mv1/repaired_v4/input.L6.facts.ttl: nothing flagged
    document total: 0.1s across 0 model call(s) (0s in the model)
    no net change across all stages; leaving the file untouched
  [domestic authorities] results/experiment_arms_20260823_223700/nochunk_ttl_mv1/repaired_v4/input.L7.facts.ttl: 2 finding(s) in; model proposed 2 group(s), 14 op(s), 0 merge(s)
    [domestic authorities] pass 1: applied 14 (of which 0 merge(s)), skipped 0, stub orphans swept 0 [17.0s, 17.0s in the model]
    [domestic authorities] pass 2: nothing left to flag - stopping
  [domestic proceedings] results/experiment_arms_20260823_223700/nochunk_ttl_mv1/repaired_v4/input.L7.facts.ttl: 1 finding(s) in; model proposed 4 group(s), 9 op(s), 0 merge(s)
    [domestic proceedings] pass 1: applied 9 (of which 0 merge(s)), skipped 0, stub orphans swept 0 [14.2s, 14.2s in the model]
    [domestic proceedings] pass 1: 9 op(s) applied but findings did not fall (0 -> 0) - stopping
  [persons and participation] results/experiment_arms_20260823_223700/nochunk_ttl_mv1/repaired_v4/input.L7.facts.ttl: nothing flagged
  [source quote fidelity] results/experiment_arms_20260823_223700/nochunk_ttl_mv1/repaired_v4/input.L7.facts.ttl: nothing flagged
    document total: 31.2s across 2 model call(s) (31.2s in the model)
    wrote results/experiment_arms_20260823_223700/nochunk_ttl_mv1/repaired_v4/input.L7.facts.ttl (backup at results/experiment_arms_20260823_223700/nochunk_ttl_mv1/repaired_v4/backup/input.L7.facts.ttl)
  [domestic authorities] results/experiment_arms_20260823_223700/nochunk_ttl_mv1/repaired_v4/input.L8.facts.ttl: nothing flagged
  [domestic proceedings] results/experiment_arms_20260823_223700/nochunk_ttl_mv1/repaired_v4/input.L8.facts.ttl: nothing flagged
  [persons and participation] results/experiment_arms_20260823_223700/nochunk_ttl_mv1/repaired_v4/input.L8.facts.ttl: 0 finding(s) in; model proposed 8 group(s), 4 op(s), 0 merge(s)
    [persons and participation] pass 1: applied 4 (of which 0 merge(s)), skipped 0, stub orphans swept 0 [93.4s, 93.4s in the model]
    [persons and participation] pass 1: 4 op(s) applied but findings did not fall (0 -> 0) - stopping
  [source quote fidelity] results/experiment_arms_20260823_223700/nochunk_ttl_mv1/repaired_v4/input.L8.facts.ttl: 1 finding(s) in; model proposed 1 group(s), 2 op(s), 0 merge(s)
    [source quote fidelity] pass 1: applied 1 (of which 0 merge(s)), skipped 1, stub orphans swept 0 [89.7s, 89.7s in the model]
    SKIPPED [The quote 'provided for the purchase of the Stavanger for 2.5 million US dollars' is a paraphrase. The source text contains the verbatim span 'provided for the purchase by the Port of the Stavanger for 2.5 million US dollars'.] remove doc:admin_action_2 echr:hasSupportingQuote provided for the purchase of the Stavanger for 2.5 million US dollars: skipped: triple not present
    [source quote fidelity] pass 1: 1 op(s) applied but findings did not fall (1 -> 1) - stopping
    document total: 183.2s across 2 model call(s) (183.1s in the model)
    wrote results/experiment_arms_20260823_223700/nochunk_ttl_mv1/repaired_v4/input.L8.facts.ttl (backup at results/experiment_arms_20260823_223700/nochunk_ttl_mv1/repaired_v4/backup/input.L8.facts.ttl)
  [domestic authorities] results/experiment_arms_20260823_223700/nochunk_ttl_mv1/repaired_v4/input.L9.facts.ttl: nothing flagged
  [domestic proceedings] results/experiment_arms_20260823_223700/nochunk_ttl_mv1/repaired_v4/input.L9.facts.ttl: nothing flagged
  [persons and participation] results/experiment_arms_20260823_223700/nochunk_ttl_mv1/repaired_v4/input.L9.facts.ttl: nothing flagged
  [source quote fidelity] results/experiment_arms_20260823_223700/nochunk_ttl_mv1/repaired_v4/input.L9.facts.ttl: nothing flagged
    document total: 0.1s across 0 model call(s) (0s in the model)
    no net change across all stages; leaving the file untouched
  1/10 document(s) lost at least one stage but kept the others:
    results/experiment_arms_20260823_223700/nochunk_ttl_mv1/repaired_v4/input.L10.facts.ttl  [proceedings] RepairTruncated
  1 document/stage(s) hit the 8000-token output cap mid-patch -- re-run these with a higher --max-tokens:
    results/experiment_arms_20260823_223700/nochunk_ttl_mv1/repaired_v4/input.L10.facts.ttl

  repair total: 510.3s over 10 document(s), 14 model call(s) (509.2s in the model, 1.1s deterministic)
    authorities      3 call(s)     28.6s  (28.5s in the model)
    proceedings      4 call(s)    187.9s  (187.9s in the model)
    persons          4 call(s)    188.1s  (188.1s in the model)
    quotes           3 call(s)    104.9s  (104.7s in the model)
