repairing 10 file(s) under results/experiment_arms_20260823_223700/nochunk_ttl_mv2/repaired
  model: gemma-4-31b @ http://localhost:8000/v1 (temperature 0.4, timeout 300.0s)
  [domestic proceedings] results/experiment_arms_20260823_223700/nochunk_ttl_mv2/repaired/input.L1.facts.ttl: nothing flagged
  [persons and participation] results/experiment_arms_20260823_223700/nochunk_ttl_mv2/repaired/input.L1.facts.ttl: 0 finding(s) in; model proposed 0 group(s), 0 op(s), 0 merge(s)
    [persons and participation] pass 1: applied 0 (of which 0 merge(s)), skipped 0, stub orphans swept 0 [9.6s, 0.5s in the model]
    [persons and participation] pass 1: no operations applied - stopping
  [domestic authorities] results/experiment_arms_20260823_223700/nochunk_ttl_mv2/repaired/input.L1.facts.ttl: nothing flagged
    document total: 27.4s across 1 model call(s) (0.5s in the model)
    no net change across all stages; leaving the file untouched
  [domestic proceedings] results/experiment_arms_20260823_223700/nochunk_ttl_mv2/repaired/input.L10.facts.ttl: nothing flagged
  [persons and participation] results/experiment_arms_20260823_223700/nochunk_ttl_mv2/repaired/input.L10.facts.ttl: 2 finding(s) in; model proposed 0 group(s), 0 op(s), 0 merge(s)
    [persons and participation] pass 1: applied 0 (of which 0 merge(s)), skipped 0, stub orphans swept 0 [7.7s, 0.5s in the model]
    [persons and participation] pass 1: no operations applied - stopping
  [domestic authorities] results/experiment_arms_20260823_223700/nochunk_ttl_mv2/repaired/input.L10.facts.ttl: nothing flagged
    document total: 22.2s across 1 model call(s) (0.5s in the model)
    no net change across all stages; leaving the file untouched
  [domestic proceedings] results/experiment_arms_20260823_223700/nochunk_ttl_mv2/repaired/input.L2.facts.ttl: nothing flagged
  [persons and participation] results/experiment_arms_20260823_223700/nochunk_ttl_mv2/repaired/input.L2.facts.ttl: 1 finding(s) in; model proposed 0 group(s), 0 op(s), 0 merge(s)
    [persons and participation] pass 1: applied 0 (of which 0 merge(s)), skipped 0, stub orphans swept 0 [4.6s, 0.4s in the model]
    [persons and participation] pass 1: no operations applied - stopping
  [domestic authorities] results/experiment_arms_20260823_223700/nochunk_ttl_mv2/repaired/input.L2.facts.ttl: nothing flagged
    document total: 13.1s across 1 model call(s) (0.4s in the model)
    no net change across all stages; leaving the file untouched
  [domestic proceedings] results/experiment_arms_20260823_223700/nochunk_ttl_mv2/repaired/input.L3.facts.ttl: 1 finding(s) in; model proposed 0 group(s), 0 op(s), 0 merge(s)
    [domestic proceedings] pass 1: applied 0 (of which 0 merge(s)), skipped 0, stub orphans swept 0 [92.9s, 86.5s in the model]
    [domestic proceedings] pass 1: no operations applied - stopping
  [persons and participation] results/experiment_arms_20260823_223700/nochunk_ttl_mv2/repaired/input.L3.facts.ttl: 0 finding(s) in; model proposed 0 group(s), 0 op(s), 0 merge(s)
    [persons and participation] pass 1: applied 0 (of which 0 merge(s)), skipped 0, stub orphans swept 0 [6.7s, 0.4s in the model]
    [persons and participation] pass 1: no operations applied - stopping
  [domestic authorities] results/experiment_arms_20260823_223700/nochunk_ttl_mv2/repaired/input.L3.facts.ttl: nothing flagged
    document total: 106.0s across 2 model call(s) (86.9s in the model)
    no net change across all stages; leaving the file untouched
  [domestic proceedings] results/experiment_arms_20260823_223700/nochunk_ttl_mv2/repaired/input.L4.facts.ttl: nothing flagged
  [persons and participation] results/experiment_arms_20260823_223700/nochunk_ttl_mv2/repaired/input.L4.facts.ttl: 0 finding(s) in; model proposed 0 group(s), 0 op(s), 0 merge(s)
    [persons and participation] pass 1: applied 0 (of which 0 merge(s)), skipped 0, stub orphans swept 0 [6.3s, 0.4s in the model]
    [persons and participation] pass 1: no operations applied - stopping
  [domestic authorities] results/experiment_arms_20260823_223700/nochunk_ttl_mv2/repaired/input.L4.facts.ttl: nothing flagged
    document total: 18.5s across 1 model call(s) (0.4s in the model)
    no net change across all stages; leaving the file untouched
  [domestic proceedings] results/experiment_arms_20260823_223700/nochunk_ttl_mv2/repaired/input.L5.facts.ttl: nothing flagged
  [persons and participation] results/experiment_arms_20260823_223700/nochunk_ttl_mv2/repaired/input.L5.facts.ttl: 0 finding(s) in; model proposed 0 group(s), 0 op(s), 0 merge(s)
    [persons and participation] pass 1: applied 0 (of which 0 merge(s)), skipped 0, stub orphans swept 0 [7.5s, 0.4s in the model]
    [persons and participation] pass 1: no operations applied - stopping
  [domestic authorities] results/experiment_arms_20260823_223700/nochunk_ttl_mv2/repaired/input.L5.facts.ttl: nothing flagged
    document total: 21.8s across 1 model call(s) (0.4s in the model)
    no net change across all stages; leaving the file untouched
  [domestic proceedings] results/experiment_arms_20260823_223700/nochunk_ttl_mv2/repaired/input.L6.facts.ttl: nothing flagged
  [persons and participation] results/experiment_arms_20260823_223700/nochunk_ttl_mv2/repaired/input.L6.facts.ttl: nothing flagged
  [domestic authorities] results/experiment_arms_20260823_223700/nochunk_ttl_mv2/repaired/input.L6.facts.ttl: nothing flagged
    document total: 23.8s across 0 model call(s) (0s in the model)
    no net change across all stages; leaving the file untouched
  [domestic proceedings] results/experiment_arms_20260823_223700/nochunk_ttl_mv2/repaired/input.L7.facts.ttl: 1 finding(s) in; model proposed 1 group(s), 1 op(s), 0 merge(s)
    [domestic proceedings] pass 1: applied 1 (of which 0 merge(s)), skipped 0, stub orphans swept 0 [7.2s, 2.7s in the model]
    [domestic proceedings] pass 1: 1 op(s) applied but findings did not fall (0 -> 0) - stopping
  [persons and participation] results/experiment_arms_20260823_223700/nochunk_ttl_mv2/repaired/input.L7.facts.ttl: 0 finding(s) in; model proposed 0 group(s), 0 op(s), 0 merge(s)
    [persons and participation] pass 1: applied 0 (of which 0 merge(s)), skipped 0, stub orphans swept 0 [4.8s, 0.4s in the model]
    [persons and participation] pass 1: no operations applied - stopping
  [domestic authorities] results/experiment_arms_20260823_223700/nochunk_ttl_mv2/repaired/input.L7.facts.ttl: nothing flagged
    document total: 21.1s across 2 model call(s) (3.1s in the model)
    wrote results/experiment_arms_20260823_223700/nochunk_ttl_mv2/repaired/input.L7.facts.ttl (backup at results/experiment_arms_20260823_223700/nochunk_ttl_mv2/repaired/backup/input.L7.facts.ttl)
  [domestic proceedings] results/experiment_arms_20260823_223700/nochunk_ttl_mv2/repaired/input.L8.facts.ttl: nothing flagged
  [persons and participation] results/experiment_arms_20260823_223700/nochunk_ttl_mv2/repaired/input.L8.facts.ttl: 0 finding(s) in; model proposed 0 group(s), 0 op(s), 0 merge(s)
    [persons and participation] pass 1: applied 0 (of which 0 merge(s)), skipped 0, stub orphans swept 0 [6.6s, 0.4s in the model]
    [persons and participation] pass 1: no operations applied - stopping
  [domestic authorities] results/experiment_arms_20260823_223700/nochunk_ttl_mv2/repaired/input.L8.facts.ttl: nothing flagged
    document total: 19.2s across 1 model call(s) (0.4s in the model)
    no net change across all stages; leaving the file untouched
  [domestic proceedings] results/experiment_arms_20260823_223700/nochunk_ttl_mv2/repaired/input.L9.facts.ttl: nothing flagged
  [persons and participation] results/experiment_arms_20260823_223700/nochunk_ttl_mv2/repaired/input.L9.facts.ttl: 0 finding(s) in; model proposed 0 group(s), 0 op(s), 0 merge(s)
    [persons and participation] pass 1: applied 0 (of which 0 merge(s)), skipped 0, stub orphans swept 0 [4.9s, 0.4s in the model]
    [persons and participation] pass 1: no operations applied - stopping
  [domestic authorities] results/experiment_arms_20260823_223700/nochunk_ttl_mv2/repaired/input.L9.facts.ttl: nothing flagged
    document total: 14.1s across 1 model call(s) (0.4s in the model)
    no net change across all stages; leaving the file untouched

  repair total: 287.4s over 10 document(s), 11 model call(s) (93.0s in the model, 194.4s deterministic)
    persons          9 call(s)     58.7s  (3.8s in the model)
    proceedings      2 call(s)    100.1s  (89.2s in the model)
