model: gemma-4-31b @ http://localhost:8000/v1 (temperature 0.0)
10 document(s), max 3 loop round(s)

  input.L1.facts.ttl: 4 SHACL violation(s) in
    loop round 1: 20 finding(s), 64 op(s) proposed, 64 applied [49.1s]
    loop round 2: nothing left to fix - stopping
    review: 13 op(s) proposed, 13 applied [12.8s]
    post-review: nothing left to fix
  input.L1.facts.ttl: 4 -> 0 SHACL violation(s)
  input.L10.facts.ttl: 11 SHACL violation(s) in
    loop round 1: 48 finding(s), 43 op(s) proposed, 48 applied [39.8s]
    loop round 2: 30 finding(s), 22 op(s) proposed, 21 applied [19.4s]
    loop round 3: 25 finding(s), 20 op(s) proposed, 19 applied [19.6s]
    review: 4 op(s) proposed, 4 applied [8.1s]
    post-review: 21 finding(s) left
    post-review round 1: 21 finding(s), 36 op(s) proposed, 35 applied [30.1s]
  input.L10.facts.ttl: 11 -> 1 SHACL violation(s)
  input.L2.facts.ttl: 1 SHACL violation(s) in
    loop round 1: 5 finding(s), 14 op(s) proposed, 14 applied [12.3s]
    loop round 2: nothing left to fix - stopping
    review: 17 op(s) proposed, 17 applied [15.2s]
    post-review: 2 finding(s) left
    post-review round 1: 2 finding(s), 5 op(s) proposed, 6 applied [5.9s]
  input.L2.facts.ttl: 1 -> 0 SHACL violation(s)
  input.L3.facts.ttl: 15 SHACL violation(s) in
    loop round 1: 27 finding(s), 41 op(s) proposed, 35 applied [33.1s]
    loop round 2: 21 finding(s), 53 op(s) proposed, 53 applied [42.1s]
    loop round 3: 13 finding(s), 12 op(s) proposed, 12 applied [11.8s]
    review: 8 op(s) proposed, 8 applied [11.4s]
    post-review: 13 finding(s) left
    post-review round 1: 13 finding(s), 15 op(s) proposed, 15 applied [13.8s]
  input.L3.facts.ttl: 15 -> 0 SHACL violation(s)
  input.L4.facts.ttl: 1 SHACL violation(s) in
    loop round 1: 17 finding(s), 47 op(s) proposed, 47 applied [38.7s]
    loop round 2: 3 finding(s), 9 op(s) proposed, 9 applied [9.1s]
    loop round 3: nothing left to fix - stopping
    review: 13 op(s) proposed, 13 applied [14.2s]
    post-review: 1 finding(s) left
    post-review round 1: 1 finding(s), 0 op(s) proposed, 1 applied [2.0s]
  input.L4.facts.ttl: 1 -> 0 SHACL violation(s)
  input.L5.facts.ttl: 3 SHACL violation(s) in
    loop round 1: 12 finding(s), 45 op(s) proposed, 45 applied [39.1s]
    loop round 2: 5 finding(s), 7 op(s) proposed, 7 applied [6.8s]
    loop round 3: 4 finding(s), 4 op(s) proposed, 0 applied [4.4s]
    review: 9 op(s) proposed, 9 applied [9.3s]
    post-review: 4 finding(s) left
    post-review round 1: 4 finding(s), 4 op(s) proposed, 0 applied [4.2s]
  input.L5.facts.ttl: 3 -> 0 SHACL violation(s)
  input.L6.facts.ttl: 3 SHACL violation(s) in
    loop round 1: 4 finding(s), 110 op(s) proposed, 110 applied [79.7s]
    loop round 2: 1 finding(s), 1 op(s) proposed, 1 applied [2.3s]
    loop round 3: nothing left to fix - stopping
    review: 15 op(s) proposed, 15 applied [13.3s]
    post-review: 1 finding(s) left
      no usable patch on attempt 1
      no usable patch on attempt 2
    post-review round 1: model returned nothing usable - stopping
  input.L6.facts.ttl: 3 -> 0 SHACL violation(s)
  input.L7.facts.ttl: 1 SHACL violation(s) in
    loop round 1: 6 finding(s), 6 op(s) proposed, 6 applied [7.1s]
    loop round 2: 5 finding(s), 12 op(s) proposed, 12 applied [10.6s]
    loop round 3: 1 finding(s), 0 op(s) proposed, 0 applied [1.3s]
    review: 13 op(s) proposed, 13 applied [11.4s]
    post-review: 1 finding(s) left
    post-review round 1: 1 finding(s), 0 op(s) proposed, 0 applied [1.4s]
  input.L7.facts.ttl: 1 -> 1 SHACL violation(s)
  input.L8.facts.ttl: 9 SHACL violation(s) in
    loop round 1: 18 finding(s), 53 op(s) proposed, 54 applied [41.3s]
    loop round 2: nothing left to fix - stopping
    review: 16 op(s) proposed, 16 applied [14.7s]
    post-review: nothing left to fix
  input.L8.facts.ttl: 9 -> 0 SHACL violation(s)
  input.L9.facts.ttl: 2 SHACL violation(s) in
    loop round 1: 4 finding(s), 20 op(s) proposed, 20 applied [17.8s]
    loop round 2: nothing left to fix - stopping
    review: 10 op(s) proposed, 10 applied [9.7s]
    post-review: nothing left to fix
  input.L9.facts.ttl: 2 -> 0 SHACL violation(s)

total: 50 -> 2 SHACL violation(s) over 10 document(s) in 665.8s
