repairing 10 file(s) under results/jurix_phase1/o2_cf_low_jsonld/repaired
  model: gemma-4-31b @ http://localhost:8000/v1 (temperature 0.4, timeout 300.0s)
  source text: results/jurix_phase1/input.jsonl (quote stage enabled)
  [domestic authorities] results/jurix_phase1/o2_cf_low_jsonld/repaired/input.L1.facts.ttl: 1 finding(s) in; model proposed 1 group(s), 1 op(s), 0 merge(s)
    [domestic authorities] pass 1: applied 0 (of which 0 merge(s)), skipped 1, stub orphans swept 0 [6.7s, 6.5s in the model]
    SKIPPED [a node with more than one rdfs:label is asserting that two distinct entities are the same one -- split it instead of labelling it twice] remove doc:mayorRila rdfs:label mayor of Rila (Party): skipped: triple not present
    [domestic authorities] pass 1: no operations applied - stopping
  [domestic proceedings] results/jurix_phase1/o2_cf_low_jsonld/repaired/input.L1.facts.ttl: 0 finding(s) in; model proposed 5 group(s), 7 op(s), 0 merge(s)
    [domestic proceedings] pass 1: applied 7 (of which 0 merge(s)), skipped 0, stub orphans swept 0 [11.7s, 11.6s in the model]
    [domestic proceedings] pass 1: 7 op(s) applied but findings did not fall (0 -> 0) - stopping
    RECOVERED 1 group(s), 1 op(s) from a stalled generation
  [persons and participation] results/jurix_phase1/o2_cf_low_jsonld/repaired/input.L1.facts.ttl: 4 finding(s) in; model proposed 1 group(s), 1 op(s), 0 merge(s)
    [persons and participation] pass 1: applied 0 (of which 0 merge(s)), skipped 1, stub orphans swept 0 [7.1s, 7.1s in the model]
    SKIPPED [a node with more than one rdfs:label is asserting that two distinct entities are the same one -- split it instead of labelling it twice] remove doc:directorPastraHome rdfs:label Director of the Pastra social care home (Party): skipped: triple not present
    [persons and participation] pass 1: no operations applied - stopping
  [source quote fidelity] results/jurix_phase1/o2_cf_low_jsonld/repaired/input.L1.facts.ttl: nothing flagged
    document total: 25.7s across 3 model call(s) (25.2s in the model)
    wrote results/jurix_phase1/o2_cf_low_jsonld/repaired/input.L1.facts.ttl (backup at results/jurix_phase1/o2_cf_low_jsonld/repaired/backup/input.L1.facts.ttl)
  [domestic authorities] results/jurix_phase1/o2_cf_low_jsonld/repaired/input.L10.facts.ttl: nothing flagged
    RECOVERED 7 group(s), 1 op(s) from a stalled generation
  [domestic proceedings] results/jurix_phase1/o2_cf_low_jsonld/repaired/input.L10.facts.ttl: 2 finding(s) in; model proposed 7 group(s), 1 op(s), 0 merge(s)
    [domestic proceedings] pass 1: applied 1 (of which 0 merge(s)), skipped 0, stub orphans swept 0 [18.4s, 18.3s in the model]
    [domestic proceedings] pass 1: 1 op(s) applied but findings did not fall (2 -> 2) - stopping
  [persons and participation] results/jurix_phase1/o2_cf_low_jsonld/repaired/input.L10.facts.ttl: 9 finding(s) in; model proposed 4 group(s), 18 op(s), 0 merge(s)
    [persons and participation] pass 1: applied 18 (of which 0 merge(s)), skipped 0, stub orphans swept 0 [24.7s, 24.7s in the model]
    [persons and participation] pass 2: 8 finding(s) in; model proposed 14 group(s), 48 op(s), 0 merge(s)
    [persons and participation] pass 2: applied 48 (of which 0 merge(s)), skipped 0, stub orphans swept 0 [147.0s, 147.0s in the model]
    [persons and participation] pass 3: 1 finding(s) in; model proposed 11 group(s), 25 op(s), 0 merge(s)
    [persons and participation] pass 3: applied 25 (of which 0 merge(s)), skipped 0, stub orphans swept 0 [35.2s, 35.2s in the model]
    RECOVERED 1 group(s), 2 op(s) from a stalled generation
  [source quote fidelity] results/jurix_phase1/o2_cf_low_jsonld/repaired/input.L10.facts.ttl: 1 finding(s) in; model proposed 1 group(s), 2 op(s), 0 merge(s)
    [source quote fidelity] pass 1: applied 2 (of which 0 merge(s)), skipped 2, stub orphans swept 1 [12.0s, 11.9s in the model]
    SKIPPED [The quote for doc:dublin_regulation_article_1 is a paraphrase/summary rather than a verbatim span.] remove doc:dublin_regulation_article_1 echr:hasSupportingQuote Article 1 of Regulation (EU) No 604/2013... (the “Dublin Regulation”): applied (removed 1 quote(s) by index)
    SKIPPED [The quote for doc:dublin_regulation_article_1 is a paraphrase/summary rather than a verbatim span.] add doc:dublin_regulation_article_1 echr:hasSupportingQuote Article 1 of Regulation (EU) No 604/2013 of the European Parliament and of the Council of 26 June 2013 establishing the criteria and mechanisms for determining the Member State responsible for examining an application for international protection lodged in one of the Member States by a third-country national or a stateless person (the “Dublin Regulation”), provides as follows:: skipped: quote does not appear verbatim in the source document
    [source quote fidelity] pass 2: nothing left to flag - stopping
    document total: 237.8s across 5 model call(s) (237.1s in the model)
    wrote results/jurix_phase1/o2_cf_low_jsonld/repaired/input.L10.facts.ttl (backup at results/jurix_phase1/o2_cf_low_jsonld/repaired/backup/input.L10.facts.ttl)
  [domestic authorities] results/jurix_phase1/o2_cf_low_jsonld/repaired/input.L2.facts.ttl: 1 finding(s) in; model proposed 1 group(s), 1 op(s), 0 merge(s)
    [domestic authorities] pass 1: applied 1 (of which 0 merge(s)), skipped 0, stub orphans swept 0 [6.2s, 6.2s in the model]
    [domestic authorities] pass 2: nothing left to flag - stopping
  [domestic proceedings] results/jurix_phase1/o2_cf_low_jsonld/repaired/input.L2.facts.ttl: 0 finding(s) in; model proposed 1 group(s), 4 op(s), 0 merge(s)
    [domestic proceedings] pass 1: applied 4 (of which 0 merge(s)), skipped 0, stub orphans swept 0 [4.1s, 4.0s in the model]
    [domestic proceedings] pass 1: 4 op(s) applied but findings did not fall (0 -> 0) - stopping
  [persons and participation] results/jurix_phase1/o2_cf_low_jsonld/repaired/input.L2.facts.ttl: 0 finding(s) in; model proposed 1 group(s), 8 op(s), 0 merge(s)
    [persons and participation] pass 1: applied 8 (of which 0 merge(s)), skipped 0, stub orphans swept 0 [10.1s, 10.0s in the model]
    [persons and participation] pass 1: 8 op(s) applied but findings did not fall (0 -> 0) - stopping
  [source quote fidelity] results/jurix_phase1/o2_cf_low_jsonld/repaired/input.L2.facts.ttl: 2 finding(s) in; model proposed 1 group(s), 2 op(s), 0 merge(s)
    [source quote fidelity] pass 1: applied 2 (of which 0 merge(s)), skipped 1, stub orphans swept 0 [3.2s, 3.1s in the model]
    SKIPPED [The quote 'the application (no. 28934/95)' is a fragment and does not appear verbatim in the source text. The full span is 'an application (no. 28934/95)'.] remove doc:case_28934_95 echr:hasSupportingQuote the application (no. 28934/95): applied (removed 1 quote(s) by index)
    [source quote fidelity] pass 2: 1 finding(s) in; model proposed 1 group(s), 2 op(s), 0 merge(s)
    [source quote fidelity] pass 2: applied 2 (of which 0 merge(s)), skipped 1, stub orphans swept 0 [3.1s, 3.1s in the model]
    SKIPPED [The quote is a paraphrase of paragraph 46. The verbatim text in the source is 'In the instant case the Darmstadt Labour Court concluded that the conditions under section 20(2) of the German Courts Act for finding that the applicants’ action was inadmissible were fulfilled.'] remove doc:proceedingStatusEsa echr:hasSupportingQuote The Darmstadt Labour Court concluded that the conditions under section 20(2) of the German Courts Act for finding that the applicants’ action was inadmissible were fulfilled.: applied (removed 1 quote(s) by index)
    [source quote fidelity] pass 3: nothing left to flag - stopping
    document total: 26.9s across 5 model call(s) (26.4s in the model)
    wrote results/jurix_phase1/o2_cf_low_jsonld/repaired/input.L2.facts.ttl (backup at results/jurix_phase1/o2_cf_low_jsonld/repaired/backup/input.L2.facts.ttl)
  [domestic authorities] results/jurix_phase1/o2_cf_low_jsonld/repaired/input.L3.facts.ttl: 2 finding(s) in; model proposed 2 group(s), 17 op(s), 0 merge(s)
    [domestic authorities] pass 1: applied 12 (of which 0 merge(s)), skipped 5, stub orphans swept 0 [20.2s, 20.1s in the model]
    SKIPPED [doc:administrativeCourt has multiple labels and names, indicating it has been used as a sink for multiple distinct courts (Supreme Administrative Court, Istanbul Administrative Court, and a generic administrative court). These must be split into separate entities.] remove doc:administrativeCourt rdfs:label "Supreme Administrative Court": skipped: triple not present
    SKIPPED [doc:administrativeCourt has multiple labels and names, indicating it has been used as a sink for multiple distinct courts (Supreme Administrative Court, Istanbul Administrative Court, and a generic administrative court). These must be split into separate entities.] remove doc:administrativeCourt rdfs:label "İstanbul Administrative Court": skipped: triple not present
    SKIPPED [doc:administrativeCourt has multiple labels and names, indicating it has been used as a sink for multiple distinct courts (Supreme Administrative Court, Istanbul Administrative Court, and a generic administrative court). These must be split into separate entities.] remove doc:administrativeCourt echr:hasAuthorityName "Supreme Administrative Court": skipped: triple not present
    SKIPPED [doc:administrativeCourt has multiple labels and names, indicating it has been used as a sink for multiple distinct courts (Supreme Administrative Court, Istanbul Administrative Court, and a generic administrative court). These must be split into separate entities.] remove doc:administrativeCourt echr:hasAuthorityName "İstanbul Administrative Court": skipped: triple not present
    SKIPPED [doc:tskb is typed as an administrative authority, but the supporting quote identifies it as a bank (Türkiye Sınaî Kalkınma Bankası A.Ş.). A commercial bank is not a 'Domestic Authority' (which the ontology defines as a national court, tribunal, prosecutor, or administrative body that decided a proceeding).] remove doc:tskb echr:hasAuthorityName "Türkiye Sınaî Kalkınma Bankası A.Ş.": skipped: triple not present
    [domestic authorities] pass 1: 12 op(s) applied but findings did not fall (2 -> 2) - stopping
  [domestic proceedings] results/jurix_phase1/o2_cf_low_jsonld/repaired/input.L3.facts.ttl: 13 finding(s) in; model proposed 0 group(s), 0 op(s), 0 merge(s)
    [domestic proceedings] pass 1: applied 0 (of which 0 merge(s)), skipped 0, stub orphans swept 0 [0.9s, 0.8s in the model]
    [domestic proceedings] pass 1: no operations applied - stopping
  [persons and participation] results/jurix_phase1/o2_cf_low_jsonld/repaired/input.L3.facts.ttl: 2 finding(s) in; model proposed 0 group(s), 0 op(s), 0 merge(s)
    [persons and participation] pass 1: applied 0 (of which 0 merge(s)), skipped 0, stub orphans swept 0 [0.8s, 0.8s in the model]
    [persons and participation] pass 1: no operations applied - stopping
  [source quote fidelity] results/jurix_phase1/o2_cf_low_jsonld/repaired/input.L3.facts.ttl: nothing flagged
    document total: 22.0s across 3 model call(s) (21.7s in the model)
    wrote results/jurix_phase1/o2_cf_low_jsonld/repaired/input.L3.facts.ttl (backup at results/jurix_phase1/o2_cf_low_jsonld/repaired/backup/input.L3.facts.ttl)
  [domestic authorities] results/jurix_phase1/o2_cf_low_jsonld/repaired/input.L4.facts.ttl: nothing flagged
  [domestic proceedings] results/jurix_phase1/o2_cf_low_jsonld/repaired/input.L4.facts.ttl: nothing flagged
  [persons and participation] results/jurix_phase1/o2_cf_low_jsonld/repaired/input.L4.facts.ttl: 1 finding(s) in; model proposed 4 group(s), 27 op(s), 0 merge(s)
    [persons and participation] pass 1: applied 27 (of which 0 merge(s)), skipped 0, stub orphans swept 0 [38.3s, 38.2s in the model]
    [persons and participation] pass 2: 0 finding(s) in; model proposed 8 group(s), 8 op(s), 0 merge(s)
    [persons and participation] pass 2: applied 8 (of which 0 merge(s)), skipped 0, stub orphans swept 0 [16.1s, 16.1s in the model]
    [persons and participation] pass 2: 8 op(s) applied but findings did not fall (0 -> 0) - stopping
  [source quote fidelity] results/jurix_phase1/o2_cf_low_jsonld/repaired/input.L4.facts.ttl: nothing flagged
    document total: 54.7s across 2 model call(s) (54.3s in the model)
    wrote results/jurix_phase1/o2_cf_low_jsonld/repaired/input.L4.facts.ttl (backup at results/jurix_phase1/o2_cf_low_jsonld/repaired/backup/input.L4.facts.ttl)
  [domestic authorities] results/jurix_phase1/o2_cf_low_jsonld/repaired/input.L5.facts.ttl: nothing flagged
    RECOVERED 1 group(s), 1 op(s) from a stalled generation
  [domestic proceedings] results/jurix_phase1/o2_cf_low_jsonld/repaired/input.L5.facts.ttl: 1 finding(s) in; model proposed 1 group(s), 1 op(s), 0 merge(s)
    [domestic proceedings] pass 1: applied 0 (of which 0 merge(s)), skipped 1, stub orphans swept 0 [8.2s, 8.2s in the model]
    SKIPPED [a domestic event may have at most one decision date] remove doc:proceeding_kyiv_dist_admin_court_1 echr:hasDecisionDate 2021-12-09: skipped: triple not present
    [domestic proceedings] pass 1: no operations applied - stopping
  [persons and participation] results/jurix_phase1/o2_cf_low_jsonld/repaired/input.L5.facts.ttl: 2 finding(s) in; model proposed 4 group(s), 19 op(s), 0 merge(s)
    [persons and participation] pass 1: applied 19 (of which 0 merge(s)), skipped 0, stub orphans swept 0 [25.9s, 25.9s in the model]
    [persons and participation] pass 2: 1 finding(s) in; model proposed 0 group(s), 0 op(s), 0 merge(s)
    [persons and participation] pass 2: applied 0 (of which 0 merge(s)), skipped 0, stub orphans swept 0 [5.0s, 5.0s in the model]
    [persons and participation] pass 2: no operations applied - stopping
  [source quote fidelity] results/jurix_phase1/o2_cf_low_jsonld/repaired/input.L5.facts.ttl: 1 finding(s) in; model proposed 2 group(s), 0 op(s), 0 merge(s)
    [source quote fidelity] pass 1: applied 0 (of which 0 merge(s)), skipped 0, stub orphans swept 0 [2.2s, 2.2s in the model]
    [source quote fidelity] pass 1: no operations applied - stopping
    document total: 41.5s across 4 model call(s) (41.3s in the model)
    wrote results/jurix_phase1/o2_cf_low_jsonld/repaired/input.L5.facts.ttl (backup at results/jurix_phase1/o2_cf_low_jsonld/repaired/backup/input.L5.facts.ttl)
  [domestic authorities] results/jurix_phase1/o2_cf_low_jsonld/repaired/input.L6.facts.ttl: nothing flagged
  [domestic proceedings] results/jurix_phase1/o2_cf_low_jsonld/repaired/input.L6.facts.ttl: nothing flagged
  [persons and participation] results/jurix_phase1/o2_cf_low_jsonld/repaired/input.L6.facts.ttl: 3 finding(s) in; model proposed 0 group(s), 0 op(s), 0 merge(s)
    [persons and participation] pass 1: applied 0 (of which 0 merge(s)), skipped 0, stub orphans swept 0 [0.6s, 0.6s in the model]
    [persons and participation] pass 1: no operations applied - stopping
  [source quote fidelity] results/jurix_phase1/o2_cf_low_jsonld/repaired/input.L6.facts.ttl: nothing flagged
    document total: 0.7s across 1 model call(s) (0.6s in the model)
    no net change across all stages; leaving the file untouched
  [domestic authorities] results/jurix_phase1/o2_cf_low_jsonld/repaired/input.L7.facts.ttl: nothing flagged
  [domestic proceedings] results/jurix_phase1/o2_cf_low_jsonld/repaired/input.L7.facts.ttl: nothing flagged
    RECOVERED 1 group(s), 1 op(s) from a stalled generation
  [persons and participation] results/jurix_phase1/o2_cf_low_jsonld/repaired/input.L7.facts.ttl: 1 finding(s) in; model proposed 1 group(s), 1 op(s), 0 merge(s)
    [persons and participation] pass 1: applied 1 (of which 0 merge(s)), skipped 0, stub orphans swept 0 [7.6s, 7.6s in the model]
    [persons and participation] pass 2: 0 finding(s) in; model proposed 10 group(s), 0 op(s), 0 merge(s)
    [persons and participation] pass 2: applied 0 (of which 0 merge(s)), skipped 0, stub orphans swept 0 [12.1s, 12.1s in the model]
    [persons and participation] pass 2: no operations applied - stopping
    RECOVERED 1 group(s), 2 op(s) from a stalled generation
  [source quote fidelity] results/jurix_phase1/o2_cf_low_jsonld/repaired/input.L7.facts.ttl: 1 finding(s) in; model proposed 1 group(s), 2 op(s), 0 merge(s)
    [source quote fidelity] pass 1: applied 2 (of which 0 merge(s)), skipped 1, stub orphans swept 0 [11.3s, 11.3s in the model]
    SKIPPED [The quote 'on 25 March 1999... the judge after consulting counsel decided to withdraw the applicant’s bail' contains an ellipsis and is not a verbatim span from the source text.] remove doc:bail_withdrawal_1999 echr:hasSupportingQuote on 25 March 1999... the judge after consulting counsel decided to withdraw the applicant’s bail: applied (removed 1 quote(s) by index)
    [source quote fidelity] pass 2: nothing left to flag - stopping
    document total: 31.2s across 3 model call(s) (31.0s in the model)
    wrote results/jurix_phase1/o2_cf_low_jsonld/repaired/input.L7.facts.ttl (backup at results/jurix_phase1/o2_cf_low_jsonld/repaired/backup/input.L7.facts.ttl)
  [domestic authorities] results/jurix_phase1/o2_cf_low_jsonld/repaired/input.L8.facts.ttl: 1 finding(s) in; model proposed 1 group(s), 1 op(s), 0 merge(s)
    [domestic authorities] pass 1: applied 0 (of which 0 merge(s)), skipped 1, stub orphans swept 0 [2.7s, 2.7s in the model]
    SKIPPED [The node doc:prosecutorNizhniyNovgorod has two labels: "Nizhniy Novgorod regional administration" and "Nizhniy Novgorod regional prosecutor’s office". The supporting quote mentions the administration, but the authority name and kind are prosecutorial. These are distinct bodies. I will remove the administration label to resolve the cardinality violation, as the node's primary identity is the prosecutor's office.] remove doc:prosecutorNizhniyNovgorod rdfs:label "Nizhniy Novgorod regional administration": skipped: triple not present
    [domestic authorities] pass 1: no operations applied - stopping
    RECOVERED 1 group(s), 1 op(s) from a stalled generation
  [domestic proceedings] results/jurix_phase1/o2_cf_low_jsonld/repaired/input.L8.facts.ttl: 0 finding(s) in; model proposed 1 group(s), 1 op(s), 0 merge(s)
    [domestic proceedings] pass 1: applied 1 (of which 0 merge(s)), skipped 0, stub orphans swept 0 [7.4s, 7.4s in the model]
    [domestic proceedings] pass 1: 1 op(s) applied but findings did not fall (0 -> 0) - stopping
  [persons and participation] results/jurix_phase1/o2_cf_low_jsonld/repaired/input.L8.facts.ttl: 9 finding(s) in; model proposed 5 group(s), 49 op(s), 0 merge(s)
    [persons and participation] pass 1: applied 47 (of which 0 merge(s)), skipped 2, stub orphans swept 0 [59.7s, 59.7s in the model]
    SKIPPED [doc:mrK has multiple labels] remove doc:mrK rdfs:label "shipyard “Oka”": skipped: triple not present
    SKIPPED [doc:mrK has multiple labels] remove doc:mrK echr:hasSupportingQuote "the shipyard “Oka”": skipped: triple not present
    RECOVERED 2 group(s), 1 op(s) from a stalled generation
    [persons and participation] pass 2: 6 finding(s) in; model proposed 2 group(s), 1 op(s), 0 merge(s)
    [persons and participation] pass 2: applied 0 (of which 0 merge(s)), skipped 1, stub orphans swept 0 [9.1s, 9.1s in the model]
    SKIPPED [doc:mrK has multiple rdfs:labels] remove doc:mrK rdfs:label "shipyard “Oka”": skipped: triple not present
    [persons and participation] pass 2: no operations applied - stopping
  [source quote fidelity] results/jurix_phase1/o2_cf_low_jsonld/repaired/input.L8.facts.ttl: nothing flagged
    document total: 79.2s across 4 model call(s) (78.9s in the model)
    wrote results/jurix_phase1/o2_cf_low_jsonld/repaired/input.L8.facts.ttl (backup at results/jurix_phase1/o2_cf_low_jsonld/repaired/backup/input.L8.facts.ttl)
  [domestic authorities] results/jurix_phase1/o2_cf_low_jsonld/repaired/input.L9.facts.ttl: nothing flagged
  [domestic proceedings] results/jurix_phase1/o2_cf_low_jsonld/repaired/input.L9.facts.ttl: 0 finding(s) in; model proposed 1 group(s), 1 op(s), 0 merge(s)
    [domestic proceedings] pass 1: applied 1 (of which 0 merge(s)), skipped 0, stub orphans swept 0 [3.1s, 3.1s in the model]
    [domestic proceedings] pass 1: 1 op(s) applied but findings did not fall (0 -> 0) - stopping
  [persons and participation] results/jurix_phase1/o2_cf_low_jsonld/repaired/input.L9.facts.ttl: 2 finding(s) in; model proposed 4 group(s), 10 op(s), 0 merge(s)
    [persons and participation] pass 1: applied 10 (of which 0 merge(s)), skipped 0, stub orphans swept 0 [16.1s, 16.1s in the model]
    [persons and participation] pass 2: 0 finding(s) in; model proposed 0 group(s), 0 op(s), 0 merge(s)
    [persons and participation] pass 2: applied 0 (of which 0 merge(s)), skipped 0, stub orphans swept 0 [0.5s, 0.5s in the model]
    [persons and participation] pass 2: no operations applied - stopping
  [source quote fidelity] results/jurix_phase1/o2_cf_low_jsonld/repaired/input.L9.facts.ttl: nothing flagged
    document total: 20.0s across 3 model call(s) (19.7s in the model)
    wrote results/jurix_phase1/o2_cf_low_jsonld/repaired/input.L9.facts.ttl (backup at results/jurix_phase1/o2_cf_low_jsonld/repaired/backup/input.L9.facts.ttl)

  repair total: 539.8s over 10 document(s), 33 model call(s) (536.2s in the model, 3.6s deterministic)
    authorities      4 call(s)     35.8s  (35.5s in the model)
    proceedings      7 call(s)     53.8s  (53.4s in the model)
    persons         17 call(s)    415.9s  (415.7s in the model)
    quotes           5 call(s)     31.8s  (31.6s in the model)
