https://growgraph.dev/echr#DomesticProceeding пожилой does not look like a valid URI, trying to serialize this will break.
repairing 10 file(s) under results/experiment_ttl_20260818_161537/gemma4/repaired
  model: gemma-4-31b @ http://localhost:8000/v1 (temperature 1.0, timeout 300.0s)
  clean results/experiment_ttl_20260818_161537/gemma4/repaired/input.L1.facts.ttl: nothing flagged
  results/experiment_ttl_20260818_161537/gemma4/repaired/input.L10.facts.ttl: model proposed 2 group(s), 20 op(s)
    applied 20, skipped 0
    wrote results/experiment_ttl_20260818_161537/gemma4/repaired/input.L10.facts.ttl (backup at results/experiment_ttl_20260818_161537/gemma4/repaired/backup/input.L10.facts.ttl)
  results/experiment_ttl_20260818_161537/gemma4/repaired/input.L2.facts.ttl: model proposed 1 group(s), 5 op(s)
    applied 4, skipped 1
    SKIPPED [The graph contains multiple redundant nodes representing the same domestic proceeding (the action against ESA at the Darmstadt Labour Court). doc:proceedingEsaBeer, doc:proceedingEsaRegan, doc:proceeding_1, doc:proceeding_labour_court_1, and doc:german_court_proceedings_1 all describe the same legal action where the court applied immunity to ESA, leading to inadmissibility on 21 March 1995. These should be consolidated into a single proceeding node for the applicants.] remove doc:german_court_proceedings_1 rdf:type echr:DomesticProceeding пожилой: skipped: triple not present
    wrote results/experiment_ttl_20260818_161537/gemma4/repaired/input.L2.facts.ttl (backup at results/experiment_ttl_20260818_161537/gemma4/repaired/backup/input.L2.facts.ttl)
  results/experiment_ttl_20260818_161537/gemma4/repaired/input.L3.facts.ttl: model proposed 2 group(s), 6 op(s)
    applied 2, skipped 4
    SKIPPED [The domestic proceedings graph contains highly inconsistent dates and corrupted entity mappings (e.g., doc:proceeding_1 has 'the Fund' as court, doc:proceeding_2 has a 2006 date for a case started in 2011, and doc:proceeding_3 conflates the General Assembly and Constitutional Court).] remove doc:proceeding_1 echr:hasCourt doc:the_fund: skipped: triple not present
    SKIPPED [The domestic proceedings graph contains highly inconsistent dates and corrupted entity mappings (e.g., doc:proceeding_1 has 'the Fund' as court, doc:proceeding_2 has a 2006 date for a case started in 2011, and doc:proceeding_3 conflates the General Assembly and Constitutional Court).] remove doc:proceeding_2 echr:hasDecisionDate 2006-07-20: skipped: triple not present
    SKIPPED [The domestic proceedings graph contains highly inconsistent dates and corrupted entity mappings (e.g., doc:proceeding_1 has 'the Fund' as court, doc:proceeding_2 has a 2006 date for a case started in 2011, and doc:proceeding_3 conflates the General Assembly and Constitutional Court).] remove doc:proceeding_3 echr:hasProceedingStartDate 2017-09-11: skipped: triple not present
    SKIPPED [Conflict in isFinalDomesticDecision between doc:proceeding_rectification_1 and doc:proceeding_3.] remove doc:proceeding_3 echr:isFinalDomesticDecision true: skipped: triple not present
    wrote results/experiment_ttl_20260818_161537/gemma4/repaired/input.L3.facts.ttl (backup at results/experiment_ttl_20260818_161537/gemma4/repaired/backup/input.L3.facts.ttl)
  clean results/experiment_ttl_20260818_161537/gemma4/repaired/input.L4.facts.ttl: nothing flagged
  FAILED results/experiment_ttl_20260818_161537/gemma4/repaired/input.L5.facts.ttl: APITimeoutError: Request timed out.
  clean results/experiment_ttl_20260818_161537/gemma4/repaired/input.L6.facts.ttl: nothing flagged
  clean results/experiment_ttl_20260818_161537/gemma4/repaired/input.L7.facts.ttl: nothing flagged
  clean results/experiment_ttl_20260818_161537/gemma4/repaired/input.L8.facts.ttl: nothing flagged
  clean results/experiment_ttl_20260818_161537/gemma4/repaired/input.L9.facts.ttl: nothing flagged
  1/10 document(s) failed to repair
