Warning: You are sending unauthenticated requests to the HF Hub. Please set a HF_TOKEN to enable higher rate limits and faster downloads.

Loading weights:   0%|          | 0/199 [00:00<?, ?it/s]
Loading weights: 100%|██████████| 199/199 [00:00<00:00, 12640.91it/s]

Batches:   0%|          | 0/4 [00:00<?, ?it/s]
Batches:  25%|██▌       | 1/4 [00:00<00:01,  1.54it/s]
Batches:  50%|█████     | 2/4 [00:01<00:01,  1.78it/s]
Batches:  75%|███████▌  | 3/4 [00:01<00:00,  1.93it/s]
Batches: 100%|██████████| 4/4 [00:01<00:00,  2.62it/s]
Batches: 100%|██████████| 4/4 [00:01<00:00,  2.23it/s]

Batches:   0%|          | 0/4 [00:00<?, ?it/s]
Batches:  25%|██▌       | 1/4 [00:00<00:02,  1.45it/s]
Batches:  50%|█████     | 2/4 [00:01<00:01,  1.67it/s]
Batches:  75%|███████▌  | 3/4 [00:01<00:00,  1.77it/s]
Batches: 100%|██████████| 4/4 [00:01<00:00,  2.35it/s]
Batches: 100%|██████████| 4/4 [00:01<00:00,  2.04it/s]

total wall time: 7.3m  (2026-08-24T16:06:22+00:00 -> 2026-08-24T16:13:38+00:00)
response_repair: 0 recovered, turtle_repair: 6 recovered, 0 unrecovered parse failure(s), 0 chunk render failure(s) logged

INCOMPLETE: 1/10 document(s) lost content (2 unit(s) total). These files exist and look clean; they are missing text:
    input.L10        2/11 unit(s) lost (18%)  [partial]
report written to /home/dahrb/Projects/article_6/domestic_proceedings/results/jurix_phase1/o2_low_ttl/extract_report.json
