repairing 10 file(s) under results/jurix_phase1/o2_low_ttl/repaired
  model: gemma-4-31b @ http://localhost:8000/v1 (temperature 0.4, timeout 300.0s)
  source text: results/jurix_phase1/input.jsonl (quote stage enabled)
  [domestic authorities] results/jurix_phase1/o2_low_ttl/repaired/input.L1.facts.ttl: 7 finding(s) in; model proposed 5 group(s), 9 op(s), 0 merge(s)
    [domestic authorities] pass 1: applied 9 (of which 0 merge(s)), skipped 0, stub orphans swept 0 [14.4s, 14.2s in the model]
    [domestic authorities] pass 2: nothing left to flag - stopping
  [domestic proceedings] results/jurix_phase1/o2_low_ttl/repaired/input.L1.facts.ttl: 9 finding(s) in; model proposed 5 group(s), 30 op(s), 0 merge(s)
    [domestic proceedings] pass 1: applied 26 (of which 0 merge(s)), skipped 4, stub orphans swept 0 [39.4s, 39.4s in the model]
    SKIPPED [doc:admin_action_1 contains multiple distinct events (appointment of guardian, social assessment, placement). These must be split to resolve cardinality violations on labels, dates, and courts.] remove doc:admin_action_1 echr:hasDecisionDate "2002": skipped: triple not present
    SKIPPED [doc:admin_action_1 contains multiple distinct events (appointment of guardian, social assessment, placement). These must be split to resolve cardinality violations on labels, dates, and courts.] remove doc:admin_action_1 echr:hasDecisionDate "2005-12-30": skipped: triple not present
    SKIPPED [doc:admin_action_2 conflates a police search request and an allowance grant.] remove doc:admin_action_2 echr:hasDecisionDate "2006-10-13": skipped: triple not present
    SKIPPED [doc:admin_action_3 conflates police notification and allowance increase.] remove doc:admin_action_3 echr:hasDecisionDate "2006-10-19": skipped: triple not present
    [domestic proceedings] pass 2: 3 finding(s) in; model proposed 6 group(s), 6 op(s), 0 merge(s)
    [domestic proceedings] pass 2: applied 2 (of which 0 merge(s)), skipped 4, stub orphans swept 0 [15.0s, 14.9s in the model]
    SKIPPED [a domestic event may have at most one decision date] remove doc:admin_action_1 echr:hasDecisionDate "2002": skipped: triple not present
    SKIPPED [a domestic event may have at most one decision date] remove doc:admin_action_1 echr:hasDecisionDate "2005-12-30": skipped: triple not present
    SKIPPED [a domestic event may have at most one decision date] remove doc:admin_action_2 echr:hasDecisionDate "2006-10-13": skipped: triple not present
    SKIPPED [a domestic event may have at most one decision date] remove doc:admin_action_3 echr:hasDecisionDate "2006-10-19": skipped: triple not present
    [domestic proceedings] pass 2: 2 op(s) applied but findings did not fall (3 -> 3) - stopping
    RECOVERED 1 group(s), 1 op(s) from a stalled generation
  [persons and participation] results/jurix_phase1/o2_low_ttl/repaired/input.L1.facts.ttl: 9 finding(s) in; model proposed 1 group(s), 1 op(s), 0 merge(s)
    [persons and participation] pass 1: applied 1 (of which 0 merge(s)), skipped 0, stub orphans swept 0 [6.6s, 6.5s in the model]
    [persons and participation] pass 1: 1 op(s) applied but findings did not fall (6 -> 6) - stopping
  [source quote fidelity] results/jurix_phase1/o2_low_ttl/repaired/input.L1.facts.ttl: 3 finding(s) in; model proposed 3 group(s), 6 op(s), 0 merge(s)
    [source quote fidelity] pass 1: applied 6 (of which 0 merge(s)), skipped 3, stub orphans swept 0 [9.2s, 9.2s in the model]
    SKIPPED [The quote for doc:social_assessment_1 contains an ellipsis ('...') and is not a verbatim span. I have replaced it with the exact text from paragraph 34.] remove doc:social_assessment_1 echr:hasSupportingQuote on 30 December 2005 the municipal social assistance department carried out a ‘social assessment’ ( социална оценка ) of the applicant, which concluded that... he was entitled to a social allowance: applied (removed 1 quote(s) by index)
    SKIPPED [The quote for doc:admin_action_1 contains an ellipsis ('...') and is not a verbatim span. I have replaced it with the exact text from paragraph 34.] remove doc:admin_action_1 echr:hasSupportingQuote on 30 December 2005 the municipal social assistance department carried out a ‘social assessment’ ( социална оценка ) of the applicant, which concluded that... he was entitled to a social allowance: applied (removed 1 quote(s) by index)
    SKIPPED [The quote for doc:social_assistance_dept_1 uses straight quotes instead of the curly quotes used in the source text.] remove doc:social_assistance_dept_1 echr:hasSupportingQuote the municipal social assistance department carried out a ‘social assessment': applied (removed 1 quote(s) by index)
    [source quote fidelity] pass 2: nothing left to flag - stopping
    document total: 84.7s across 5 model call(s) (84.2s in the model)
    wrote results/jurix_phase1/o2_low_ttl/repaired/input.L1.facts.ttl (backup at results/jurix_phase1/o2_low_ttl/repaired/backup/input.L1.facts.ttl)
    RECOVERED 1 group(s), 1 op(s) from a stalled generation
  [domestic authorities] results/jurix_phase1/o2_low_ttl/repaired/input.L10.facts.ttl: 14 finding(s) in; model proposed 1 group(s), 1 op(s), 0 merge(s)
    [domestic authorities] pass 1: applied 1 (of which 0 merge(s)), skipped 1, stub orphans swept 1 [6.8s, 6.7s in the model]
    SKIPPED [a node with more than one rdfs:label is asserting that two distinct entities are the same one -- split it instead of labelling it twice] remove doc:aliensAppealsBoard rdfs:label "the Aliens Appeals Board": skipped: triple not present
    [domestic authorities] pass 1: 1 op(s) applied but findings did not fall (14 -> 14) - stopping
  [domestic proceedings] results/jurix_phase1/o2_low_ttl/repaired/input.L10.facts.ttl: 31 finding(s) in; model proposed 10 group(s), 49 op(s), 0 merge(s)
    [domestic proceedings] pass 1: applied 39 (of which 0 merge(s)), skipped 10, stub orphans swept 0 [68.7s, 68.7s in the model]
    SKIPPED [doc:proceeding_1 is a cluster of multiple distinct proceedings (Aliens Appeals Board decisions on different dates/issues). Splitting based on quotes.] remove doc:proceeding_1 echr:hasDecisionDate 2016-09-13: skipped: triple not present
    SKIPPED [doc:proceeding_1 is a cluster of multiple distinct proceedings (Aliens Appeals Board decisions on different dates/issues). Splitting based on quotes.] remove doc:proceeding_1 echr:hasDecisionDate 2016-10-07: skipped: triple not present
    SKIPPED [doc:proceeding_1 is a cluster of multiple distinct proceedings (Aliens Appeals Board decisions on different dates/issues). Splitting based on quotes.] remove doc:proceeding_1 echr:hasDecisionDate 2016-10-20: skipped: triple not present
    SKIPPED [doc:proceeding_2 is a cluster of multiple distinct proceedings (Court of Appeal vs Conseil d'Etat).] remove doc:proceeding_2 echr:hasDecisionDate 2017-03-06: skipped: triple not present
    SKIPPED [doc:proceeding_2 is a cluster of multiple distinct proceedings (Court of Appeal vs Conseil d'Etat).] remove doc:proceeding_2 echr:hasDecisionDate 2018-05-17: skipped: triple not present
    SKIPPED [doc:proceeding_3 is a cluster of multiple distinct proceedings.] remove doc:proceeding_3 echr:hasDecisionDate 2016-10-20: skipped: triple not present
    SKIPPED [doc:proceeding_3 is a cluster of multiple distinct proceedings.] remove doc:proceeding_3 echr:hasDecisionDate 2018-02-08: skipped: triple not present
    SKIPPED [doc:proceeding_4 is a cluster of multiple distinct proceedings.] remove doc:proceeding_4 echr:hasDecisionDate 2018-02-08: skipped: triple not present
    SKIPPED [doc:proceeding_4 is a cluster of multiple distinct proceedings.] remove doc:proceeding_4 echr:hasDecisionDate 2017-03-24: skipped: triple not present
    SKIPPED [doc:proceeding_5 is a cluster of multiple distinct proceedings.] remove doc:proceeding_5 echr:hasDecisionDate 2018-05-17: skipped: triple not present
    [domestic proceedings] pass 2: 7 finding(s) in; model proposed 7 group(s), 13 op(s), 1 merge(s)
    [domestic proceedings] pass 2: applied 3 (of which 0 merge(s)), skipped 11, stub orphans swept 0 [52.5s, 52.5s in the model]
    SKIPPED [a domestic event may have at most one decision date] remove doc:proceeding_1 echr:hasDecisionDate 2016-10-20: skipped: triple not present
    SKIPPED [a domestic event may have at most one decision date] remove doc:proceeding_1 echr:hasDecisionDate 2016-09-13: skipped: triple not present
    SKIPPED [a domestic event may have at most one decision date] remove doc:proceeding_1 echr:hasDecisionDate 2016-10-07: skipped: triple not present
    SKIPPED [a domestic event may have at most one decision date] remove doc:proceeding_2 echr:hasDecisionDate 2017-03-06: skipped: triple not present
    SKIPPED [a domestic event may have at most one decision date] remove doc:proceeding_2 echr:hasDecisionDate 2018-05-17: skipped: triple not present
    SKIPPED [a domestic event may have at most one decision date] remove doc:proceeding_3 echr:hasDecisionDate 2016-10-20: skipped: triple not present
    SKIPPED [a domestic event may have at most one decision date] remove doc:proceeding_3 echr:hasDecisionDate 2018-02-08: skipped: triple not present
    SKIPPED [a domestic event may have at most one decision date] remove doc:proceeding_4 echr:hasDecisionDate 2018-02-08: skipped: triple not present
    SKIPPED [a domestic event may have at most one decision date] remove doc:proceeding_4 echr:hasDecisionDate 2017-03-24: skipped: triple not present
    SKIPPED [a domestic event may have at most one decision date] remove doc:proceeding_5 echr:hasDecisionDate 2018-05-17: skipped: triple not present
    SKIPPED merge doc:proceeding_3 <- doc:proceedingFinalAppeal: skipped: nodes have different rdf:type
    RECOVERED 5 group(s), 12 op(s) from a stalled generation
    [domestic proceedings] pass 3: 5 finding(s) in; model proposed 5 group(s), 12 op(s), 0 merge(s)
    [domestic proceedings] pass 3: applied 1 (of which 0 merge(s)), skipped 11, stub orphans swept 0 [40.6s, 40.6s in the model]
    SKIPPED [a domestic event may have at most one decision date] remove doc:proceeding_1 echr:hasDecisionDate 2016-10-20: skipped: triple not present
    SKIPPED [a domestic event may have at most one decision date] remove doc:proceeding_1 echr:hasDecisionDate 2016-09-13: skipped: triple not present
    SKIPPED [a domestic event may have at most one decision date] remove doc:proceeding_1 echr:hasDecisionDate 2016-10-07: skipped: triple not present
    SKIPPED [a domestic event may have at most one decision date] remove doc:proceeding_1 echr:hasDecisionDate 2017-03-24: skipped: triple not present
    SKIPPED [a domestic event may have at most one decision date] remove doc:proceeding_2 echr:hasDecisionDate 2017-03-06: skipped: triple not present
    SKIPPED [a domestic event may have at most one decision date] remove doc:proceeding_2 echr:hasDecisionDate 2018-05-17: skipped: triple not present
    SKIPPED [a domestic event may have at most one decision date] remove doc:proceeding_3 echr:hasDecisionDate 2016-10-20: skipped: triple not present
    SKIPPED [a domestic event may have at most one decision date] remove doc:proceeding_3 echr:hasDecisionDate 2018-02-08: skipped: triple not present
    SKIPPED [a domestic event may have at most one decision date] remove doc:proceeding_4 echr:hasDecisionDate 2018-02-08: skipped: triple not present
    SKIPPED [a domestic event may have at most one decision date] remove doc:proceeding_4 echr:hasDecisionDate 2017-03-24: skipped: triple not present
    SKIPPED [a domestic event may have at most one decision date] remove doc:proceeding_5 echr:hasDecisionDate 2018-05-17: skipped: triple not present
    RECOVERED 1 group(s), 1 op(s) from a stalled generation
  [persons and participation] results/jurix_phase1/o2_low_ttl/repaired/input.L10.facts.ttl: 17 finding(s) in; model proposed 1 group(s), 1 op(s), 0 merge(s)
    [persons and participation] pass 1: applied 1 (of which 0 merge(s)), skipped 0, stub orphans swept 0 [7.9s, 7.9s in the model]
    [persons and participation] pass 2: 15 finding(s) in; model proposed 10 group(s), 42 op(s), 0 merge(s)
    [persons and participation] pass 2: applied 42 (of which 0 merge(s)), skipped 0, stub orphans swept 0 [53.2s, 53.1s in the model]
    RECOVERED 5 group(s), 1 op(s) from a stalled generation
    [persons and participation] pass 3: 8 finding(s) in; model proposed 5 group(s), 1 op(s), 0 merge(s)
    [persons and participation] pass 3: applied 1 (of which 0 merge(s)), skipped 0, stub orphans swept 0 [13.3s, 13.3s in the model]
  [source quote fidelity] results/jurix_phase1/o2_low_ttl/repaired/input.L10.facts.ttl: 3 finding(s) in; model proposed 3 group(s), 0 op(s), 0 merge(s)
    [source quote fidelity] pass 1: applied 0 (of which 0 merge(s)), skipped 0, stub orphans swept 0 [4.0s, 4.0s in the model]
    [source quote fidelity] pass 1: no operations applied - stopping
    document total: 247.4s across 8 model call(s) (246.8s in the model)
    wrote results/jurix_phase1/o2_low_ttl/repaired/input.L10.facts.ttl (backup at results/jurix_phase1/o2_low_ttl/repaired/backup/input.L10.facts.ttl)
  [domestic authorities] results/jurix_phase1/o2_low_ttl/repaired/input.L2.facts.ttl: 5 finding(s) in; model proposed 6 group(s), 13 op(s), 0 merge(s)
    [domestic authorities] pass 1: applied 13 (of which 0 merge(s)), skipped 1, stub orphans swept 0 [18.9s, 18.9s in the model]
    SKIPPED [Invented predicate echr:hasPartyName] remove doc:esa echr:hasPartyName : applied (1 value(s))
    [domestic authorities] pass 2: nothing left to flag - stopping
  [domestic proceedings] results/jurix_phase1/o2_low_ttl/repaired/input.L2.facts.ttl: 4 finding(s) in; model proposed 3 group(s), 7 op(s), 0 merge(s)
    [domestic proceedings] pass 1: applied 3 (of which 0 merge(s)), skipped 4, stub orphans swept 0 [8.0s, 7.9s in the model]
    SKIPPED [doc:proceeding_1 has multiple labels.] remove doc:proceeding_1 rdfs:label Domestic proceedings regarding immunity: skipped: triple not present
    SKIPPED [doc:proceeding_1 has multiple labels.] remove doc:proceeding_1 rdfs:label German court proceedings against ESA: skipped: triple not present
    SKIPPED [doc:proceeding_1 has multiple labels.] remove doc:proceeding_1 rdfs:label German court proceedings regarding ESA immunity: skipped: triple not present
    SKIPPED [doc:proceeding_1 has multiple labels.] remove doc:proceeding_1 rdfs:label proceedings against ESA: skipped: triple not present
    [domestic proceedings] pass 2: 2 finding(s) in; model proposed 3 group(s), 6 op(s), 0 merge(s)
    [domestic proceedings] pass 2: applied 1 (of which 0 merge(s)), skipped 5, stub orphans swept 0 [8.9s, 8.9s in the model]
    SKIPPED [shacl_violation] remove doc:proceeding_1 rdfs:label Domestic proceedings regarding immunity: skipped: triple not present
    SKIPPED [shacl_violation] remove doc:proceeding_1 rdfs:label German court proceedings against ESA: skipped: triple not present
    SKIPPED [shacl_violation] remove doc:proceeding_1 rdfs:label German court proceedings regarding ESA immunity: skipped: triple not present
    SKIPPED [shacl_violation] remove doc:proceeding_1 rdfs:label proceedings against ESA: skipped: triple not present
    SKIPPED [shacl_violation] remove doc:proceeding_2 rdfs:label labour court proceedings: skipped: triple not present
    [domestic proceedings] pass 2: 1 op(s) applied but findings did not fall (2 -> 2) - stopping
  [persons and participation] results/jurix_phase1/o2_low_ttl/repaired/input.L2.facts.ttl: 12 finding(s) in; model proposed 4 group(s), 6 op(s), 2 merge(s)
    [persons and participation] pass 1: applied 7 (of which 2 merge(s)), skipped 1, stub orphans swept 0 [12.1s, 12.1s in the model]
    SKIPPED [doc:applicant_1 has multiple rdfs:labels.] remove doc:applicant_1 rdfs:label the applicants: skipped: triple not present
    [persons and participation] pass 2: 6 finding(s) in; model proposed 5 group(s), 5 op(s), 0 merge(s)
    [persons and participation] pass 2: applied 5 (of which 0 merge(s)), skipped 0, stub orphans swept 0 [13.1s, 13.1s in the model]
    [persons and participation] pass 3: 1 finding(s) in; model proposed 1 group(s), 2 op(s), 0 merge(s)
    [persons and participation] pass 3: applied 2 (of which 0 merge(s)), skipped 0, stub orphans swept 0 [4.7s, 4.7s in the model]
  [source quote fidelity] results/jurix_phase1/o2_low_ttl/repaired/input.L2.facts.ttl: 1 finding(s) in; model proposed 1 group(s), 2 op(s), 0 merge(s)
    [source quote fidelity] pass 1: applied 1 (of which 0 merge(s)), skipped 2, stub orphans swept 0 [3.1s, 3.1s in the model]
    SKIPPED [The quote 'Mr Philip Regan is a British national' is a paraphrase. The verbatim text in the source is 'Mr Philip Regan is a British national, born in 1960 and resident in London in the United Kingdom.'] remove doc:personRegan echr:hasSupportingQuote Mr Philip Regan is a British national: applied (removed 1 quote(s) by index)
    SKIPPED [The quote 'Mr Philip Regan is a British national' is a paraphrase. The verbatim text in the source is 'Mr Philip Regan is a British national, born in 1960 and resident in London in the United Kingdom.'] add doc:personRegan echr:hasSupportingQuote Mr Philip Regan is a British national, born in 1960 and resident in London in the United Kingdom.: skipped: quote does not appear verbatim in the source document
    [source quote fidelity] pass 2: nothing left to flag - stopping
    document total: 69.0s across 7 model call(s) (68.7s in the model)
    wrote results/jurix_phase1/o2_low_ttl/repaired/input.L2.facts.ttl (backup at results/jurix_phase1/o2_low_ttl/repaired/backup/input.L2.facts.ttl)
  [domestic authorities] results/jurix_phase1/o2_low_ttl/repaired/input.L3.facts.ttl: 6 finding(s) in; model proposed 3 group(s), 8 op(s), 0 merge(s)
    [domestic authorities] pass 1: applied 9 (of which 0 merge(s)), skipped 0, stub orphans swept 1 [11.9s, 11.8s in the model]
    [domestic authorities] pass 2: nothing left to flag - stopping
  [domestic proceedings] results/jurix_phase1/o2_low_ttl/repaired/input.L3.facts.ttl: 24 finding(s) in; model proposed 6 group(s), 46 op(s), 0 merge(s)
    [domestic proceedings] pass 1: applied 24 (of which 0 merge(s)), skipped 22, stub orphans swept 0 [57.6s, 57.6s in the model]
    SKIPPED [doc:proceeding_3 has multiple labels, outcomes, and courts, mixing a Constitutional Court application and a Rectification request] remove doc:proceeding_3 rdfs:label Rectification request proceeding: skipped: triple not present
    SKIPPED [doc:proceeding_1 contains multiple labels, dates, and courts] remove doc:proceeding_1 rdfs:label First instance proceeding before the 13th Chamber: skipped: triple not present
    SKIPPED [doc:proceeding_1 contains multiple labels, dates, and courts] remove doc:proceeding_1 echr:hasDecisionDate 2014-12-09: skipped: triple not present
    SKIPPED [doc:proceeding_1 contains multiple labels, dates, and courts] remove doc:proceeding_1 echr:hasProceedingStartDate 2011-02-24: skipped: triple not present
    SKIPPED [doc:proceeding_2 contains multiple labels, dates, and outcomes] remove doc:proceeding_2 rdfs:label Supreme Administrative Court appeal: skipped: triple not present
    SKIPPED [doc:proceeding_2 contains multiple labels, dates, and outcomes] remove doc:proceeding_2 rdfs:label appeal before the Supreme Administrative Court: skipped: triple not present
    SKIPPED [doc:proceeding_2 contains multiple labels, dates, and outcomes] remove doc:proceeding_2 echr:hasDecisionDate 2006-07-20: skipped: triple not present
    SKIPPED [doc:proceeding_2 contains multiple labels, dates, and outcomes] remove doc:proceeding_2 echr:hasDecisionDate 2014-12-09: skipped: triple not present
    SKIPPED [doc:admin_action_1, doc:admin_action_2, doc:admin_action_3 are multi-event nodes] remove doc:admin_action_1 rdfs:label Fund decision on impossibility of enforcement: skipped: triple not present
    SKIPPED [doc:admin_action_1, doc:admin_action_2, doc:admin_action_3 are multi-event nodes] remove doc:admin_action_1 rdfs:label Fund decision on Protocol default: skipped: triple not present
    SKIPPED [doc:admin_action_1, doc:admin_action_2, doc:admin_action_3 are multi-event nodes] remove doc:admin_action_1 rdfs:label TSKB Valuation Report 2007: skipped: triple not present
    SKIPPED [doc:admin_action_1, doc:admin_action_2, doc:admin_action_3 are multi-event nodes] remove doc:admin_action_1 echr:hasDecisionDate 2015-10-27: skipped: triple not present
    SKIPPED [doc:admin_action_1, doc:admin_action_2, doc:admin_action_3 are multi-event nodes] remove doc:admin_action_1 echr:hasDecisionDate 2008-04-03: skipped: triple not present
    SKIPPED [doc:admin_action_1, doc:admin_action_2, doc:admin_action_3 are multi-event nodes] remove doc:admin_action_1 echr:hasDecisionDate 2007-08-01: skipped: triple not present
    SKIPPED [doc:admin_action_1, doc:admin_action_2, doc:admin_action_3 are multi-event nodes] remove doc:admin_action_2 rdfs:label Fund resolution to transfer management: skipped: triple not present
    SKIPPED [doc:admin_action_1, doc:admin_action_2, doc:admin_action_3 are multi-event nodes] remove doc:admin_action_2 rdfs:label Fund Sale Resolution 2007: skipped: triple not present
    SKIPPED [doc:admin_action_1, doc:admin_action_2, doc:admin_action_3 are multi-event nodes] remove doc:admin_action_2 echr:hasDecisionDate 2008-09-18: skipped: triple not present
    SKIPPED [doc:admin_action_1, doc:admin_action_2, doc:admin_action_3 are multi-event nodes] remove doc:admin_action_2 echr:hasDecisionDate 2007-08-29: skipped: triple not present
    SKIPPED [doc:admin_action_1, doc:admin_action_2, doc:admin_action_3 are multi-event nodes] remove doc:admin_action_3 rdfs:label Fund decision to establish economic units: skipped: triple not present
    SKIPPED [doc:admin_action_1, doc:admin_action_2, doc:admin_action_3 are multi-event nodes] remove doc:admin_action_3 rdfs:label TSKB Valuation Report 2009: skipped: triple not present
    SKIPPED [doc:admin_action_1, doc:admin_action_2, doc:admin_action_3 are multi-event nodes] remove doc:admin_action_3 echr:hasDecisionDate 2007-07-19: skipped: triple not present
    SKIPPED [doc:admin_action_1, doc:admin_action_2, doc:admin_action_3 are multi-event nodes] remove doc:admin_action_3 echr:hasDecisionDate 2009-06-30: skipped: triple not present
    [domestic proceedings] pass 2: 14 finding(s) in; model proposed 6 group(s), 27 op(s), 0 merge(s)
    [domestic proceedings] pass 2: applied 2 (of which 0 merge(s)), skipped 25, stub orphans swept 0 [30.9s, 30.9s in the model]
    SKIPPED [doc:proceeding_1 has multiple labels, start dates, decision dates, and courts. The quotes reveal these are distinct events: the initiation of proceedings (Feb 2011) and the subsequent dismissal by the 13th Chamber of the Supreme Administrative Court (Dec 2014). The latter is actually part of the appeal chain.] remove doc:proceeding_1 rdfs:label First instance proceeding before the 13th Chamber: skipped: triple not present
    SKIPPED [doc:proceeding_1 has multiple labels, start dates, decision dates, and courts. The quotes reveal these are distinct events: the initiation of proceedings (Feb 2011) and the subsequent dismissal by the 13th Chamber of the Supreme Administrative Court (Dec 2014). The latter is actually part of the appeal chain.] remove doc:proceeding_1 rdfs:label Administrative Court Challenge: skipped: triple not present
    SKIPPED [doc:proceeding_1 has multiple labels, start dates, decision dates, and courts. The quotes reveal these are distinct events: the initiation of proceedings (Feb 2011) and the subsequent dismissal by the 13th Chamber of the Supreme Administrative Court (Dec 2014). The latter is actually part of the appeal chain.] remove doc:proceeding_1 echr:hasProceedingStartDate 2011-02-24: skipped: triple not present
    SKIPPED [doc:proceeding_1 has multiple labels, start dates, decision dates, and courts. The quotes reveal these are distinct events: the initiation of proceedings (Feb 2011) and the subsequent dismissal by the 13th Chamber of the Supreme Administrative Court (Dec 2014). The latter is actually part of the appeal chain.] remove doc:proceeding_1 echr:hasDecisionDate 2014-12-09: skipped: triple not present
    SKIPPED [doc:proceeding_2 has multiple labels and decision dates. The quotes show three distinct events: a 2006 quashing, a 2014 upholding, and a 2015 annulment by the General Assembly.] remove doc:proceeding_2 rdfs:label Supreme Administrative Court appeal: skipped: triple not present
    SKIPPED [doc:proceeding_2 has multiple labels and decision dates. The quotes show three distinct events: a 2006 quashing, a 2014 upholding, and a 2015 annulment by the General Assembly.] remove doc:proceeding_2 rdfs:label appeal before the Supreme Administrative Court: skipped: triple not present
    SKIPPED [doc:proceeding_2 has multiple labels and decision dates. The quotes show three distinct events: a 2006 quashing, a 2014 upholding, and a 2015 annulment by the General Assembly.] remove doc:proceeding_2 echr:hasDecisionDate 2006-07-20: skipped: triple not present
    SKIPPED [doc:proceeding_2 has multiple labels and decision dates. The quotes show three distinct events: a 2006 quashing, a 2014 upholding, and a 2015 annulment by the General Assembly.] remove doc:proceeding_2 echr:hasDecisionDate 2014-12-09: skipped: triple not present
    SKIPPED [doc:proceeding_3 conflates the Constitutional Court application with a rectification request before the Supreme Administrative Court.] remove doc:proceeding_3 rdfs:label Rectification request proceeding: skipped: triple not present
    SKIPPED [doc:proceeding_3 conflates the Constitutional Court application with a rectification request before the Supreme Administrative Court.] remove doc:proceeding_3 echr:hasSupportingQuote On 25 January 2016, the Supreme Administrative Court rejected the Fund’s request for rectification: skipped: quote_index 1 does not name a listed unverified quote
    SKIPPED [doc:proceeding_rectification_1 has multiple labels.] remove doc:proceeding_rectification_1 rdfs:label Rectification request proceeding: skipped: triple not present
    SKIPPED [doc:admin_action_1, doc:admin_action_2, and doc:admin_action_3 are 'super-nodes' conflating multiple distinct administrative decisions into single entities.] remove doc:admin_action_1 rdfs:label Fund decision on impossibility of enforcement: skipped: triple not present
    SKIPPED [doc:admin_action_1, doc:admin_action_2, and doc:admin_action_3 are 'super-nodes' conflating multiple distinct administrative decisions into single entities.] remove doc:admin_action_1 rdfs:label Fund decision on Protocol default: skipped: triple not present
    SKIPPED [doc:admin_action_1, doc:admin_action_2, and doc:admin_action_3 are 'super-nodes' conflating multiple distinct administrative decisions into single entities.] remove doc:admin_action_1 rdfs:label TSKB Valuation Report 2007: skipped: triple not present
    SKIPPED [doc:admin_action_1, doc:admin_action_2, and doc:admin_action_3 are 'super-nodes' conflating multiple distinct administrative decisions into single entities.] remove doc:admin_action_1 echr:hasDecisionDate 2008-04-03: skipped: triple not present
    SKIPPED [doc:admin_action_1, doc:admin_action_2, and doc:admin_action_3 are 'super-nodes' conflating multiple distinct administrative decisions into single entities.] remove doc:admin_action_1 echr:hasDecisionDate 2015-10-27: skipped: triple not present
    SKIPPED [doc:admin_action_1, doc:admin_action_2, and doc:admin_action_3 are 'super-nodes' conflating multiple distinct administrative decisions into single entities.] remove doc:admin_action_1 echr:hasDecisionDate 2007-08-01: skipped: triple not present
    SKIPPED [doc:admin_action_1, doc:admin_action_2, and doc:admin_action_3 are 'super-nodes' conflating multiple distinct administrative decisions into single entities.] remove doc:admin_action_2 rdfs:label Fund resolution to transfer management: skipped: triple not present
    SKIPPED [doc:admin_action_1, doc:admin_action_2, and doc:admin_action_3 are 'super-nodes' conflating multiple distinct administrative decisions into single entities.] remove doc:admin_action_2 rdfs:label Fund Sale Resolution 2007: skipped: triple not present
    SKIPPED [doc:admin_action_1, doc:admin_action_2, and doc:admin_action_3 are 'super-nodes' conflating multiple distinct administrative decisions into single entities.] remove doc:admin_action_2 echr:hasDecisionDate 2008-09-18: skipped: triple not present
    SKIPPED [doc:admin_action_1, doc:admin_action_2, and doc:admin_action_3 are 'super-nodes' conflating multiple distinct administrative decisions into single entities.] remove doc:admin_action_2 echr:hasDecisionDate 2007-08-29: skipped: triple not present
    SKIPPED [doc:admin_action_1, doc:admin_action_2, and doc:admin_action_3 are 'super-nodes' conflating multiple distinct administrative decisions into single entities.] remove doc:admin_action_3 rdfs:label Fund decision to establish economic units: skipped: triple not present
    SKIPPED [doc:admin_action_1, doc:admin_action_2, and doc:admin_action_3 are 'super-nodes' conflating multiple distinct administrative decisions into single entities.] remove doc:admin_action_3 rdfs:label TSKB Valuation Report 2009: skipped: triple not present
    SKIPPED [doc:admin_action_1, doc:admin_action_2, and doc:admin_action_3 are 'super-nodes' conflating multiple distinct administrative decisions into single entities.] remove doc:admin_action_3 echr:hasDecisionDate 2007-07-19: skipped: triple not present
    SKIPPED [doc:admin_action_1, doc:admin_action_2, and doc:admin_action_3 are 'super-nodes' conflating multiple distinct administrative decisions into single entities.] remove doc:admin_action_3 echr:hasDecisionDate 2009-06-30: skipped: triple not present
    RECOVERED 1 group(s), 1 op(s) from a stalled generation
    [domestic proceedings] pass 3: 13 finding(s) in; model proposed 1 group(s), 1 op(s), 0 merge(s)
    [domestic proceedings] pass 3: applied 0 (of which 0 merge(s)), skipped 1, stub orphans swept 0 [7.9s, 7.9s in the model]
    SKIPPED [doc:admin_action_1 has multiple labels and decision dates, conflating distinct administrative actions.] remove doc:admin_action_1 rdfs:label "transfer of management and control of İktisat Bank": skipped: triple not present
    [domestic proceedings] pass 3: no operations applied - stopping
    RECOVERED 1 group(s), 1 op(s) from a stalled generation
  [persons and participation] results/jurix_phase1/o2_low_ttl/repaired/input.L3.facts.ttl: 9 finding(s) in; model proposed 1 group(s), 1 op(s), 0 merge(s)
    [persons and participation] pass 1: applied 0 (of which 0 merge(s)), skipped 1, stub orphans swept 0 [8.0s, 8.0s in the model]
    SKIPPED [doc:erolAksoy has multiple rdfs:labels ('Erol Aksoy Group' and 'Mr Erol Aksoy'). The former refers to a group (legal entity/party), while the latter is the natural person (the applicant).] remove doc:erolAksoy rdfs:label Erol Aksoy Group: skipped: triple not present
    [persons and participation] pass 1: no operations applied - stopping
  [source quote fidelity] results/jurix_phase1/o2_low_ttl/repaired/input.L3.facts.ttl: nothing flagged
    document total: 116.5s across 5 model call(s) (116.2s in the model)
    wrote results/jurix_phase1/o2_low_ttl/repaired/input.L3.facts.ttl (backup at results/jurix_phase1/o2_low_ttl/repaired/backup/input.L3.facts.ttl)
  [domestic authorities] results/jurix_phase1/o2_low_ttl/repaired/input.L4.facts.ttl: 1 finding(s) in; model proposed 2 group(s), 2 op(s), 1 merge(s)
    [domestic authorities] pass 1: applied 3 (of which 1 merge(s)), skipped 0, stub orphans swept 0 [8.2s, 8.1s in the model]
    [domestic authorities] pass 2: nothing left to flag - stopping
  [domestic proceedings] results/jurix_phase1/o2_low_ttl/repaired/input.L4.facts.ttl: 13 finding(s) in; model proposed 3 group(s), 29 op(s), 0 merge(s)
    [domestic proceedings] pass 1: applied 29 (of which 0 merge(s)), skipped 9, stub orphans swept 0 [34.4s, 34.4s in the model]
    SKIPPED [doc:proceeding_1 is a 'mega-node' containing multiple distinct proceedings (investigation, first instance, appeal, objection). It must be split into separate nodes.] remove doc:proceeding_1 rdfs:label : applied (7 value(s))
    SKIPPED [doc:proceeding_1 is a 'mega-node' containing multiple distinct proceedings (investigation, first instance, appeal, objection). It must be split into separate nodes.] remove doc:proceeding_1 echr:hasDecisionDate : applied (6 value(s))
    SKIPPED [doc:proceeding_1 is a 'mega-node' containing multiple distinct proceedings (investigation, first instance, appeal, objection). It must be split into separate nodes.] remove doc:proceeding_1 echr:hasCourt : applied (3 value(s))
    SKIPPED [doc:proceeding_1 is a 'mega-node' containing multiple distinct proceedings (investigation, first instance, appeal, objection). It must be split into separate nodes.] remove doc:proceeding_1 echr:hasOutcome : applied (3 value(s))
    SKIPPED [doc:proceeding_1 is a 'mega-node' containing multiple distinct proceedings (investigation, first instance, appeal, objection). It must be split into separate nodes.] remove doc:proceeding_1 echr:hasInstanceLevel : applied (3 value(s))
    SKIPPED [doc:proceeding_1 is a 'mega-node' containing multiple distinct proceedings (investigation, first instance, appeal, objection). It must be split into separate nodes.] remove doc:proceeding_1 echr:hasOutcomeDirection : applied (2 value(s))
    SKIPPED [doc:proceeding_1 is a 'mega-node' containing multiple distinct proceedings (investigation, first instance, appeal, objection). It must be split into separate nodes.] remove doc:proceeding_1 echr:hasProceedingStartDate : applied (2 value(s))
    SKIPPED [doc:proceeding_4 has multiple labels and decision dates.] remove doc:proceeding_4 rdfs:label : applied (2 value(s))
    SKIPPED [doc:proceeding_4 has multiple labels and decision dates.] remove doc:proceeding_4 echr:hasDecisionDate : applied (2 value(s))
    RECOVERED 1 group(s), 1 op(s) from a stalled generation
    [domestic proceedings] pass 2: 4 finding(s) in; model proposed 1 group(s), 1 op(s), 0 merge(s)
    [domestic proceedings] pass 2: applied 1 (of which 0 merge(s)), skipped 0, stub orphans swept 0 [7.7s, 7.7s in the model]
    [domestic proceedings] pass 2: 1 op(s) applied but findings did not fall (4 -> 4) - stopping
    RECOVERED 1 group(s), 1 op(s) from a stalled generation
  [persons and participation] results/jurix_phase1/o2_low_ttl/repaired/input.L4.facts.ttl: 9 finding(s) in; model proposed 1 group(s), 1 op(s), 0 merge(s)
    [persons and participation] pass 1: applied 1 (of which 0 merge(s)), skipped 0, stub orphans swept 0 [8.2s, 8.2s in the model]
    RECOVERED 3 group(s), 1 op(s) from a stalled generation
    [persons and participation] pass 2: 7 finding(s) in; model proposed 3 group(s), 1 op(s), 0 merge(s)
    [persons and participation] pass 2: applied 0 (of which 0 merge(s)), skipped 1, stub orphans swept 0 [24.5s, 24.5s in the model]
    SKIPPED [doc:applicant_1 has multiple rdfs:labels.] remove doc:applicant_1 rdfs:label the applicant: skipped: triple not present
    [persons and participation] pass 2: no operations applied - stopping
  [source quote fidelity] results/jurix_phase1/o2_low_ttl/repaired/input.L4.facts.ttl: nothing flagged
    document total: 83.1s across 5 model call(s) (82.9s in the model)
    wrote results/jurix_phase1/o2_low_ttl/repaired/input.L4.facts.ttl (backup at results/jurix_phase1/o2_low_ttl/repaired/backup/input.L4.facts.ttl)
  [domestic authorities] results/jurix_phase1/o2_low_ttl/repaired/input.L5.facts.ttl: 4 finding(s) in; model proposed 2 group(s), 3 op(s), 4 merge(s)
    [domestic authorities] pass 1: applied 5 (of which 2 merge(s)), skipped 2, stub orphans swept 0 [6.9s, 6.9s in the model]
    SKIPPED merge doc:hqdcb <- doc:authHqdcb: skipped: nodes have different rdf:type
    SKIPPED merge doc:qdcZakarpattya <- doc:qdc_zakarpattya_1: skipped: nodes have different rdf:type
    [domestic authorities] pass 2: nothing left to flag - stopping
  [domestic proceedings] results/jurix_phase1/o2_low_ttl/repaired/input.L5.facts.ttl: 12 finding(s) in; model proposed 6 group(s), 11 op(s), 0 merge(s)
    [domestic proceedings] pass 1: applied 5 (of which 0 merge(s)), skipped 6, stub orphans swept 0 [16.2s, 16.2s in the model]
    SKIPPED [doc:proceeding_1 has multiple instance levels and proceeding types. Quote says 'Disciplinary Chamber of the QDC of Zakarpattya suspended the applicant’s licence', which is a first-instance disciplinary action.] remove doc:proceeding_1 rdfs:label appeals against the decision of 17 April 2013: skipped: triple not present
    SKIPPED [doc:proceeding_1 has multiple instance levels and proceeding types. Quote says 'Disciplinary Chamber of the QDC of Zakarpattya suspended the applicant’s licence', which is a first-instance disciplinary action.] remove doc:proceeding_1 rdfs:label disciplinary proceeding resulting in decision of 17 April 2013: skipped: triple not present
    SKIPPED [doc:proceeding_podilskyy_1 has multiple courts, outcomes, and decision dates.] remove doc:proceeding_podilskyy_1 echr:hasDecisionDate "2017-03-06": skipped: triple not present
    SKIPPED [doc:proceeding_podilskyy_1 has multiple courts, outcomes, and decision dates.] remove doc:proceeding_podilskyy_1 rdfs:label Appeal to Podilskyy District Court: skipped: triple not present
    SKIPPED [doc:proceeding_2 has multiple labels.] remove doc:proceeding_2 rdfs:label Review proceeding 16 May 2013: skipped: triple not present
    SKIPPED [Conflict: both doc:proceeding_supreme_1 and doc:proceeding_kyiv_1 marked as final domestic decision.] remove doc:proceeding_kyiv_1 echr:isFinalDomesticDecision "true": skipped: triple not present
    RECOVERED 1 group(s), 1 op(s) from a stalled generation
    [domestic proceedings] pass 2: 4 finding(s) in; model proposed 1 group(s), 1 op(s), 0 merge(s)
    [domestic proceedings] pass 2: applied 0 (of which 0 merge(s)), skipped 1, stub orphans swept 0 [7.8s, 7.8s in the model]
    SKIPPED [flagged_isFinalDomesticDecision_conflict] remove doc:proceeding_kyiv_1 echr:isFinalDomesticDecision "true": skipped: triple not present
    [domestic proceedings] pass 2: no operations applied - stopping
  [persons and participation] results/jurix_phase1/o2_low_ttl/repaired/input.L5.facts.ttl: 9 finding(s) in; model proposed 3 group(s), 6 op(s), 1 merge(s)
    [persons and participation] pass 1: applied 7 (of which 1 merge(s)), skipped 0, stub orphans swept 0 [21.6s, 21.6s in the model]
    RECOVERED 1 group(s), 1 op(s) from a stalled generation
    [persons and participation] pass 2: 4 finding(s) in; model proposed 1 group(s), 1 op(s), 0 merge(s)
    [persons and participation] pass 2: applied 1 (of which 0 merge(s)), skipped 0, stub orphans swept 0 [5.9s, 5.9s in the model]
    [persons and participation] pass 3: 3 finding(s) in; model proposed 3 group(s), 14 op(s), 0 merge(s)
    [persons and participation] pass 3: applied 14 (of which 0 merge(s)), skipped 0, stub orphans swept 0 [17.6s, 17.6s in the model]
  [source quote fidelity] results/jurix_phase1/o2_low_ttl/repaired/input.L5.facts.ttl: 1 finding(s) in; model proposed 1 group(s), 2 op(s), 0 merge(s)
    [source quote fidelity] pass 1: applied 2 (of which 0 merge(s)), skipped 1, stub orphans swept 0 [3.5s, 3.5s in the model]
    SKIPPED [The quote for doc:proceeding_podilskyy_1 is a concatenation of two separate sentences (paragraphs 22 and 23) and is not a verbatim span.] remove doc:proceeding_podilskyy_1 echr:hasSupportingQuote On an unspecified date in 2016 the applicant also lodged an appeal against the HQDCB’s decision with the Podilskyy District Court of Kyiv. On 22 December 2016 the Podilskyy District Court decided not to examine the applicant’s appeal.: applied (removed 1 quote(s) by index)
    [source quote fidelity] pass 2: nothing left to flag - stopping
    document total: 79.7s across 7 model call(s) (79.5s in the model)
    wrote results/jurix_phase1/o2_low_ttl/repaired/input.L5.facts.ttl (backup at results/jurix_phase1/o2_low_ttl/repaired/backup/input.L5.facts.ttl)
  [domestic authorities] results/jurix_phase1/o2_low_ttl/repaired/input.L6.facts.ttl: nothing flagged
    RECOVERED 1 group(s), 1 op(s) from a stalled generation
  [domestic proceedings] results/jurix_phase1/o2_low_ttl/repaired/input.L6.facts.ttl: 1 finding(s) in; model proposed 1 group(s), 1 op(s), 0 merge(s)
    [domestic proceedings] pass 1: applied 0 (of which 0 merge(s)), skipped 1, stub orphans swept 0 [7.9s, 7.9s in the model]
    SKIPPED [doc:proceeding_1 has multiple labels] remove doc:proceeding_1 rdfs:label "Claim for recovery of debt": skipped: triple not present
    [domestic proceedings] pass 1: no operations applied - stopping
  [persons and participation] results/jurix_phase1/o2_low_ttl/repaired/input.L6.facts.ttl: 7 finding(s) in; model proposed 4 group(s), 33 op(s), 0 merge(s)
    [persons and participation] pass 1: applied 31 (of which 0 merge(s)), skipped 2, stub orphans swept 0 [39.0s, 39.0s in the model]
    SKIPPED [a node with more than one rdfs:label is asserting that two distinct entities are the same one -- split it instead of labelling it twice] remove doc:llc_1 echr:hasPersonName "the director of the LLC": skipped: triple not present
    SKIPPED [a node with more than one rdfs:label is asserting that two distinct entities are the same one -- split it instead of labelling it twice] remove doc:llc_1 rdfs:label "the director of the LLC": skipped: triple not present
    [persons and participation] pass 2: 1 finding(s) in; model proposed 1 group(s), 2 op(s), 0 merge(s)
    [persons and participation] pass 2: applied 2 (of which 0 merge(s)), skipped 0, stub orphans swept 0 [4.2s, 4.2s in the model]
    [persons and participation] pass 2: 2 op(s) applied but findings did not fall (1 -> 1) - stopping
  [source quote fidelity] results/jurix_phase1/o2_low_ttl/repaired/input.L6.facts.ttl: nothing flagged
    document total: 51.3s across 3 model call(s) (51.1s in the model)
    wrote results/jurix_phase1/o2_low_ttl/repaired/input.L6.facts.ttl (backup at results/jurix_phase1/o2_low_ttl/repaired/backup/input.L6.facts.ttl)
  [domestic authorities] results/jurix_phase1/o2_low_ttl/repaired/input.L7.facts.ttl: 2 finding(s) in; model proposed 2 group(s), 2 op(s), 0 merge(s)
    [domestic authorities] pass 1: applied 2 (of which 0 merge(s)), skipped 0, stub orphans swept 0 [4.0s, 4.0s in the model]
    [domestic authorities] pass 2: nothing left to flag - stopping
  [domestic proceedings] results/jurix_phase1/o2_low_ttl/repaired/input.L7.facts.ttl: 4 finding(s) in; model proposed 5 group(s), 6 op(s), 0 merge(s)
    [domestic proceedings] pass 1: applied 3 (of which 0 merge(s)), skipped 3, stub orphans swept 0 [10.9s, 10.9s in the model]
    SKIPPED [doc:trial_1 has multiple rdfs:label values] remove doc:trial_1 rdfs:label First Instance Trial: skipped: triple not present
    SKIPPED [doc:trial_1 has multiple rdfs:label values] remove doc:trial_1 rdfs:label trial of the applicant: skipped: triple not present
    SKIPPED [doc:appeal_1 has multiple rdfs:label values] remove doc:appeal_1 rdfs:label Court of Appeal Proceeding: skipped: triple not present
    RECOVERED 1 group(s), 1 op(s) from a stalled generation
    [domestic proceedings] pass 2: 2 finding(s) in; model proposed 1 group(s), 1 op(s), 0 merge(s)
    [domestic proceedings] pass 2: applied 0 (of which 0 merge(s)), skipped 1, stub orphans swept 0 [6.7s, 6.7s in the model]
    SKIPPED [doc:appeal_1 has multiple labels] remove doc:appeal_1 rdfs:label Court of Appeal Proceeding: skipped: triple not present
    [domestic proceedings] pass 2: no operations applied - stopping
    RECOVERED 1 group(s), 1 op(s) from a stalled generation
  [persons and participation] results/jurix_phase1/o2_low_ttl/repaired/input.L7.facts.ttl: 5 finding(s) in; model proposed 1 group(s), 1 op(s), 0 merge(s)
    [persons and participation] pass 1: applied 1 (of which 0 merge(s)), skipped 0, stub orphans swept 0 [7.4s, 7.4s in the model]
    [persons and participation] pass 2: 3 finding(s) in; model proposed 6 group(s), 11 op(s), 0 merge(s)
    [persons and participation] pass 2: applied 11 (of which 0 merge(s)), skipped 0, stub orphans swept 0 [16.3s, 16.3s in the model]
    [persons and participation] pass 3: 1 finding(s) in; model proposed 2 group(s), 9 op(s), 0 merge(s)
    [persons and participation] pass 3: applied 9 (of which 0 merge(s)), skipped 0, stub orphans swept 0 [11.9s, 11.9s in the model]
  [source quote fidelity] results/jurix_phase1/o2_low_ttl/repaired/input.L7.facts.ttl: 1 finding(s) in; model proposed 1 group(s), 2 op(s), 0 merge(s)
    [source quote fidelity] pass 1: applied 2 (of which 0 merge(s)), skipped 1, stub orphans swept 0 [7.0s, 7.0s in the model]
    SKIPPED [The quote 'the defence case was that' is not a verbatim span in the source text. The actual sentence begins 'The defence case was that, although...'.] remove doc:participation_applicant_1 echr:hasSupportingQuote the defence case was that: applied (removed 1 quote(s) by index)
    [source quote fidelity] pass 2: nothing left to flag - stopping
    document total: 64.5s across 7 model call(s) (64.2s in the model)
    wrote results/jurix_phase1/o2_low_ttl/repaired/input.L7.facts.ttl (backup at results/jurix_phase1/o2_low_ttl/repaired/backup/input.L7.facts.ttl)
    RECOVERED 1 group(s), 1 op(s) from a stalled generation
  [domestic authorities] results/jurix_phase1/o2_low_ttl/repaired/input.L8.facts.ttl: 8 finding(s) in; model proposed 1 group(s), 1 op(s), 0 merge(s)
    [domestic authorities] pass 1: applied 0 (of which 0 merge(s)), skipped 1, stub orphans swept 0 [5.1s, 5.0s in the model]
    SKIPPED [a node with more than one rdfs:label is asserting that two distinct entities are the same one -- split it instead of labelling it twice] remove doc:nnProsecutorOffice rdfs:label "Nizhniy Novgorod prosecutor’s office": skipped: triple not present
    [domestic authorities] pass 1: no operations applied - stopping
  [domestic proceedings] results/jurix_phase1/o2_low_ttl/repaired/input.L8.facts.ttl: 22 finding(s) in; model proposed 5 group(s), 29 op(s), 1 merge(s)
    [domestic proceedings] pass 1: applied 21 (of which 1 merge(s)), skipped 9, stub orphans swept 0 [37.8s, 37.7s in the model]
    SKIPPED [doc:proceeding_2 is a conflation of a Supreme Court appeal and a second trial at the Regional Court.] remove doc:proceeding_2 rdfs:label appeal to Supreme Court: skipped: triple not present
    SKIPPED [doc:proceeding_2 is a conflation of a Supreme Court appeal and a second trial at the Regional Court.] remove doc:proceeding_2 echr:hasDecisionDate 1997-07: skipped: triple not present
    SKIPPED [doc:proceeding_3 is a conflation of the retrial and the subsequent cassation appeal.] remove doc:proceeding_3 rdfs:label retrial of Klimentyev: skipped: triple not present
    SKIPPED [doc:admin_action_1 conflates two different administrative actions.] remove doc:admin_action_1 rdfs:label electoral committee decision: skipped: triple not present
    SKIPPED [doc:admin_action_1 conflates two different administrative actions.] remove doc:admin_action_1 echr:hasDecisionDate 1998-04-01: skipped: triple not present
    SKIPPED [doc:trialProceeding has multiple labels and decision dates.] remove doc:trialProceeding echr:hasDecisionDate 1998-06-03: skipped: triple not present
    SKIPPED [doc:trialProceeding has multiple labels and decision dates.] remove doc:trialProceeding rdfs:label Nizhniy Novgorod Regional Court Trial: skipped: triple not present
    SKIPPED [doc:trialProceeding has multiple labels and decision dates.] remove doc:trialProceeding rdfs:label trial proceeding: skipped: triple not present
    SKIPPED [doc:trialProceeding has multiple labels and decision dates.] remove doc:trialProceeding rdfs:label trial in Nizhniy Novgorod: skipped: triple not present
    [domestic proceedings] pass 2: 9 finding(s) in; model proposed 6 group(s), 16 op(s), 2 merge(s)
    [domestic proceedings] pass 2: applied 15 (of which 2 merge(s)), skipped 3, stub orphans swept 0 [25.3s, 25.2s in the model]
    SKIPPED [doc:admin_action_1 contains two distinct events (freezing of proceeds and electoral committee decision) with different dates, labels, and authorities.] remove doc:admin_action_1 echr:hasDecisionDate 1998-04-01: skipped: triple not present
    SKIPPED [doc:proceeding_2 conflates a 1997 Supreme Court decision and a 1998 Regional Court retrial.] remove doc:proceeding_2 echr:hasDecisionDate 1997-07: skipped: triple not present
    SKIPPED [doc:trialProceeding has multiple decision dates.] remove doc:trialProceeding echr:hasDecisionDate 1998-06-03: skipped: triple not present
    [domestic proceedings] pass 3: 3 finding(s) in; model proposed 3 group(s), 4 op(s), 0 merge(s)
    [domestic proceedings] pass 3: applied 2 (of which 0 merge(s)), skipped 2, stub orphans swept 0 [7.5s, 7.5s in the model]
    SKIPPED [a domestic event may have at most one decision date] remove doc:admin_action_1 echr:hasDecisionDate 1998-04-01: skipped: triple not present
    SKIPPED [a domestic event may have at most one decision date] remove doc:trialProceeding echr:hasDecisionDate 1998-06-03: skipped: triple not present
  [persons and participation] results/jurix_phase1/o2_low_ttl/repaired/input.L8.facts.ttl: 16 finding(s) in; model proposed 7 group(s), 19 op(s), 0 merge(s)
    [persons and participation] pass 1: applied 18 (of which 0 merge(s)), skipped 1, stub orphans swept 0 [26.7s, 26.7s in the model]
    SKIPPED [doc:lawyerK has multiple labels] remove doc:lawyerK rdfs:label "Mr. K.": skipped: triple not present
    RECOVERED 1 group(s), 1 op(s) from a stalled generation
    [persons and participation] pass 2: 11 finding(s) in; model proposed 1 group(s), 1 op(s), 0 merge(s)
    [persons and participation] pass 2: applied 0 (of which 0 merge(s)), skipped 1, stub orphans swept 0 [7.0s, 7.0s in the model]
    SKIPPED [a node with more than one rdfs:label is asserting that two distinct entities are the same one -- split it instead of labelling it twice] remove doc:lawyerK rdfs:label Mr K.: skipped: triple not present
    [persons and participation] pass 2: no operations applied - stopping
    RECOVERED 1 group(s), 2 op(s) from a stalled generation
  [source quote fidelity] results/jurix_phase1/o2_low_ttl/repaired/input.L8.facts.ttl: 8 finding(s) in; model proposed 1 group(s), 2 op(s), 0 merge(s)
    [source quote fidelity] pass 1: applied 1 (of which 0 merge(s)), skipped 2, stub orphans swept 0 [12.5s, 12.5s in the model]
    SKIPPED [The quote for doc:participation_zhanto_1 is a fragment that does not appear verbatim in the source text. It is a paraphrase of a sentence mentioning the companies.] remove doc:participation_zhanto_1 echr:hasSupportingQuote civil claims by the latter three companies, “Zhanto”: applied (removed 1 quote(s) by index)
    SKIPPED [The quote for doc:participation_zhanto_1 is a fragment that does not appear verbatim in the source text. It is a paraphrase of a sentence mentioning the companies.] add doc:participation_zhanto_1 echr:hasSupportingQuote the court also granted civil claims for damages by the shipyard “Oka” and three other companies, “Zhanto”, “NL TOP” and “Slot”.: skipped: quote does not appear verbatim in the source document
    [source quote fidelity] pass 2: 3 finding(s) in; model proposed 3 group(s), 6 op(s), 0 merge(s)
    [source quote fidelity] pass 2: applied 5 (of which 0 merge(s)), skipped 4, stub orphans swept 0 [7.1s, 7.1s in the model]
    SKIPPED [The quote for doc:participationApplicantSupreme is a slight paraphrase; it should be 'The applicant requested permission to attend the hearing in the Supreme Court in person'.] remove doc:participationApplicantSupreme echr:hasSupportingQuote the applicant requested permission to attend the hearing in the Supreme Court in person: applied (removed 1 quote(s) by index)
    SKIPPED [The quote 'the applicant was also convicted' for doc:participation_applicant_1 is a fragment that appears in several places, but as a verbatim span it is found within the description of the convictions.] remove doc:participation_applicant_1 echr:hasSupportingQuote the applicant was also convicted: applied (removed 1 quote(s) by index)
    SKIPPED [The quote 'the applicant was also convicted' for doc:participation_applicant_1 is a fragment that appears in several places, but as a verbatim span it is found within the description of the convictions.] add doc:participation_applicant_1 echr:hasSupportingQuote the applicant was also convicted: skipped: quote does not appear verbatim in the source document
    SKIPPED [The quote for doc:participation_oka_1 is a slight paraphrase; it should be 'The court also granted civil claims for damages by the shipyard “Oka”'.] remove doc:participation_oka_1 echr:hasSupportingQuote the court also granted civil claims for damages by the shipyard “Oka”: applied (removed 1 quote(s) by index)
    [source quote fidelity] pass 3: nothing left to flag - stopping
    document total: 129.2s across 8 model call(s) (128.7s in the model)
    wrote results/jurix_phase1/o2_low_ttl/repaired/input.L8.facts.ttl (backup at results/jurix_phase1/o2_low_ttl/repaired/backup/input.L8.facts.ttl)
    RECOVERED 1 group(s), 1 op(s) from a stalled generation
  [domestic authorities] results/jurix_phase1/o2_low_ttl/repaired/input.L9.facts.ttl: 6 finding(s) in; model proposed 1 group(s), 1 op(s), 0 merge(s)
    [domestic authorities] pass 1: applied 0 (of which 0 merge(s)), skipped 1, stub orphans swept 0 [6.9s, 6.9s in the model]
    SKIPPED [a node with more than one rdfs:label is asserting that two distinct entities are the same one -- split it instead of labelling it twice] remove doc:courtFirstInstance rdfs:label "court of first instance": skipped: triple not present
    [domestic authorities] pass 1: no operations applied - stopping
  [domestic proceedings] results/jurix_phase1/o2_low_ttl/repaired/input.L9.facts.ttl: 5 finding(s) in; model proposed 3 group(s), 5 op(s), 0 merge(s)
    [domestic proceedings] pass 1: applied 5 (of which 0 merge(s)), skipped 0, stub orphans swept 0 [13.3s, 13.3s in the model]
    [domestic proceedings] pass 2: nothing left to flag - stopping
  [persons and participation] results/jurix_phase1/o2_low_ttl/repaired/input.L9.facts.ttl: 1 finding(s) in; model proposed 6 group(s), 10 op(s), 0 merge(s)
    [persons and participation] pass 1: applied 10 (of which 0 merge(s)), skipped 0, stub orphans swept 0 [15.9s, 15.9s in the model]
    [persons and participation] pass 2: 0 finding(s) in; model proposed 5 group(s), 0 op(s), 0 merge(s)
    [persons and participation] pass 2: applied 0 (of which 0 merge(s)), skipped 0, stub orphans swept 0 [4.9s, 4.9s in the model]
    [persons and participation] pass 2: no operations applied - stopping
  [source quote fidelity] results/jurix_phase1/o2_low_ttl/repaired/input.L9.facts.ttl: 1 finding(s) in; model proposed 1 group(s), 2 op(s), 0 merge(s)
    [source quote fidelity] pass 1: applied 2 (of which 0 merge(s)), skipped 1, stub orphans swept 0 [2.8s, 2.8s in the model]
    SKIPPED [The quote 'during the trial at the first-instance court' contains a hyphenation ('first-instance') that does not appear in the source text, which uses 'first ‑ instance' (with spaces and a non-standard hyphen/dash).] remove doc:trial_first_instance_1 echr:hasSupportingQuote during the trial at the first-instance court: applied (removed 1 quote(s) by index)
    [source quote fidelity] pass 2: nothing left to flag - stopping
    document total: 44.0s across 5 model call(s) (43.8s in the model)
    wrote results/jurix_phase1/o2_low_ttl/repaired/input.L9.facts.ttl (backup at results/jurix_phase1/o2_low_ttl/repaired/backup/input.L9.facts.ttl)

  repair total: 969.4s over 10 document(s), 60 model call(s) (966.1s in the model, 3.3s deterministic)
    authorities      9 call(s)     83.1s  (82.5s in the model)
    proceedings     21 call(s)    505.0s  (504.6s in the model)
    persons         22 call(s)    330.0s  (329.8s in the model)
    quotes           8 call(s)     49.2s  (49.2s in the model)
