model: gemma-4-31b @ http://localhost:8000/v1 (temperature 0.0)
10 document(s), max 3 loop round(s)

  input.L1.facts.ttl: 12 SHACL violation(s), 0 disjoint-type conflict(s) in
    loop round 1: 30 finding(s), 24 op(s) proposed, 24 applied [28.2s]
    loop round 2: 8 finding(s), 21 op(s) proposed, 20 applied [19.1s]
    loop round 3: 3 finding(s), 3 op(s) proposed, 2 applied [8.1s]
    review: 11 op(s) proposed, 11 applied [14.8s]
    post-review: 2 finding(s) left
    post-review round 1: 2 finding(s), 2 op(s) proposed, 1 applied [4.9s]
  input.L1.facts.ttl: 12 -> 1 SHACL violation(s), 0 -> 0 disjoint-type conflict(s)
  input.L10.facts.ttl: 12 SHACL violation(s), 0 disjoint-type conflict(s) in
    loop round 1: 32 finding(s), 26 op(s) proposed, 29 applied [30.9s]
    loop round 2: 11 finding(s), 42 op(s) proposed, 39 applied [36.2s]
    loop round 3: 3 finding(s), 0 op(s) proposed, 0 applied [5.9s]
    review: 1 group(s) refused as incomplete
    review: 14 op(s) proposed, 0 applied [18.8s]
    post-review: 3 finding(s) left
    post-review round 1: 3 finding(s), 0 op(s) proposed, 0 applied [4.1s]
  input.L10.facts.ttl: 12 -> 3 SHACL violation(s), 0 -> 0 disjoint-type conflict(s)
  input.L2.facts.ttl: 6 SHACL violation(s), 0 disjoint-type conflict(s) in
    loop round 1: 11 finding(s), 14 op(s) proposed, 14 applied [13.4s]
    loop round 2: nothing left to fix - stopping
    review: 16 op(s) proposed, 16 applied [17.5s]
    post-review: 1 finding(s) left
    post-review round 1: 1 finding(s), 0 op(s) proposed, 1 applied [7.5s]
  input.L2.facts.ttl: 6 -> 0 SHACL violation(s), 0 -> 0 disjoint-type conflict(s)
  input.L3.facts.ttl: 3 SHACL violation(s), 0 disjoint-type conflict(s) in
    loop round 1: 20 finding(s), 56 op(s) proposed, 56 applied [47.1s]
    loop round 2: 1 finding(s), 0 op(s) proposed, 0 applied [2.9s]
    loop round 2 applied nothing - stopping
    review: 22 op(s) proposed, 22 applied [25.1s]
    post-review: 1 finding(s) left
    post-review round 1: 1 finding(s), 0 op(s) proposed, 0 applied [4.5s]
  input.L3.facts.ttl: 3 -> 0 SHACL violation(s), 0 -> 0 disjoint-type conflict(s)
  input.L4.facts.ttl: 9 SHACL violation(s), 0 disjoint-type conflict(s) in
    loop round 1: 11 finding(s), 28 op(s) proposed, 29 applied [28.2s]
    loop round 2: 1 finding(s), 10 op(s) proposed, 10 applied [17.4s]
    loop round 3: nothing left to fix - stopping
    review: 6 op(s) proposed, 6 applied [10.6s]
    post-review: nothing left to fix
  input.L4.facts.ttl: 9 -> 0 SHACL violation(s), 0 -> 0 disjoint-type conflict(s)
  input.L5.facts.ttl: 3 SHACL violation(s), 0 disjoint-type conflict(s) in
    loop round 1: 9 finding(s), 23 op(s) proposed, 23 applied [25.1s]
    loop round 2: 2 finding(s), 5 op(s) proposed, 4 applied [8.3s]
    loop round 3: 1 finding(s), 0 op(s) proposed, 0 applied [3.5s]
    review: 1 group(s) refused as incomplete
    review: 16 op(s) proposed, 9 applied [19.2s]
    post-review: 1 finding(s) left
    post-review round 1: 1 finding(s), 0 op(s) proposed, 0 applied [4.9s]
  input.L5.facts.ttl: 3 -> 1 SHACL violation(s), 0 -> 0 disjoint-type conflict(s)
  input.L6.facts.ttl: 4 SHACL violation(s), 0 disjoint-type conflict(s) in
    loop round 1: 13 finding(s), 26 op(s) proposed, 18 applied [23.3s]
    loop round 2: 6 finding(s), 47 op(s) proposed, 47 applied [37.0s]
    loop round 3: 3 finding(s), 4 op(s) proposed, 4 applied [6.3s]
    review: 21 op(s) proposed, 21 applied [24.2s]
    post-review: 2 finding(s) left
    post-review round 1: 2 finding(s), 0 op(s) proposed, 0 applied [10.4s]
  input.L6.facts.ttl: 4 -> 0 SHACL violation(s), 0 -> 0 disjoint-type conflict(s)
  input.L7.facts.ttl: 2 SHACL violation(s), 0 disjoint-type conflict(s) in
    loop round 1: 6 finding(s), 18 op(s) proposed, 18 applied [17.9s]
    loop round 2: nothing left to fix - stopping
    review: 11 op(s) proposed, 11 applied [15.5s]
    post-review: nothing left to fix
  input.L7.facts.ttl: 2 -> 0 SHACL violation(s), 0 -> 0 disjoint-type conflict(s)
  input.L8.facts.ttl: 6 SHACL violation(s), 0 disjoint-type conflict(s) in
    loop round 1: 20 finding(s), 44 op(s) proposed, 48 applied [43.2s]
    loop round 2: nothing left to fix - stopping
    review: 24 op(s) proposed, 24 applied [22.3s]
    post-review: nothing left to fix
  input.L8.facts.ttl: 6 -> 0 SHACL violation(s), 0 -> 0 disjoint-type conflict(s)
  input.L9.facts.ttl: 15 SHACL violation(s), 0 disjoint-type conflict(s) in
    loop round 1: 18 finding(s), 25 op(s) proposed, 25 applied [23.4s]
    loop round 2: 1 finding(s), 4 op(s) proposed, 4 applied [7.1s]
    loop round 3: nothing left to fix - stopping
    review: 11 op(s) proposed, 11 applied [15.1s]
    post-review: nothing left to fix
  input.L9.facts.ttl: 15 -> 0 SHACL violation(s), 0 -> 0 disjoint-type conflict(s)

total: 72 -> 5 SHACL violation(s), 0 -> 0 disjoint-type conflict(s) over 10 document(s) in 661.7s
