repairing 10 file(s) under results/jurix_phase1/o2_cf_low_ttl/repaired
  model: gemma-4-31b @ http://localhost:8000/v1 (temperature 0.4, timeout 300.0s)
  source text: results/jurix_phase1/input.jsonl (quote stage enabled)
  [domestic authorities] results/jurix_phase1/o2_cf_low_ttl/repaired/input.L1.facts.ttl: 2 finding(s) in; model proposed 1 group(s), 4 op(s), 0 merge(s)
    [domestic authorities] pass 1: applied 4 (of which 0 merge(s)), skipped 0, stub orphans swept 0 [6.5s, 6.3s in the model]
    [domestic authorities] pass 2: nothing left to flag - stopping
    RECOVERED 1 group(s), 1 op(s) from a stalled generation
  [domestic proceedings] results/jurix_phase1/o2_cf_low_ttl/repaired/input.L1.facts.ttl: 0 finding(s) in; model proposed 1 group(s), 1 op(s), 0 merge(s)
    [domestic proceedings] pass 1: applied 1 (of which 0 merge(s)), skipped 0, stub orphans swept 0 [6.9s, 6.9s in the model]
    [domestic proceedings] pass 1: 1 op(s) applied but findings did not fall (0 -> 0) - stopping
  [persons and participation] results/jurix_phase1/o2_cf_low_ttl/repaired/input.L1.facts.ttl: 10 finding(s) in; model proposed 16 group(s), 25 op(s), 0 merge(s)
    [persons and participation] pass 1: applied 25 (of which 0 merge(s)), skipped 0, stub orphans swept 0 [26.1s, 26.1s in the model]
    [persons and participation] pass 2: 7 finding(s) in; model proposed 5 group(s), 8 op(s), 0 merge(s)
    [persons and participation] pass 2: applied 8 (of which 0 merge(s)), skipped 0, stub orphans swept 0 [17.3s, 17.3s in the model]
  [source quote fidelity] results/jurix_phase1/o2_cf_low_ttl/repaired/input.L1.facts.ttl: 4 finding(s) in; model proposed 4 group(s), 8 op(s), 0 merge(s)
    [source quote fidelity] pass 1: applied 8 (of which 0 merge(s)), skipped 4, stub orphans swept 0 [11.3s, 11.3s in the model]
    SKIPPED [The quote for doc:municipalSocialAssistanceDept is a paraphrase; the source text uses double curly quotes for 'social assessment' and includes the date and full context. Correcting to verbatim span.] remove doc:municipalSocialAssistanceDept echr:hasSupportingQuote the municipal social assistance department carried out a ‘social assessment': applied (removed 1 quote(s) by index)
    SKIPPED [The quote for doc:participationAssessmentDept is a paraphrase and lacks verbatim accuracy. Correcting to the full span from the source.] remove doc:participationAssessmentDept echr:hasSupportingQuote the municipal social assistance department carried out a ‘social assessment': applied (removed 1 quote(s) by index)
    SKIPPED [The quote for doc:actionSocialAssessment uses single quotes instead of the double curly quotes found in the source text. Correcting for character-for-character fidelity.] remove doc:actionSocialAssessment echr:hasSupportingQuote on 30 December 2005 the municipal social assistance department carried out a ‘social assessment' ( социална оценка ) of the applicant: applied (removed 1 quote(s) by index)
    SKIPPED [The quote for doc:participationAssessmentStanev is a fragment with incorrect quotation marks. Correcting to the full verbatim span.] remove doc:participationAssessmentStanev echr:hasSupportingQuote carried out a ‘social assessment' ( социална оценка ) of the applicant: applied (removed 1 quote(s) by index)
    [source quote fidelity] pass 2: nothing left to flag - stopping
    document total: 68.3s across 5 model call(s) (67.9s in the model)
    wrote results/jurix_phase1/o2_cf_low_ttl/repaired/input.L1.facts.ttl (backup at results/jurix_phase1/o2_cf_low_ttl/repaired/backup/input.L1.facts.ttl)
  [domestic authorities] results/jurix_phase1/o2_cf_low_ttl/repaired/input.L10.facts.ttl: nothing flagged
    RECOVERED 1 group(s), 1 op(s) from a stalled generation
  [domestic proceedings] results/jurix_phase1/o2_cf_low_ttl/repaired/input.L10.facts.ttl: 0 finding(s) in; model proposed 1 group(s), 1 op(s), 0 merge(s)
    [domestic proceedings] pass 1: applied 1 (of which 0 merge(s)), skipped 0, stub orphans swept 0 [8.1s, 8.1s in the model]
    [domestic proceedings] pass 1: 1 op(s) applied but findings did not fall (0 -> 0) - stopping
    RECOVERED 1 group(s), 1 op(s) from a stalled generation
  [persons and participation] results/jurix_phase1/o2_cf_low_ttl/repaired/input.L10.facts.ttl: 12 finding(s) in; model proposed 1 group(s), 1 op(s), 0 merge(s)
    [persons and participation] pass 1: applied 1 (of which 0 merge(s)), skipped 0, stub orphans swept 0 [6.7s, 6.7s in the model]
    [persons and participation] pass 1: 1 op(s) applied but findings did not fall (12 -> 13) - stopping
  [source quote fidelity] results/jurix_phase1/o2_cf_low_ttl/repaired/input.L10.facts.ttl: 5 finding(s) in; model proposed 5 group(s), 10 op(s), 0 merge(s)
    [source quote fidelity] pass 1: applied 5 (of which 0 merge(s)), skipped 10, stub orphans swept 0 [12.2s, 12.2s in the model]
    SKIPPED [The quote 'Brussels Dutch-speaking TPI' is a paraphrase. The source text refers to the 'Brussels Dutch-speaking TPI' in paragraph 37, but as part of a larger phrase. However, looking at the exact wording in paragraph 37, it says 'President of the Brussels Dutch-speaking TPI'.] remove doc:tpiBrusselsDutch echr:hasSupportingQuote Brussels Dutch-speaking TPI: applied (removed 1 quote(s) by index)
    SKIPPED [The quote 'Brussels Dutch-speaking TPI' is a paraphrase. The source text refers to the 'Brussels Dutch-speaking TPI' in paragraph 37, but as part of a larger phrase. However, looking at the exact wording in paragraph 37, it says 'President of the Brussels Dutch-speaking TPI'.] add doc:tpiBrusselsDutch echr:hasSupportingQuote Brussels Dutch-speaking TPI: skipped: quote does not appear verbatim in the source document
    SKIPPED [The quote for doc:unilateralActionStayExecution is slightly modified (ellipses used).] remove doc:unilateralActionStayExecution echr:hasSupportingQuote the Belgian State... lodged a unilateral action to that effect with the President of the Brussels Dutch-speaking TPI on 13 December 2016, but was unsuccessful (order of the same date): applied (removed 1 quote(s) by index)
    SKIPPED [The quote for doc:unilateralActionStayExecution is slightly modified (ellipses used).] add doc:unilateralActionStayExecution echr:hasSupportingQuote the Belgian State, which sought for its part a stay of execution of the Brussels Court of Appeal’s judgment of 7 December 2016, lodged a unilateral action to that effect with the President of the Brussels Dutch-speaking TPI on 13 December 2016, but was unsuccessful (order of the same date): skipped: quote does not appear verbatim in the source document
    SKIPPED [The quote for doc:enforcementActionState is verbatim.] remove doc:enforcementActionState echr:hasSupportingQuote On the same date the Belgian State brought proceedings against the applicants before the enforcement judge at the Brussels Dutch-language TPI: applied (removed 1 quote(s) by index)
    SKIPPED [The quote for doc:enforcementActionState is verbatim.] add doc:enforcementActionState echr:hasSupportingQuote On the same date the Belgian State brought proceedings against the applicants before the enforcement judge at the Brussels Dutch-language TPI: skipped: quote does not appear verbatim in the source document
    SKIPPED [The quote for doc:interPartesActionTpi is verbatim.] remove doc:interPartesActionTpi echr:hasSupportingQuote On 7 November 2016 another judge acting as president of the French-language TPI declared their application admissible but unfounded: applied (removed 1 quote(s) by index)
    SKIPPED [The quote for doc:interPartesActionTpi is verbatim.] add doc:interPartesActionTpi echr:hasSupportingQuote On 7 November 2016 another judge acting as president of the French-language TPI declared their application admissible but unfounded: skipped: quote does not appear verbatim in the source document
    SKIPPED [The quote for doc:tpiBrusselsDutchEnforcement is verbatim.] remove doc:tpiBrusselsDutchEnforcement echr:hasSupportingQuote enforcement judge at the Brussels Dutch-language TPI: applied (removed 1 quote(s) by index)
    SKIPPED [The quote for doc:tpiBrusselsDutchEnforcement is verbatim.] add doc:tpiBrusselsDutchEnforcement echr:hasSupportingQuote enforcement judge at the Brussels Dutch-language TPI: skipped: quote does not appear verbatim in the source document
    [source quote fidelity] pass 2: nothing left to flag - stopping
    document total: 27.2s across 3 model call(s) (27.0s in the model)
    wrote results/jurix_phase1/o2_cf_low_ttl/repaired/input.L10.facts.ttl (backup at results/jurix_phase1/o2_cf_low_ttl/repaired/backup/input.L10.facts.ttl)
  [domestic authorities] results/jurix_phase1/o2_cf_low_ttl/repaired/input.L2.facts.ttl: 6 finding(s) in; model proposed 6 group(s), 6 op(s), 0 merge(s)
    [domestic authorities] pass 1: applied 6 (of which 0 merge(s)), skipped 0, stub orphans swept 0 [11.1s, 11.0s in the model]
    [domestic authorities] pass 2: nothing left to flag - stopping
    RECOVERED 1 group(s), 1 op(s) from a stalled generation
  [domestic proceedings] results/jurix_phase1/o2_cf_low_ttl/repaired/input.L2.facts.ttl: 0 finding(s) in; model proposed 1 group(s), 1 op(s), 0 merge(s)
    [domestic proceedings] pass 1: applied 0 (of which 0 merge(s)), skipped 1, stub orphans swept 0 [8.6s, 8.6s in the model]
    SKIPPED [doc:agreementBeerT is flagged as missing a court, but it is an employment termination agreement, not a proceeding before a court or authority.] remove doc:agreementBeerT rdf:type echr:DomesticProceeding: skipped: triple not present
    [domestic proceedings] pass 1: no operations applied - stopping
  [persons and participation] results/jurix_phase1/o2_cf_low_ttl/repaired/input.L2.facts.ttl: 0 finding(s) in; model proposed 1 group(s), 8 op(s), 0 merge(s)
    [persons and participation] pass 1: applied 8 (of which 0 merge(s)), skipped 0, stub orphans swept 0 [7.1s, 7.1s in the model]
    [persons and participation] pass 1: 8 op(s) applied but findings did not fall (0 -> 0) - stopping
