model: gemma-4-31b @ http://localhost:8000/v1 (temperature 0.0)
10 document(s), max 3 loop round(s)

  input.L1.facts.ttl: 12 SHACL violation(s) in
    loop round 1: 18 finding(s), 31 op(s) proposed, 31 applied [26.5s]
    loop round 2: nothing left to fix - stopping
    review: 19 op(s) proposed, 19 applied [16.4s]
    post-review: nothing left to fix
  input.L1.facts.ttl: 12 -> 0 SHACL violation(s)
  input.L10.facts.ttl: 1 SHACL violation(s) in
    loop round 1: 23 finding(s), 82 op(s) proposed, 86 applied [62.4s]
    loop round 2: nothing left to fix - stopping
    review: 9 op(s) proposed, 9 applied [9.2s]
    post-review: nothing left to fix
  input.L10.facts.ttl: 1 -> 0 SHACL violation(s)
  input.L2.facts.ttl: 4 SHACL violation(s) in
    loop round 1: 6 finding(s), 22 op(s) proposed, 22 applied [19.4s]
    loop round 2: nothing left to fix - stopping
    review: 16 op(s) proposed, 17 applied [31.1s]
    post-review: nothing left to fix
  input.L2.facts.ttl: 4 -> 0 SHACL violation(s)
  input.L3.facts.ttl: 2 SHACL violation(s) in
    loop round 1: 7 finding(s), 29 op(s) proposed, 29 applied [23.6s]
    loop round 2: nothing left to fix - stopping
    review: 22 op(s) proposed, 22 applied [21.5s]
    post-review: 1 finding(s) left
    post-review round 1: 1 finding(s), 0 op(s) proposed, 1 applied [1.8s]
  input.L3.facts.ttl: 2 -> 0 SHACL violation(s)
  input.L4.facts.ttl: 2 SHACL violation(s) in
    loop round 1: 4 finding(s), 14 op(s) proposed, 14 applied [12.1s]
    loop round 2: 1 finding(s), 0 op(s) proposed, 1 applied [1.6s]
    loop round 3: nothing left to fix - stopping
    review: 16 op(s) proposed, 16 applied [14.4s]
    post-review: nothing left to fix
  input.L4.facts.ttl: 2 -> 0 SHACL violation(s)
  input.L5.facts.ttl: 3 SHACL violation(s) in
    loop round 1: 3 finding(s), 24 op(s) proposed, 24 applied [19.6s]
    loop round 2: nothing left to fix - stopping
    review: 9 op(s) proposed, 9 applied [9.0s]
    post-review: nothing left to fix
  input.L5.facts.ttl: 3 -> 0 SHACL violation(s)
  input.L6.facts.ttl: 2 SHACL violation(s) in
    loop round 1: 2 finding(s), 65 op(s) proposed, 65 applied [46.0s]
    loop round 2: nothing left to fix - stopping
    review: 13 op(s) proposed, 13 applied [11.5s]
    post-review: nothing left to fix
  input.L6.facts.ttl: 2 -> 0 SHACL violation(s)
  input.L7.facts.ttl: 0 SHACL violation(s) in
    loop round 1: 1 finding(s), 1 op(s) proposed, 1 applied [2.0s]
    loop round 1: findings 1 -> 1 but 1 op(s) applied - continuing
    loop round 2: 1 finding(s), 1 op(s) proposed, 0 applied [1.8s]
    loop round 2 applied nothing - stopping
    review: 28 op(s) proposed, 28 applied [23.0s]
    post-review: 1 finding(s) left
    post-review round 1: 1 finding(s), 0 op(s) proposed, 0 applied [1.3s]
  input.L7.facts.ttl: 0 -> 1 SHACL violation(s)
  input.L8.facts.ttl: 1 SHACL violation(s) in
    loop round 1: 3 finding(s), 18 op(s) proposed, 18 applied [15.0s]
    loop round 2: nothing left to fix - stopping
    review: 23 op(s) proposed, 23 applied [19.6s]
    post-review: nothing left to fix
  input.L8.facts.ttl: 1 -> 0 SHACL violation(s)
  input.L9.facts.ttl: 0 SHACL violation(s) in
    loop round 1: 1 finding(s), 1 op(s) proposed, 1 applied [2.1s]
    loop round 2: nothing left to fix - stopping
    review: 22 op(s) proposed, 22 applied [19.9s]
    post-review: nothing left to fix
  input.L9.facts.ttl: 0 -> 0 SHACL violation(s)

total: 27 -> 1 SHACL violation(s) over 10 document(s) in 411.6s
