model: gemma-4-31b @ http://localhost:8000/v1 (temperature 0.0)
10 document(s), max 3 loop round(s)

  input.L1.facts.ttl: 5 SHACL violation(s) in
    loop round 1: 15 finding(s), 29 op(s) proposed, 29 applied [23.8s]
    loop round 2: nothing left to fix - stopping
    review: 15 op(s) proposed, 15 applied [13.7s]
    post-review: nothing left to fix
  input.L1.facts.ttl: 5 -> 0 SHACL violation(s)
  input.L10.facts.ttl: 0 SHACL violation(s) in
    loop round 1: 7 finding(s), 21 op(s) proposed, 21 applied [17.0s]
    loop round 2: nothing left to fix - stopping
    review: 31 op(s) proposed, 31 applied [28.4s]
    post-review: nothing left to fix
  input.L10.facts.ttl: 0 -> 0 SHACL violation(s)
  input.L2.facts.ttl: 1 SHACL violation(s) in
    loop round 1: 2 finding(s), 1 op(s) proposed, 2 applied [2.9s]
    loop round 2: nothing left to fix - stopping
    review: 20 op(s) proposed, 20 applied [17.6s]
    post-review: 1 finding(s) left
    post-review round 1: 1 finding(s), 3 op(s) proposed, 4 applied [3.9s]
  input.L2.facts.ttl: 1 -> 0 SHACL violation(s)
  input.L3.facts.ttl: 0 SHACL violation(s) in
      no usable patch on attempt 1
      no usable patch on attempt 2
    loop round 1: model returned nothing usable - stopping
    review: 21 op(s) proposed, 21 applied [18.3s]
    post-review: 1 finding(s) left
      no usable patch on attempt 1
      no usable patch on attempt 2
    post-review round 1: model returned nothing usable - stopping
  input.L3.facts.ttl: 0 -> 0 SHACL violation(s)
  input.L4.facts.ttl: 1 SHACL violation(s) in
    loop round 1: 1 finding(s), 4 op(s) proposed, 4 applied [4.2s]
    loop round 2: nothing left to fix - stopping
    review: 28 op(s) proposed, 28 applied [22.8s]
    post-review: nothing left to fix
  input.L4.facts.ttl: 1 -> 0 SHACL violation(s)
  input.L5.facts.ttl: 1 SHACL violation(s) in
    loop round 1: 1 finding(s), 4 op(s) proposed, 4 applied [4.4s]
    loop round 2: nothing left to fix - stopping
    review: 19 op(s) proposed, 19 applied [17.4s]
    post-review: nothing left to fix
  input.L5.facts.ttl: 1 -> 0 SHACL violation(s)
  input.L6.facts.ttl: 1 SHACL violation(s) in
    loop round 1: 2 finding(s), 12 op(s) proposed, 12 applied [10.5s]
    loop round 2: 1 finding(s), 3 op(s) proposed, 3 applied [3.6s]
    loop round 3: nothing left to fix - stopping
    review: 10 op(s) proposed, 10 applied [9.3s]
    post-review: nothing left to fix
  input.L6.facts.ttl: 1 -> 0 SHACL violation(s)
  input.L7.facts.ttl: 0 SHACL violation(s) in
    loop round 1: 1 finding(s), 5 op(s) proposed, 5 applied [4.5s]
    loop round 2: nothing left to fix - stopping
    review: 15 op(s) proposed, 15 applied [12.6s]
    post-review: nothing left to fix
  input.L7.facts.ttl: 0 -> 0 SHACL violation(s)
  input.L8.facts.ttl: 2 SHACL violation(s) in
    loop round 1: 4 finding(s), 15 op(s) proposed, 14 applied [12.8s]
    loop round 2: 1 finding(s), 0 op(s) proposed, 0 applied [1.8s]
    loop round 2 applied nothing - stopping
    review: 21 op(s) proposed, 21 applied [18.6s]
    post-review: 1 finding(s) left
    post-review round 1: 1 finding(s), 0 op(s) proposed, 0 applied [1.5s]
  input.L8.facts.ttl: 2 -> 1 SHACL violation(s)
  input.L9.facts.ttl: 0 SHACL violation(s) in
    loop round 1: 4 finding(s), 13 op(s) proposed, 13 applied [10.8s]
    loop round 2: 1 finding(s), 0 op(s) proposed, 0 applied [1.6s]
    loop round 2 applied nothing - stopping
    review: 20 op(s) proposed, 20 applied [17.5s]
    post-review: 1 finding(s) left
      no usable patch on attempt 1
    post-review round 1: 1 finding(s), 0 op(s) proposed, 0 applied [2.2s]
  input.L9.facts.ttl: 0 -> 1 SHACL violation(s)

total: 11 -> 2 SHACL violation(s) over 10 document(s) in 284.6s
