repairing 10 file(s) under results/jurix_phase1/o2_large_jsonld/repaired
  model: gemma-4-31b @ http://localhost:8000/v1 (temperature 0.4, timeout 300.0s)
  source text: results/jurix_phase1/input.jsonl (quote stage enabled)
  [domestic authorities] results/jurix_phase1/o2_large_jsonld/repaired/input.L1.facts.ttl: 5 finding(s) in; model proposed 5 group(s), 9 op(s), 0 merge(s)
    [domestic authorities] pass 1: applied 8 (of which 0 merge(s)), skipped 1, stub orphans swept 0 [11.2s, 11.1s in the model]
    SKIPPED [a node with more than one rdfs:label is asserting that two distinct entities are the same one -- split it instead of labelling it twice] remove doc:councilRilaMunicipal rdfs:label "Ruse Municipal Council": skipped: triple not present
    [domestic authorities] pass 2: 1 finding(s) in; model proposed 1 group(s), 1 op(s), 0 merge(s)
    [domestic authorities] pass 2: applied 0 (of which 0 merge(s)), skipped 1, stub orphans swept 0 [2.3s, 2.3s in the model]
    SKIPPED [The node doc:councilRilaMunicipal has two distinct labels ("Ruse Municipal Council" and "Rila Municipal Council"), which violates the constraint that a node should represent a single entity. The authority name is "Rila Municipal Council", so the label "Ruse Municipal Council" is incorrect and should be removed.] remove doc:councilRilaMunicipal rdfs:label "Ruse Municipal Council": skipped: triple not present
    [domestic authorities] pass 2: no operations applied - stopping
    RECOVERED 1 group(s), 1 op(s) from a stalled generation
  [domestic proceedings] results/jurix_phase1/o2_large_jsonld/repaired/input.L1.facts.ttl: 0 finding(s) in; model proposed 1 group(s), 1 op(s), 0 merge(s)
    [domestic proceedings] pass 1: applied 1 (of which 0 merge(s)), skipped 0, stub orphans swept 0 [5.9s, 5.9s in the model]
    [domestic proceedings] pass 1: 1 op(s) applied but findings did not fall (0 -> 0) - stopping
  [persons and participation] results/jurix_phase1/o2_large_jsonld/repaired/input.L1.facts.ttl: 0 finding(s) in; model proposed 7 group(s), 28 op(s), 0 merge(s)
    [persons and participation] pass 1: applied 28 (of which 0 merge(s)), skipped 0, stub orphans swept 0 [32.8s, 32.8s in the model]
    [persons and participation] pass 1: 28 op(s) applied but findings did not fall (0 -> 0) - stopping
  [source quote fidelity] results/jurix_phase1/o2_large_jsonld/repaired/input.L1.facts.ttl: nothing flagged
    document total: 52.3s across 4 model call(s) (52.1s in the model)
    wrote results/jurix_phase1/o2_large_jsonld/repaired/input.L1.facts.ttl (backup at results/jurix_phase1/o2_large_jsonld/repaired/backup/input.L1.facts.ttl)
  [domestic authorities] results/jurix_phase1/o2_large_jsonld/repaired/input.L10.facts.ttl: 9 finding(s) in; model proposed 0 group(s), 0 op(s), 0 merge(s)
    [domestic authorities] pass 1: applied 0 (of which 0 merge(s)), skipped 0, stub orphans swept 0 [0.4s, 0.4s in the model]
    [domestic authorities] pass 1: no operations applied - stopping
  [domestic proceedings] results/jurix_phase1/o2_large_jsonld/repaired/input.L10.facts.ttl: 9 finding(s) in; model proposed 0 group(s), 0 op(s), 0 merge(s)
    [domestic proceedings] pass 1: applied 0 (of which 0 merge(s)), skipped 0, stub orphans swept 0 [0.6s, 0.6s in the model]
    [domestic proceedings] pass 1: no operations applied - stopping
  [persons and participation] results/jurix_phase1/o2_large_jsonld/repaired/input.L10.facts.ttl: 9 finding(s) in; model proposed 0 group(s), 0 op(s), 0 merge(s)
    [persons and participation] pass 1: applied 0 (of which 0 merge(s)), skipped 0, stub orphans swept 0 [0.6s, 0.6s in the model]
    [persons and participation] pass 1: no operations applied - stopping
  [source quote fidelity] results/jurix_phase1/o2_large_jsonld/repaired/input.L10.facts.ttl: 9 finding(s) in; model proposed 0 group(s), 0 op(s), 0 merge(s)
    [source quote fidelity] pass 1: applied 0 (of which 0 merge(s)), skipped 0, stub orphans swept 0 [1.0s, 1.0s in the model]
    [source quote fidelity] pass 1: no operations applied - stopping
    document total: 2.6s across 4 model call(s) (2.6s in the model)
    no net change across all stages; leaving the file untouched
  [domestic authorities] results/jurix_phase1/o2_large_jsonld/repaired/input.L2.facts.ttl: nothing flagged
  [domestic proceedings] results/jurix_phase1/o2_large_jsonld/repaired/input.L2.facts.ttl: 0 finding(s) in; model proposed 0 group(s), 0 op(s), 0 merge(s)
    [domestic proceedings] pass 1: applied 0 (of which 0 merge(s)), skipped 0, stub orphans swept 0 [0.4s, 0.4s in the model]
    [domestic proceedings] pass 1: no operations applied - stopping
  [persons and participation] results/jurix_phase1/o2_large_jsonld/repaired/input.L2.facts.ttl: 1 finding(s) in; model proposed 0 group(s), 0 op(s), 0 merge(s)
    [persons and participation] pass 1: applied 0 (of which 0 merge(s)), skipped 0, stub orphans swept 0 [0.4s, 0.4s in the model]
    [persons and participation] pass 1: no operations applied - stopping
  [source quote fidelity] results/jurix_phase1/o2_large_jsonld/repaired/input.L2.facts.ttl: nothing flagged
    document total: 1.0s across 2 model call(s) (0.8s in the model)
    no net change across all stages; leaving the file untouched
  [domestic authorities] results/jurix_phase1/o2_large_jsonld/repaired/input.L3.facts.ttl: nothing flagged
  [domestic proceedings] results/jurix_phase1/o2_large_jsonld/repaired/input.L3.facts.ttl: 0 finding(s) in; model proposed 0 group(s), 0 op(s), 0 merge(s)
    [domestic proceedings] pass 1: applied 0 (of which 0 merge(s)), skipped 0, stub orphans swept 0 [0.6s, 0.6s in the model]
    [domestic proceedings] pass 1: no operations applied - stopping
  [persons and participation] results/jurix_phase1/o2_large_jsonld/repaired/input.L3.facts.ttl: nothing flagged
  [source quote fidelity] results/jurix_phase1/o2_large_jsonld/repaired/input.L3.facts.ttl: nothing flagged
    document total: 0.7s across 1 model call(s) (0.6s in the model)
    no net change across all stages; leaving the file untouched
  [domestic authorities] results/jurix_phase1/o2_large_jsonld/repaired/input.L4.facts.ttl: nothing flagged
  [domestic proceedings] results/jurix_phase1/o2_large_jsonld/repaired/input.L4.facts.ttl: nothing flagged
  [persons and participation] results/jurix_phase1/o2_large_jsonld/repaired/input.L4.facts.ttl: 1 finding(s) in; model proposed 1 group(s), 5 op(s), 0 merge(s)
    [persons and participation] pass 1: applied 5 (of which 0 merge(s)), skipped 0, stub orphans swept 0 [5.3s, 5.3s in the model]
    [persons and participation] pass 2: nothing left to flag - stopping
  [source quote fidelity] results/jurix_phase1/o2_large_jsonld/repaired/input.L4.facts.ttl: nothing flagged
    document total: 5.4s across 1 model call(s) (5.3s in the model)
    wrote results/jurix_phase1/o2_large_jsonld/repaired/input.L4.facts.ttl (backup at results/jurix_phase1/o2_large_jsonld/repaired/backup/input.L4.facts.ttl)
  [domestic authorities] results/jurix_phase1/o2_large_jsonld/repaired/input.L5.facts.ttl: nothing flagged
  [domestic proceedings] results/jurix_phase1/o2_large_jsonld/repaired/input.L5.facts.ttl: nothing flagged
  [persons and participation] results/jurix_phase1/o2_large_jsonld/repaired/input.L5.facts.ttl: 1 finding(s) in; model proposed 1 group(s), 5 op(s), 0 merge(s)
    [persons and participation] pass 1: applied 5 (of which 0 merge(s)), skipped 0, stub orphans swept 0 [5.6s, 5.6s in the model]
    [persons and participation] pass 2: nothing left to flag - stopping
  [source quote fidelity] results/jurix_phase1/o2_large_jsonld/repaired/input.L5.facts.ttl: nothing flagged
    document total: 5.7s across 1 model call(s) (5.6s in the model)
    wrote results/jurix_phase1/o2_large_jsonld/repaired/input.L5.facts.ttl (backup at results/jurix_phase1/o2_large_jsonld/repaired/backup/input.L5.facts.ttl)
  [domestic authorities] results/jurix_phase1/o2_large_jsonld/repaired/input.L6.facts.ttl: nothing flagged
  [domestic proceedings] results/jurix_phase1/o2_large_jsonld/repaired/input.L6.facts.ttl: nothing flagged
  [persons and participation] results/jurix_phase1/o2_large_jsonld/repaired/input.L6.facts.ttl: 1 finding(s) in; model proposed 2 group(s), 10 op(s), 0 merge(s)
    [persons and participation] pass 1: applied 10 (of which 0 merge(s)), skipped 0, stub orphans swept 0 [13.1s, 13.1s in the model]
    [persons and participation] pass 2: 0 finding(s) in; model proposed 0 group(s), 0 op(s), 0 merge(s)
    [persons and participation] pass 2: applied 0 (of which 0 merge(s)), skipped 0, stub orphans swept 0 [0.4s, 0.4s in the model]
    [persons and participation] pass 2: no operations applied - stopping
  [source quote fidelity] results/jurix_phase1/o2_large_jsonld/repaired/input.L6.facts.ttl: nothing flagged
    document total: 13.6s across 2 model call(s) (13.5s in the model)
    wrote results/jurix_phase1/o2_large_jsonld/repaired/input.L6.facts.ttl (backup at results/jurix_phase1/o2_large_jsonld/repaired/backup/input.L6.facts.ttl)
  [domestic authorities] results/jurix_phase1/o2_large_jsonld/repaired/input.L7.facts.ttl: nothing flagged
  [domestic proceedings] results/jurix_phase1/o2_large_jsonld/repaired/input.L7.facts.ttl: 0 finding(s) in; model proposed 1 group(s), 5 op(s), 0 merge(s)
    [domestic proceedings] pass 1: applied 5 (of which 0 merge(s)), skipped 0, stub orphans swept 0 [5.9s, 5.9s in the model]
    [domestic proceedings] pass 1: 5 op(s) applied but findings did not fall (0 -> 0) - stopping
  [persons and participation] results/jurix_phase1/o2_large_jsonld/repaired/input.L7.facts.ttl: nothing flagged
  [source quote fidelity] results/jurix_phase1/o2_large_jsonld/repaired/input.L7.facts.ttl: nothing flagged
    document total: 6.1s across 1 model call(s) (5.9s in the model)
    wrote results/jurix_phase1/o2_large_jsonld/repaired/input.L7.facts.ttl (backup at results/jurix_phase1/o2_large_jsonld/repaired/backup/input.L7.facts.ttl)
  [domestic authorities] results/jurix_phase1/o2_large_jsonld/repaired/input.L8.facts.ttl: nothing flagged
    RECOVERED 1 group(s), 1 op(s) from a stalled generation
  [domestic proceedings] results/jurix_phase1/o2_large_jsonld/repaired/input.L8.facts.ttl: 0 finding(s) in; model proposed 1 group(s), 1 op(s), 0 merge(s)
    [domestic proceedings] pass 1: applied 2 (of which 0 merge(s)), skipped 0, stub orphans swept 1 [5.6s, 5.6s in the model]
    [domestic proceedings] pass 1: 2 op(s) applied but findings did not fall (0 -> 0) - stopping
  [persons and participation] results/jurix_phase1/o2_large_jsonld/repaired/input.L8.facts.ttl: 2 finding(s) in; model proposed 0 group(s), 0 op(s), 0 merge(s)
    [persons and participation] pass 1: applied 0 (of which 0 merge(s)), skipped 0, stub orphans swept 0 [0.5s, 0.5s in the model]
    [persons and participation] pass 1: no operations applied - stopping
  [source quote fidelity] results/jurix_phase1/o2_large_jsonld/repaired/input.L8.facts.ttl: nothing flagged
    document total: 6.2s across 2 model call(s) (6.1s in the model)
    wrote results/jurix_phase1/o2_large_jsonld/repaired/input.L8.facts.ttl (backup at results/jurix_phase1/o2_large_jsonld/repaired/backup/input.L8.facts.ttl)
  [domestic authorities] results/jurix_phase1/o2_large_jsonld/repaired/input.L9.facts.ttl: nothing flagged
  [domestic proceedings] results/jurix_phase1/o2_large_jsonld/repaired/input.L9.facts.ttl: 0 finding(s) in; model proposed 1 group(s), 4 op(s), 0 merge(s)
    [domestic proceedings] pass 1: applied 4 (of which 0 merge(s)), skipped 0, stub orphans swept 0 [6.9s, 6.9s in the model]
    [domestic proceedings] pass 1: 4 op(s) applied but findings did not fall (0 -> 0) - stopping
  [persons and participation] results/jurix_phase1/o2_large_jsonld/repaired/input.L9.facts.ttl: 0 finding(s) in; model proposed 3 group(s), 12 op(s), 0 merge(s)
    [persons and participation] pass 1: applied 12 (of which 0 merge(s)), skipped 0, stub orphans swept 0 [16.3s, 16.3s in the model]
    [persons and participation] pass 1: 12 op(s) applied but findings did not fall (0 -> 0) - stopping
  [source quote fidelity] results/jurix_phase1/o2_large_jsonld/repaired/input.L9.facts.ttl: nothing flagged
    document total: 23.2s across 2 model call(s) (23.2s in the model)
    wrote results/jurix_phase1/o2_large_jsonld/repaired/input.L9.facts.ttl (backup at results/jurix_phase1/o2_large_jsonld/repaired/backup/input.L9.facts.ttl)

  repair total: 116.9s over 10 document(s), 20 model call(s) (115.7s in the model, 1.2s deterministic)
    authorities      3 call(s)     13.9s  (13.8s in the model)
    proceedings      7 call(s)     25.9s  (25.9s in the model)
    persons          9 call(s)     75.0s  (75.0s in the model)
    quotes           1 call(s)      1.0s  (1.0s in the model)
