model: gemma-4-31b @ http://localhost:8000/v1 (temperature 0.0)
10 document(s), max 3 loop round(s)

  input.L1.facts.ttl: 7 SHACL violation(s) in
    loop round 1: 11 finding(s), 51 op(s) proposed, 50 applied [42.0s]
    loop round 2: 2 finding(s), 5 op(s) proposed, 5 applied [6.0s]
    loop round 2: findings 2 -> 2 but 5 op(s) applied - continuing
    loop round 3: 2 finding(s), 5 op(s) proposed, 5 applied [5.0s]
    review: 12 op(s) proposed, 13 applied [11.4s]
    post-review: 2 finding(s) left
    post-review round 1: 2 finding(s), 1 op(s) proposed, 1 applied [2.2s]
  input.L1.facts.ttl: 7 -> 0 SHACL violation(s)
  input.L10.facts.ttl: 20 SHACL violation(s) in
    loop round 1: 29 finding(s), 92 op(s) proposed, 92 applied [72.0s]
    loop round 2: 8 finding(s), 9 op(s) proposed, 10 applied [10.8s]
    loop round 3: 2 finding(s), 1 op(s) proposed, 0 applied [2.8s]
    review: 21 op(s) proposed, 23 applied [20.9s]
    post-review: 2 finding(s) left
    post-review round 1: 2 finding(s), 1 op(s) proposed, 0 applied [2.9s]
  input.L10.facts.ttl: 20 -> 1 SHACL violation(s)
  input.L2.facts.ttl: 8 SHACL violation(s) in
    loop round 1: 9 finding(s), 8 op(s) proposed, 9 applied [8.5s]
    loop round 2: 3 finding(s), 11 op(s) proposed, 11 applied [9.9s]
    loop round 3: nothing left to fix - stopping
    review: 14 op(s) proposed, 17 applied [15.1s]
    post-review: 1 finding(s) left
    post-review round 1: 1 finding(s), 0 op(s) proposed, 1 applied [1.7s]
  input.L2.facts.ttl: 8 -> 0 SHACL violation(s)
  input.L3.facts.ttl: 17 SHACL violation(s) in
    loop round 1: 24 finding(s), 48 op(s) proposed, 49 applied [41.7s]
    loop round 2: 13 finding(s), 83 op(s) proposed, 83 applied [62.3s]
    loop round 3: 3 finding(s), 9 op(s) proposed, 9 applied [8.2s]
    review: 21 op(s) proposed, 22 applied [20.2s]
    post-review: nothing left to fix
  input.L3.facts.ttl: 17 -> 0 SHACL violation(s)
  input.L4.facts.ttl: 6 SHACL violation(s) in
    loop round 1: 7 finding(s), 27 op(s) proposed, 27 applied [22.8s]
    loop round 2: 1 finding(s), 0 op(s) proposed, 1 applied [1.6s]
    loop round 3: nothing left to fix - stopping
    review: 23 op(s) proposed, 23 applied [21.6s]
    post-review: 1 finding(s) left
    post-review round 1: 1 finding(s), 0 op(s) proposed, 0 applied [1.4s]
  input.L4.facts.ttl: 6 -> 1 SHACL violation(s)
  input.L5.facts.ttl: 8 SHACL violation(s) in
    loop round 1: 9 finding(s), 19 op(s) proposed, 19 applied [16.5s]
    loop round 2: 4 finding(s), 4 op(s) proposed, 3 applied [4.8s]
    loop round 2: findings 4 -> 4 but 3 op(s) applied - continuing
    loop round 3: 4 finding(s), 4 op(s) proposed, 3 applied [4.5s]
    review: 11 op(s) proposed, 12 applied [11.9s]
    post-review: 6 finding(s) left
    post-review round 1: 6 finding(s), 4 op(s) proposed, 5 applied [6.0s]
  input.L5.facts.ttl: 8 -> 3 SHACL violation(s)
  input.L6.facts.ttl: 2 SHACL violation(s) in
    loop round 1: 2 finding(s), 36 op(s) proposed, 36 applied [25.9s]
    loop round 1: findings 2 -> 2 but 36 op(s) applied - continuing
    loop round 2: 2 finding(s), 2 op(s) proposed, 3 applied [3.3s]
    loop round 3: nothing left to fix - stopping
    review: 20 op(s) proposed, 21 applied [18.6s]
    post-review: 1 finding(s) left
    post-review round 1: 1 finding(s), 0 op(s) proposed, 1 applied [1.6s]
  input.L6.facts.ttl: 2 -> 0 SHACL violation(s)
  input.L7.facts.ttl: 6 SHACL violation(s) in
    loop round 1: 7 finding(s), 10 op(s) proposed, 10 applied [9.7s]
    loop round 2: 1 finding(s), 0 op(s) proposed, 1 applied [2.0s]
    loop round 2: findings 1 -> 1 but 1 op(s) applied - continuing
    loop round 3: 1 finding(s), 0 op(s) proposed, 0 applied [1.6s]
    review: 21 op(s) proposed, 22 applied [19.5s]
    post-review: 1 finding(s) left
    post-review round 1: 1 finding(s), 0 op(s) proposed, 0 applied [1.3s]
  input.L7.facts.ttl: 6 -> 1 SHACL violation(s)
  input.L8.facts.ttl: 8 SHACL violation(s) in
    loop round 1: 12 finding(s), 22 op(s) proposed, 23 applied [18.8s]
    loop round 2: 2 finding(s), 4 op(s) proposed, 4 applied [4.0s]
    loop round 3: nothing left to fix - stopping
    review: 19 op(s) proposed, 21 applied [18.9s]
    post-review: nothing left to fix
  input.L8.facts.ttl: 8 -> 0 SHACL violation(s)
  input.L9.facts.ttl: 3 SHACL violation(s) in
    loop round 1: 6 finding(s), 16 op(s) proposed, 16 applied [13.4s]
    loop round 2: nothing left to fix - stopping
    review: 20 op(s) proposed, 21 applied [18.6s]
    post-review: nothing left to fix
  input.L9.facts.ttl: 3 -> 0 SHACL violation(s)

total: 85 -> 6 SHACL violation(s) over 10 document(s) in 593.1s
