model: gemma-4-31b @ http://localhost:8000/v1 (temperature 0.0)
10 document(s), max 3 loop round(s)

  input.L1.facts.ttl: 21 SHACL violation(s) in
    loop round 1: 27 finding(s), 54 op(s) proposed, 55 applied [45.2s]
    loop round 2: 5 finding(s), 17 op(s) proposed, 17 applied [14.8s]
    loop round 3: 1 finding(s), 5 op(s) proposed, 5 applied [5.1s]
    review: 10 op(s) proposed, 11 applied [11.8s]
    post-review: nothing left to fix
  input.L1.facts.ttl: 21 -> 0 SHACL violation(s)
  input.L10.facts.ttl: 34 SHACL violation(s) in
    loop round 1: 54 finding(s), 33 op(s) proposed, 35 applied [32.8s]
    loop round 2: 40 finding(s), 40 op(s) proposed, 39 applied [34.9s]
    loop round 3: 28 finding(s), 45 op(s) proposed, 40 applied [36.4s]
    review: 15 op(s) proposed, 16 applied [16.2s]
    post-review: 14 finding(s) left
    post-review round 1: 14 finding(s), 46 op(s) proposed, 46 applied [36.6s]
  input.L10.facts.ttl: 34 -> 2 SHACL violation(s)
  input.L2.facts.ttl: 12 SHACL violation(s) in
    loop round 1: 17 finding(s), 39 op(s) proposed, 43 applied [34.7s]
    loop round 2: 3 finding(s), 11 op(s) proposed, 12 applied [12.6s]
    loop round 3: 1 finding(s), 1 op(s) proposed, 1 applied [3.9s]
    review: 14 op(s) proposed, 18 applied [16.0s]
    post-review: 2 finding(s) left
    post-review round 1: 2 finding(s), 1 op(s) proposed, 1 applied [3.3s]
  input.L2.facts.ttl: 12 -> 0 SHACL violation(s)
  input.L3.facts.ttl: 36 SHACL violation(s) in
    loop round 1: 40 finding(s), 73 op(s) proposed, 77 applied [62.2s]
    loop round 2: 22 finding(s), 53 op(s) proposed, 53 applied [45.5s]
    loop round 3: 15 finding(s), 24 op(s) proposed, 25 applied [20.2s]
    review: 18 op(s) proposed, 19 applied [18.2s]
    post-review: 3 finding(s) left
    post-review round 1: 3 finding(s), 36 op(s) proposed, 35 applied [26.4s]
  input.L3.facts.ttl: 36 -> 1 SHACL violation(s)
  input.L4.facts.ttl: 20 SHACL violation(s) in
    loop round 1: 28 finding(s), 80 op(s) proposed, 82 applied [64.9s]
    loop round 2: 5 finding(s), 30 op(s) proposed, 30 applied [24.2s]
    loop round 3: nothing left to fix - stopping
    review: 13 op(s) proposed, 14 applied [13.4s]
    post-review: nothing left to fix
  input.L4.facts.ttl: 20 -> 0 SHACL violation(s)
  input.L5.facts.ttl: 20 SHACL violation(s) in
    loop round 1: 23 finding(s), 48 op(s) proposed, 49 applied [41.5s]
    loop round 2: 4 finding(s), 7 op(s) proposed, 7 applied [7.6s]
    loop round 3: 2 finding(s), 2 op(s) proposed, 2 applied [3.5s]
    review: 12 op(s) proposed, 13 applied [13.2s]
    post-review: 2 finding(s) left
    post-review round 1: 2 finding(s), 2 op(s) proposed, 2 applied [3.6s]
  input.L5.facts.ttl: 20 -> 2 SHACL violation(s)
  input.L6.facts.ttl: 16 SHACL violation(s) in
    loop round 1: 17 finding(s), 76 op(s) proposed, 74 applied [58.4s]
    loop round 2: 7 finding(s), 10 op(s) proposed, 10 applied [18.1s]
    loop round 2: findings 7 -> 7 but 10 op(s) applied - continuing
    loop round 3: 7 finding(s), 40 op(s) proposed, 40 applied [30.0s]
    review: 14 op(s) proposed, 15 applied [13.4s]
    post-review: 2 finding(s) left
      no usable patch on attempt 1
      no usable patch on attempt 2
    post-review round 1: model returned nothing usable - stopping
  input.L6.facts.ttl: 16 -> 2 SHACL violation(s)
  input.L7.facts.ttl: 8 SHACL violation(s) in
    loop round 1: 11 finding(s), 30 op(s) proposed, 30 applied [24.4s]
    loop round 2: 3 finding(s), 6 op(s) proposed, 6 applied [5.5s]
      no usable patch on attempt 1
      no usable patch on attempt 2
    loop round 3: model returned nothing usable - stopping
    review: 20 op(s) proposed, 24 applied [20.3s]
    post-review: 1 finding(s) left
      no usable patch on attempt 1
      no usable patch on attempt 2
    post-review round 1: model returned nothing usable - stopping
  input.L7.facts.ttl: 8 -> 1 SHACL violation(s)
  input.L8.facts.ttl: 13 SHACL violation(s) in
    loop round 1: 18 finding(s), 37 op(s) proposed, 38 applied [31.9s]
    loop round 2: 3 finding(s), 6 op(s) proposed, 7 applied [7.4s]
    loop round 3: nothing left to fix - stopping
    review: 20 op(s) proposed, 21 applied [19.2s]
    post-review: nothing left to fix
  input.L8.facts.ttl: 13 -> 0 SHACL violation(s)
  input.L9.facts.ttl: 8 SHACL violation(s) in
    loop round 1: 17 finding(s), 31 op(s) proposed, 34 applied [27.5s]
    loop round 2: 3 finding(s), 7 op(s) proposed, 7 applied [7.6s]
    loop round 3: 1 finding(s), 0 op(s) proposed, 0 applied [1.5s]
    review: 11 op(s) proposed, 13 applied [12.3s]
    post-review: 1 finding(s) left
    post-review round 1: 1 finding(s), 0 op(s) proposed, 0 applied [1.6s]
  input.L9.facts.ttl: 8 -> 0 SHACL violation(s)

total: 188 -> 8 SHACL violation(s) over 10 document(s) in 932.8s
