repairing 10 file(s) under results/jurix_phase1/o2_low_jsonld/repaired
  model: gemma-4-31b @ http://localhost:8000/v1 (temperature 0.4, timeout 300.0s)
  source text: results/jurix_phase1/input.jsonl (quote stage enabled)
  [domestic authorities] results/jurix_phase1/o2_low_jsonld/repaired/input.L1.facts.ttl: 9 finding(s) in; model proposed 4 group(s), 4 op(s), 0 merge(s)
    [domestic authorities] pass 1: applied 4 (of which 0 merge(s)), skipped 0, stub orphans swept 0 [10.1s, 10.0s in the model]
    [domestic authorities] pass 2: 5 finding(s) in; model proposed 2 group(s), 2 op(s), 0 merge(s)
    [domestic authorities] pass 2: applied 1 (of which 0 merge(s)), skipped 1, stub orphans swept 0 [7.1s, 7.1s in the model]
    SKIPPED [a node with more than one rdfs:label is asserting that two distinct entities are the same one -- split it instead of labelling it twice] remove doc:directorPastra rdfs:label "the Director": skipped: triple not present
    RECOVERED 1 group(s), 1 op(s) from a stalled generation
    [domestic authorities] pass 3: 4 finding(s) in; model proposed 1 group(s), 1 op(s), 0 merge(s)
    [domestic authorities] pass 3: applied 0 (of which 0 merge(s)), skipped 1, stub orphans swept 0 [6.9s, 6.9s in the model]
    SKIPPED [a node with more than one rdfs:label is asserting that two distinct entities are the same one -- split it instead of labelling it twice] remove doc:prosecutorRuse rdfs:label "regional prosecutor": skipped: triple not present
    [domestic authorities] pass 3: no operations applied - stopping
  [domestic proceedings] results/jurix_phase1/o2_low_jsonld/repaired/input.L1.facts.ttl: 4 finding(s) in; model proposed 5 group(s), 14 op(s), 0 merge(s)
    [domestic proceedings] pass 1: applied 12 (of which 0 merge(s)), skipped 2, stub orphans swept 0 [21.8s, 21.8s in the model]
    SKIPPED [doc:admin_action_1 is a conflation of two distinct administrative events: the appointment of a guardian by the Ruse Municipal Council (2002) and the mayor of Rila's refusal (2005). These have different dates, courts, and labels.] remove doc:admin_action_1 echr:hasDecisionDate "2005-09-16": skipped: triple not present
    SKIPPED [doc:admin_action_1 is a conflation of two distinct administrative events: the appointment of a guardian by the Ruse Municipal Council (2002) and the mayor of Rila's refusal (2005). These have different dates, courts, and labels.] remove doc:admin_action_1 rdfs:label "mayor of Rila's refusal to bring court action": skipped: triple not present
    [domestic proceedings] pass 2: 2 finding(s) in; model proposed 2 group(s), 2 op(s), 0 merge(s)
    [domestic proceedings] pass 2: applied 0 (of which 0 merge(s)), skipped 2, stub orphans swept 0 [6.0s, 6.0s in the model]
    SKIPPED [doc:admin_action_1 has multiple labels and decision dates, indicating it conflates two distinct events: the appointment of a guardian by the Ruse Municipal Council and the mayor of Rila's refusal.] remove doc:admin_action_1 rdfs:label mayor of Rila's refusal to bring court action: skipped: triple not present
    SKIPPED [doc:admin_action_1 has multiple labels and decision dates, indicating it conflates two distinct events: the appointment of a guardian by the Ruse Municipal Council and the mayor of Rila's refusal.] remove doc:admin_action_1 echr:hasDecisionDate 2005-09-16: skipped: triple not present
    [domestic proceedings] pass 2: no operations applied - stopping
    RECOVERED 1 group(s), 1 op(s) from a stalled generation
  [persons and participation] results/jurix_phase1/o2_low_jsonld/repaired/input.L1.facts.ttl: 15 finding(s) in; model proposed 1 group(s), 1 op(s), 0 merge(s)
    [persons and participation] pass 1: applied 1 (of which 0 merge(s)), skipped 0, stub orphans swept 0 [7.4s, 7.4s in the model]
    RECOVERED 6 group(s), 7 op(s) from a stalled generation
    [persons and participation] pass 2: 12 finding(s) in; model proposed 6 group(s), 7 op(s), 0 merge(s)
    [persons and participation] pass 2: applied 5 (of which 0 merge(s)), skipped 2, stub orphans swept 0 [34.2s, 34.2s in the model]
    SKIPPED [doc:guardian_1 has multiple labels] remove doc:guardian_1 rdfs:label "the guardian": skipped: triple not present
    SKIPPED [doc:directorPastra has multiple labels] remove doc:directorPastra rdfs:label "the Director": skipped: triple not present
    RECOVERED 5 group(s), 32 op(s) from a stalled generation
    [persons and participation] pass 3: 11 finding(s) in; model proposed 5 group(s), 32 op(s), 0 merge(s)
    [persons and participation] pass 3: applied 30 (of which 0 merge(s)), skipped 2, stub orphans swept 0 [78.2s, 78.1s in the model]
    SKIPPED [doc:guardian_1 has multiple rdfs:labels.] remove doc:guardian_1 rdfs:label "the guardian": skipped: triple not present
    SKIPPED [doc:directorPastra has multiple rdfs:labels.] remove doc:directorPastra rdfs:label "the Director": skipped: triple not present
    RECOVERED 1 group(s), 2 op(s) from a stalled generation
  [source quote fidelity] results/jurix_phase1/o2_low_jsonld/repaired/input.L1.facts.ttl: 1 finding(s) in; model proposed 1 group(s), 2 op(s), 0 merge(s)
    [source quote fidelity] pass 1: applied 2 (of which 0 merge(s)), skipped 1, stub orphans swept 0 [8.6s, 8.6s in the model]
    SKIPPED [The quote for doc:lawyer_1 is a paraphrase/fragment and does not appear verbatim in the source text.] remove doc:lawyer_1 echr:hasSupportingQuote the applicant’s lawyer challenged the refusal... arguing that her client: applied (removed 1 quote(s) by index)
    [source quote fidelity] pass 2: nothing left to flag - stopping
    document total: 180.5s across 9 model call(s) (180.1s in the model)
    wrote results/jurix_phase1/o2_low_jsonld/repaired/input.L1.facts.ttl (backup at results/jurix_phase1/o2_low_jsonld/repaired/backup/input.L1.facts.ttl)
    RECOVERED 2 group(s), 1 op(s) from a stalled generation
  [domestic authorities] results/jurix_phase1/o2_low_jsonld/repaired/input.L10.facts.ttl: 4 finding(s) in; model proposed 2 group(s), 1 op(s), 0 merge(s)
    [domestic authorities] pass 1: applied 1 (of which 0 merge(s)), skipped 0, stub orphans swept 0 [16.9s, 16.8s in the model]
    RECOVERED 2 group(s), 1 op(s) from a stalled generation
    [domestic authorities] pass 2: 3 finding(s) in; model proposed 2 group(s), 1 op(s), 0 merge(s)
    [domestic authorities] pass 2: applied 0 (of which 0 merge(s)), skipped 1, stub orphans swept 0 [7.8s, 7.8s in the model]
    SKIPPED [doc:brusselsCourtOfAppeal has multiple rdfs:labels.] remove doc:brusselsCourtOfAppeal rdfs:label Court of Appeal: skipped: triple not present
    [domestic authorities] pass 2: no operations applied - stopping
    RECOVERED 1 group(s), 1 op(s) from a stalled generation
  [domestic proceedings] results/jurix_phase1/o2_low_jsonld/repaired/input.L10.facts.ttl: 23 finding(s) in; model proposed 1 group(s), 1 op(s), 0 merge(s)
    [domestic proceedings] pass 1: applied 1 (of which 0 merge(s)), skipped 0, stub orphans swept 0 [9.4s, 9.3s in the model]
    [domestic proceedings] pass 1: 1 op(s) applied but findings did not fall (15 -> 15) - stopping
    RECOVERED 8 group(s), 14 op(s) from a stalled generation
  [persons and participation] results/jurix_phase1/o2_low_jsonld/repaired/input.L10.facts.ttl: 16 finding(s) in; model proposed 8 group(s), 14 op(s), 0 merge(s)
    [persons and participation] pass 1: applied 14 (of which 0 merge(s)), skipped 8, stub orphans swept 0 [57.9s, 57.9s in the model]
    SKIPPED [doc:participation_1, doc:participation_2, doc:participation_3, and doc:participation_4 are severely malformed: they link multiple parties and multiple sides, and are linked to multiple events. This violates the core definition of echr:Participation. I will clear their properties to stop the contradictions, as they are essentially 'junk' nodes that collapsed multiple distinct participations.] remove doc:participation_1 echr:participatingParty : applied (4 value(s))
    SKIPPED [doc:participation_1, doc:participation_2, doc:participation_3, and doc:participation_4 are severely malformed: they link multiple parties and multiple sides, and are linked to multiple events. This violates the core definition of echr:Participation. I will clear their properties to stop the contradictions, as they are essentially 'junk' nodes that collapsed multiple distinct participations.] remove doc:participation_1 echr:hasPartySide : applied (1 value(s))
    SKIPPED [doc:participation_1, doc:participation_2, doc:participation_3, and doc:participation_4 are severely malformed: they link multiple parties and multiple sides, and are linked to multiple events. This violates the core definition of echr:Participation. I will clear their properties to stop the contradictions, as they are essentially 'junk' nodes that collapsed multiple distinct participations.] remove doc:participation_2 echr:participatingParty : applied (4 value(s))
    SKIPPED [doc:participation_1, doc:participation_2, doc:participation_3, and doc:participation_4 are severely malformed: they link multiple parties and multiple sides, and are linked to multiple events. This violates the core definition of echr:Participation. I will clear their properties to stop the contradictions, as they are essentially 'junk' nodes that collapsed multiple distinct participations.] remove doc:participation_2 echr:hasPartySide : applied (2 value(s))
    SKIPPED [doc:participation_1, doc:participation_2, doc:participation_3, and doc:participation_4 are severely malformed: they link multiple parties and multiple sides, and are linked to multiple events. This violates the core definition of echr:Participation. I will clear their properties to stop the contradictions, as they are essentially 'junk' nodes that collapsed multiple distinct participations.] remove doc:participation_3 echr:participatingParty : applied (5 value(s))
    SKIPPED [doc:participation_1, doc:participation_2, doc:participation_3, and doc:participation_4 are severely malformed: they link multiple parties and multiple sides, and are linked to multiple events. This violates the core definition of echr:Participation. I will clear their properties to stop the contradictions, as they are essentially 'junk' nodes that collapsed multiple distinct participations.] remove doc:participation_3 echr:hasPartySide : applied (2 value(s))
    SKIPPED [doc:participation_1, doc:participation_2, doc:participation_3, and doc:participation_4 are severely malformed: they link multiple parties and multiple sides, and are linked to multiple events. This violates the core definition of echr:Participation. I will clear their properties to stop the contradictions, as they are essentially 'junk' nodes that collapsed multiple distinct participations.] remove doc:participation_4 echr:participatingParty : applied (3 value(s))
    SKIPPED [doc:participation_1, doc:participation_2, doc:participation_3, and doc:participation_4 are severely malformed: they link multiple parties and multiple sides, and are linked to multiple events. This violates the core definition of echr:Participation. I will clear their properties to stop the contradictions, as they are essentially 'junk' nodes that collapsed multiple distinct participations.] remove doc:participation_4 echr:hasPartySide : applied (2 value(s))
    [persons and participation] pass 2: 12 finding(s) in; model proposed 7 group(s), 30 op(s), 2 merge(s)
    [persons and participation] pass 2: applied 33 (of which 2 merge(s)), skipped 0, stub orphans swept 1 [38.9s, 38.8s in the model]
    [persons and participation] pass 3: 5 finding(s) in; model proposed 5 group(s), 18 op(s), 0 merge(s)
    [persons and participation] pass 3: applied 18 (of which 0 merge(s)), skipped 0, stub orphans swept 0 [24.8s, 24.8s in the model]
  [source quote fidelity] results/jurix_phase1/o2_low_jsonld/repaired/input.L10.facts.ttl: 1 finding(s) in; model proposed 1 group(s), 2 op(s), 0 merge(s)
    [source quote fidelity] pass 1: applied 2 (of which 0 merge(s)), skipped 1, stub orphans swept 0 [4.6s, 4.6s in the model]
    SKIPPED [The quote for doc:visa_application_2 is a paraphrase of paragraph 13. The source text is 'The applicants subsequently submitted such an application, which was rejected by the Belgian authorities in December 2016'. Wait, looking closer at the source text: 'The applicants subsequently submitted such an application, which was rejected by the Belgian authorities in December 2016'. The quote provided in the graph is actually verbatim, but it might have been flagged due to a minor character difference or the validator's sensitivity. Let me re-verify. Source: 'The applicants subsequently submitted such an application, which was rejected by the Belgian authorities in December 2016'. Graph quote: 'the applicants subsequently submitted such an application, which was rejected by the Belgian authorities in December 2016'. The difference is the leading lowercase 't'. I will correct it to match the source exactly.] remove doc:visa_application_2 echr:hasSupportingQuote the applicants subsequently submitted such an application, which was rejected by the Belgian authorities in December 2016: applied (removed 1 quote(s) by index)
    [source quote fidelity] pass 2: nothing left to flag - stopping
    document total: 160.5s across 7 model call(s) (160.0s in the model)
    wrote results/jurix_phase1/o2_low_jsonld/repaired/input.L10.facts.ttl (backup at results/jurix_phase1/o2_low_jsonld/repaired/backup/input.L10.facts.ttl)
  [domestic authorities] results/jurix_phase1/o2_low_jsonld/repaired/input.L2.facts.ttl: 3 finding(s) in; model proposed 2 group(s), 5 op(s), 0 merge(s)
    [domestic authorities] pass 1: applied 1 (of which 0 merge(s)), skipped 4, stub orphans swept 0 [7.6s, 7.6s in the model]
    SKIPPED [a node with more than one rdfs:label is asserting that two distinct entities are the same one -- split it instead of labelling it twice] remove doc:labourCourtGermany rdfs:label "Labour Court": skipped: triple not present
    SKIPPED [a node with more than one rdfs:label is asserting that two distinct entities are the same one -- split it instead of labelling it twice] remove doc:labourCourtGermany rdfs:label "labour court": skipped: triple not present
    SKIPPED [a node with more than one rdfs:label is asserting that two distinct entities are the same one -- split it instead of labelling it twice] remove doc:labourCourtGermany echr:hasAuthorityName "Labour Court": skipped: triple not present
    SKIPPED [a node with more than one rdfs:label is asserting that two distinct entities are the same one -- split it instead of labelling it twice] remove doc:labourCourtGermany echr:hasAuthorityName "labour court": skipped: triple not present
    [domestic authorities] pass 2: 2 finding(s) in; model proposed 1 group(s), 4 op(s), 0 merge(s)
    [domestic authorities] pass 2: applied 0 (of which 0 merge(s)), skipped 4, stub orphans swept 0 [5.9s, 5.9s in the model]
    SKIPPED [doc:labourCourtGermany has multiple values for echr:hasAuthorityName and rdfs:label. The supporting quote mentions 'the German labour courts' generally, but the values include a specific court ('Darmstadt Labour Court'). I will keep the most specific name as the primary identifier.] remove doc:labourCourtGermany echr:hasAuthorityName "labour court": skipped: triple not present
    SKIPPED [doc:labourCourtGermany has multiple values for echr:hasAuthorityName and rdfs:label. The supporting quote mentions 'the German labour courts' generally, but the values include a specific court ('Darmstadt Labour Court'). I will keep the most specific name as the primary identifier.] remove doc:labourCourtGermany echr:hasAuthorityName "Labour Court": skipped: triple not present
    SKIPPED [doc:labourCourtGermany has multiple values for echr:hasAuthorityName and rdfs:label. The supporting quote mentions 'the German labour courts' generally, but the values include a specific court ('Darmstadt Labour Court'). I will keep the most specific name as the primary identifier.] remove doc:labourCourtGermany rdfs:label "labour court": skipped: triple not present
    SKIPPED [doc:labourCourtGermany has multiple values for echr:hasAuthorityName and rdfs:label. The supporting quote mentions 'the German labour courts' generally, but the values include a specific court ('Darmstadt Labour Court'). I will keep the most specific name as the primary identifier.] remove doc:labourCourtGermany rdfs:label "Labour Court": skipped: triple not present
    [domestic authorities] pass 2: no operations applied - stopping
    RECOVERED 1 group(s), 1 op(s) from a stalled generation
  [domestic proceedings] results/jurix_phase1/o2_low_jsonld/repaired/input.L2.facts.ttl: 2 finding(s) in; model proposed 1 group(s), 1 op(s), 0 merge(s)
    [domestic proceedings] pass 1: applied 1 (of which 0 merge(s)), skipped 0, stub orphans swept 0 [7.0s, 7.0s in the model]
    [domestic proceedings] pass 1: 1 op(s) applied but findings did not fall (2 -> 2) - stopping
  [persons and participation] results/jurix_phase1/o2_low_jsonld/repaired/input.L2.facts.ttl: 8 finding(s) in; model proposed 9 group(s), 13 op(s), 3 merge(s)
    [persons and participation] pass 1: applied 14 (of which 3 merge(s)), skipped 2, stub orphans swept 0 [18.8s, 18.8s in the model]
    SKIPPED [doc:firstApplicant has multiple rdfs:labels] remove doc:firstApplicant rdfs:label first applicant: skipped: triple not present
    SKIPPED [doc:firstApplicant has multiple names] remove doc:firstApplicant echr:hasPersonName first applicant: skipped: triple not present
    RECOVERED 1 group(s), 1 op(s) from a stalled generation
    [persons and participation] pass 2: 3 finding(s) in; model proposed 1 group(s), 1 op(s), 0 merge(s)
    [persons and participation] pass 2: applied 0 (of which 0 merge(s)), skipped 1, stub orphans swept 0 [6.3s, 6.3s in the model]
    SKIPPED [doc:firstApplicant has multiple rdfs:labels] remove doc:firstApplicant rdfs:label first applicant: skipped: triple not present
    [persons and participation] pass 2: no operations applied - stopping
  [source quote fidelity] results/jurix_phase1/o2_low_jsonld/repaired/input.L2.facts.ttl: 1 finding(s) in; model proposed 1 group(s), 2 op(s), 0 merge(s)
    [source quote fidelity] pass 1: applied 1 (of which 0 merge(s)), skipped 2, stub orphans swept 0 [7.9s, 7.9s in the model]
    SKIPPED [The quote 'Mr Philip Regan is a British national' is a paraphrase. The verbatim text in the source is 'Mr Philip Regan is a British national, born in 1960 and resident in London in the United Kingdom.'] remove doc:philipRegan echr:hasSupportingQuote Mr Philip Regan is a British national: applied (removed 1 quote(s) by index)
    SKIPPED [The quote 'Mr Philip Regan is a British national' is a paraphrase. The verbatim text in the source is 'Mr Philip Regan is a British national, born in 1960 and resident in London in the United Kingdom.'] add doc:philipRegan echr:hasSupportingQuote Mr Philip Regan is a British national, born in 1960 and resident in London in the United Kingdom.: skipped: quote does not appear verbatim in the source document
    [source quote fidelity] pass 2: nothing left to flag - stopping
    document total: 53.7s across 6 model call(s) (53.5s in the model)
    wrote results/jurix_phase1/o2_low_jsonld/repaired/input.L2.facts.ttl (backup at results/jurix_phase1/o2_low_jsonld/repaired/backup/input.L2.facts.ttl)
  [domestic authorities] results/jurix_phase1/o2_low_jsonld/repaired/input.L3.facts.ttl: 8 finding(s) in; model proposed 2 group(s), 3 op(s), 6 merge(s)
    [domestic authorities] pass 1: applied 7 (of which 6 merge(s)), skipped 3, stub orphans swept 1 [9.1s, 9.1s in the model]
    SKIPPED [doc:fund_1 has multiple rdfs:label and echr:hasAuthorityName values, including a short-hand reference ('the Fund').] remove doc:fund_1 rdfs:label "the Fund": skipped: triple not present
    SKIPPED [doc:fund_1 has multiple rdfs:label and echr:hasAuthorityName values, including a short-hand reference ('the Fund').] remove doc:fund_1 echr:hasAuthorityName "the Fund": skipped: triple not present
    SKIPPED [doc:admin_court_1 has multiple rdfs:label values.] remove doc:admin_court_1 rdfs:label "administrative court": skipped: triple not present
    [domestic authorities] pass 2: 4 finding(s) in; model proposed 2 group(s), 2 op(s), 0 merge(s)
    [domestic authorities] pass 2: applied 1 (of which 0 merge(s)), skipped 1, stub orphans swept 0 [3.7s, 3.7s in the model]
    SKIPPED [an authority must have exactly one name -- zero means the extraction fell back to rdfs:label only, which the false-merge check below does not police as tightly] remove doc:fund_1 echr:hasAuthorityName "the Fund": skipped: triple not present
    [domestic authorities] pass 3: 3 finding(s) in; model proposed 3 group(s), 3 op(s), 0 merge(s)
    [domestic authorities] pass 3: applied 0 (of which 0 merge(s)), skipped 3, stub orphans swept 0 [5.7s, 5.7s in the model]
    SKIPPED [a node with more than one rdfs:label is asserting that two distinct entities are the same one -- split it instead of labelling it twice] remove doc:admin_court_1 rdfs:label "administrative court": skipped: triple not present
    SKIPPED [a node with more than one rdfs:label is asserting that two distinct entities are the same one -- split it instead of labelling it twice] remove doc:fund_1 rdfs:label "the Fund": skipped: triple not present
    SKIPPED [an authority must have exactly one name -- zero means the extraction fell back to rdfs:label only, which the false-merge check below does not police as tightly] remove doc:fund_1 echr:hasAuthorityName "the Fund": skipped: triple not present
    [domestic authorities] pass 3: no operations applied - stopping
  [domestic proceedings] results/jurix_phase1/o2_low_jsonld/repaired/input.L3.facts.ttl: 21 finding(s) in; model proposed 6 group(s), 27 op(s), 0 merge(s)
    [domestic proceedings] pass 1: applied 10 (of which 0 merge(s)), skipped 17, stub orphans swept 0 [36.4s, 36.4s in the model]
    SKIPPED [doc:proceeding_1 is a conglomerate of multiple distinct proceedings (first-instance and Supreme Administrative Court), as evidenced by multiple labels, decision dates, and courts.] remove doc:proceeding_1 rdfs:label 13th Chamber case: skipped: triple not present
    SKIPPED [doc:proceeding_1 is a conglomerate of multiple distinct proceedings (first-instance and Supreme Administrative Court), as evidenced by multiple labels, decision dates, and courts.] remove doc:proceeding_1 echr:hasDecisionDate 2014-12-09: skipped: triple not present
    SKIPPED [doc:proceeding_1 is a conglomerate of multiple distinct proceedings (first-instance and Supreme Administrative Court), as evidenced by multiple labels, decision dates, and courts.] remove doc:proceeding_1 echr:hasProceedingStartDate 2011-02-24: skipped: triple not present
    SKIPPED [doc:proceeding_2 is a conglomerate of multiple distinct proceedings (Appeal, General Assembly, Rectification).] remove doc:proceeding_2 rdfs:label Rectification request before the Supreme Administrative Court: skipped: triple not present
    SKIPPED [doc:proceeding_2 is a conglomerate of multiple distinct proceedings (Appeal, General Assembly, Rectification).] remove doc:proceeding_2 rdfs:label General Assembly appeal: skipped: triple not present
    SKIPPED [doc:proceeding_2 is a conglomerate of multiple distinct proceedings (Appeal, General Assembly, Rectification).] remove doc:proceeding_2 echr:hasDecisionDate 2017-06-30: skipped: triple not present
    SKIPPED [doc:proceeding_2 is a conglomerate of multiple distinct proceedings (Appeal, General Assembly, Rectification).] remove doc:proceeding_2 echr:hasDecisionDate 2014-12-09: skipped: triple not present
    SKIPPED [doc:proceeding_3 is a conglomerate of a Supreme Administrative Court rectification and a Constitutional Court application.] remove doc:proceeding_3 rdfs:label Fund's request for rectification: skipped: triple not present
    SKIPPED [doc:proceeding_3 is a conglomerate of a Supreme Administrative Court rectification and a Constitutional Court application.] remove doc:proceeding_3 echr:hasDecisionDate 2016-01-25: skipped: triple not present
    SKIPPED [doc:admin_action_1 is a conglomerate of multiple Fund and Board decisions.] remove doc:admin_action_1 rdfs:label Fund decision of 13 January 2011: skipped: triple not present
    SKIPPED [doc:admin_action_1 is a conglomerate of multiple Fund and Board decisions.] remove doc:admin_action_1 rdfs:label Fund decision on impossibility of enforcement: skipped: triple not present
    SKIPPED [doc:admin_action_1 is a conglomerate of multiple Fund and Board decisions.] remove doc:admin_action_1 rdfs:label transfer of İktisat Bank management: skipped: triple not present
    SKIPPED [doc:admin_action_1 is a conglomerate of multiple Fund and Board decisions.] remove doc:admin_action_1 echr:hasDecisionDate 2015-10-27: skipped: triple not present
    SKIPPED [doc:admin_action_1 is a conglomerate of multiple Fund and Board decisions.] remove doc:admin_action_1 echr:hasDecisionDate 2011-01-13: skipped: triple not present
    SKIPPED [doc:admin_action_1 is a conglomerate of multiple Fund and Board decisions.] remove doc:admin_action_1 echr:hasDecisionDate 2001-03-15: skipped: triple not present
    SKIPPED [doc:admin_action_2 is a conglomerate of two distinct Fund resolutions.] remove doc:admin_action_2 rdfs:label resolution to recover debts: skipped: triple not present
    SKIPPED [doc:admin_action_2 is a conglomerate of two distinct Fund resolutions.] remove doc:admin_action_2 echr:hasDecisionDate 2001-09-14: skipped: triple not present
    [domestic proceedings] pass 2: 11 finding(s) in; model proposed 7 group(s), 58 op(s), 0 merge(s)
    [domestic proceedings] pass 2: applied 46 (of which 0 merge(s)), skipped 12, stub orphans swept 0 [55.1s, 55.1s in the model]
    SKIPPED [a node with more than one rdfs:label is asserting that two distinct entities are the same one -- split it instead of labelling it twice] remove doc:admin_action_1 rdfs:label Fund decision on default
Fund decision of 13 January 2011
Fund decision on impossibility of enforcement
transfer of ƿktisat Bank management: skipped: triple not present
    SKIPPED [a node with more than one rdfs:label is asserting that two distinct entities are the same one -- split it instead of labelling it twice] remove doc:admin_action_1 echr:hasDecisionDate 2008-04-03
2015-10-27
2011-01-13
2001-03-15: skipped: triple not present
    SKIPPED [a node with more than one rdfs:label is asserting that two distinct entities are the same one -- split it instead of labelling it twice] remove doc:admin_action_2 rdfs:label resolution to recover debts
Fund resolution on management transfer: skipped: triple not present
    SKIPPED [a node with more than one rdfs:label is asserting that two distinct entities are the same one -- split it instead of labelling it twice] remove doc:admin_action_2 echr:hasDecisionDate 2008-09-18
2001-09-14: skipped: triple not present
    SKIPPED [a node with more than one rdfs:label is asserting that two distinct entities are the same one -- split it instead of labelling it twice] remove doc:proceeding_1 rdfs:label Administrative court proceedings
Judgment of the 6th Chamber of the Istanbul Administrative Court
annulment proceedings before the ƿstanbul Administrative Court
13th Chamber case: skipped: triple not present
    SKIPPED [a node with more than one rdfs:label is asserting that two distinct entities are the same one -- split it instead of labelling it twice] remove doc:proceeding_1 echr:hasDecisionDate 2014-12-09
2014-03-19: skipped: triple not present
    SKIPPED [a node with more than one rdfs:label is asserting that two distinct entities are the same one -- split it instead of labelling it twice] remove doc:proceeding_2 rdfs:label Rectification request before the Supreme Administrative Court
General Assembly appeal
appeal before the Supreme Administrative Court: skipped: triple not present
    SKIPPED [a node with more than one rdfs:label is asserting that two distinct entities are the same one -- split it instead of labelling it twice] remove doc:proceeding_2 echr:hasDecisionDate 2014-12-09
2015-07-07
2017-06-30: skipped: triple not present
    SKIPPED [a node with more than one rdfs:label is asserting that two distinct entities are the same one -- split it instead of labelling it twice] remove doc:proceeding_3 rdfs:label Fund's request for rectification
Individual application to the Constitutional Court: skipped: triple not present
    SKIPPED [a node with more than one rdfs:label is asserting that two distinct entities are the same one -- split it instead of labelling it twice] remove doc:proceeding_3 echr:hasDecisionDate 2016-01-25
2018-05-23: skipped: triple not present
    SKIPPED [a domestic event may have at most one start date] remove doc:proceeding_1 echr:hasProceedingStartDate 2011-02-24: skipped: triple not present
    SKIPPED [a domestic event may have at most one decision date] remove doc:proceeding_1 echr:hasDecisionDate 2014-12-09: skipped: triple not present
    [domestic proceedings] pass 2: 46 op(s) applied but findings did not fall (11 -> 19) - stopping
  [persons and participation] results/jurix_phase1/o2_low_jsonld/repaired/input.L3.facts.ttl: 12 finding(s) in; model proposed 6 group(s), 15 op(s), 0 merge(s)
    [persons and participation] pass 1: applied 14 (of which 0 merge(s)), skipped 1, stub orphans swept 0 [20.9s, 20.9s in the model]
    SKIPPED [a node with more than one rdfs:label is asserting that two distinct entities are the same one] remove doc:erolAksoy rdfs:label Erol Aksoy Group: skipped: triple not present
    RECOVERED 1 group(s), 1 op(s) from a stalled generation
    [persons and participation] pass 2: 10 finding(s) in; model proposed 1 group(s), 1 op(s), 0 merge(s)
    [persons and participation] pass 2: applied 1 (of which 0 merge(s)), skipped 0, stub orphans swept 0 [7.1s, 7.1s in the model]
    RECOVERED 1 group(s), 1 op(s) from a stalled generation
    [persons and participation] pass 3: 9 finding(s) in; model proposed 1 group(s), 1 op(s), 0 merge(s)
    [persons and participation] pass 3: applied 0 (of which 0 merge(s)), skipped 1, stub orphans swept 0 [7.2s, 7.2s in the model]
    SKIPPED [a node with more than one rdfs:label is asserting that two distinct entities are the same one -- split it instead of labelling it twice] remove doc:erolAksoy rdfs:label Erol Aksoy Group: skipped: triple not present
    [persons and participation] pass 3: no operations applied - stopping
  [source quote fidelity] results/jurix_phase1/o2_low_jsonld/repaired/input.L3.facts.ttl: nothing flagged
    document total: 145.5s across 8 model call(s) (145.2s in the model)
    wrote results/jurix_phase1/o2_low_jsonld/repaired/input.L3.facts.ttl (backup at results/jurix_phase1/o2_low_jsonld/repaired/backup/input.L3.facts.ttl)
  [domestic authorities] results/jurix_phase1/o2_low_jsonld/repaired/input.L4.facts.ttl: 1 finding(s) in; model proposed 1 group(s), 1 op(s), 1 merge(s)
    [domestic authorities] pass 1: applied 2 (of which 1 merge(s)), skipped 0, stub orphans swept 0 [2.5s, 2.4s in the model]
    [domestic authorities] pass 2: nothing left to flag - stopping
    RECOVERED 1 group(s), 1 op(s) from a stalled generation
  [domestic proceedings] results/jurix_phase1/o2_low_jsonld/repaired/input.L4.facts.ttl: 12 finding(s) in; model proposed 1 group(s), 1 op(s), 0 merge(s)
    [domestic proceedings] pass 1: applied 1 (of which 0 merge(s)), skipped 0, stub orphans swept 0 [8.3s, 8.3s in the model]
    [domestic proceedings] pass 1: 1 op(s) applied but findings did not fall (10 -> 10) - stopping
    RECOVERED 2 group(s), 1 op(s) from a stalled generation
  [persons and participation] results/jurix_phase1/o2_low_jsonld/repaired/input.L4.facts.ttl: 9 finding(s) in; model proposed 2 group(s), 1 op(s), 0 merge(s)
    [persons and participation] pass 1: applied 1 (of which 0 merge(s)), skipped 0, stub orphans swept 0 [7.8s, 7.8s in the model]
    RECOVERED 1 group(s), 1 op(s) from a stalled generation
    [persons and participation] pass 2: 7 finding(s) in; model proposed 1 group(s), 1 op(s), 0 merge(s)
    [persons and participation] pass 2: applied 0 (of which 0 merge(s)), skipped 1, stub orphans swept 0 [20.6s, 20.6s in the model]
    SKIPPED [doc:applicant_1 has multiple rdfs:labels] remove doc:applicant_1 rdfs:label "the applicant": skipped: triple not present
    [persons and participation] pass 2: no operations applied - stopping
  [source quote fidelity] results/jurix_phase1/o2_low_jsonld/repaired/input.L4.facts.ttl: 1 finding(s) in; model proposed 1 group(s), 2 op(s), 0 merge(s)
    [source quote fidelity] pass 1: applied 2 (of which 0 merge(s)), skipped 1, stub orphans swept 0 [3.0s, 3.0s in the model]
    SKIPPED [The quote 'Officer from the Slovenj Gradec Police, I.G.' is a paraphrase and does not appear verbatim in the source text. The correct span is 'Another officer from the Slovenj Gradec Police, I.G.'.] remove doc:officer_ig_1 echr:hasSupportingQuote Officer from the Slovenj Gradec Police, I.G.: applied (removed 1 quote(s) by index)
    [source quote fidelity] pass 2: nothing left to flag - stopping
    document total: 42.4s across 5 model call(s) (42.1s in the model)
    wrote results/jurix_phase1/o2_low_jsonld/repaired/input.L4.facts.ttl (backup at results/jurix_phase1/o2_low_jsonld/repaired/backup/input.L4.facts.ttl)
    RECOVERED 1 group(s), 1 op(s) from a stalled generation
  [domestic authorities] results/jurix_phase1/o2_low_jsonld/repaired/input.L5.facts.ttl: 7 finding(s) in; model proposed 1 group(s), 1 op(s), 0 merge(s)
    [domestic authorities] pass 1: applied 1 (of which 0 merge(s)), skipped 0, stub orphans swept 0 [7.4s, 7.4s in the model]
    [domestic authorities] pass 2: 5 finding(s) in; model proposed 3 group(s), 11 op(s), 0 merge(s)
    [domestic authorities] pass 2: applied 1 (of which 0 merge(s)), skipped 10, stub orphans swept 0 [15.2s, 15.2s in the model]
    SKIPPED [doc:authorityQdcZakarpattya has multiple names and labels. The quote for doc:hqdcb mentions 'Neither the QDC of Zakarpattya nor the HQDCB', indicating these are distinct bodies. The 'Disciplinary Chamber' is a part of the QDC. I will normalize the name to the most specific one.] remove doc:authorityQdcZakarpattya echr:hasAuthorityName "QDC of Zakarpattya": skipped: triple not present
    SKIPPED [doc:authorityQdcZakarpattya has multiple names and labels. The quote for doc:hqdcb mentions 'Neither the QDC of Zakarpattya nor the HQDCB', indicating these are distinct bodies. The 'Disciplinary Chamber' is a part of the QDC. I will normalize the name to the most specific one.] remove doc:authorityQdcZakarpattya rdfs:label "QDC of Zakarpattya": skipped: triple not present
    SKIPPED [doc:hqdcb is conflating multiple distinct authorities (QDC of Zakarpattya, HQDCB, the Bar). The quote 'Neither the QDC of Zakarpattya nor the HQDCB' explicitly proves they are different entities.] remove doc:hqdcb echr:hasAuthorityName "Qualification and Disciplinary Commission of the Regional Bar of Zakarpattya": skipped: triple not present
    SKIPPED [doc:hqdcb is conflating multiple distinct authorities (QDC of Zakarpattya, HQDCB, the Bar). The quote 'Neither the QDC of Zakarpattya nor the HQDCB' explicitly proves they are different entities.] remove doc:hqdcb echr:hasAuthorityName "the Bar": skipped: triple not present
    SKIPPED [doc:hqdcb is conflating multiple distinct authorities (QDC of Zakarpattya, HQDCB, the Bar). The quote 'Neither the QDC of Zakarpattya nor the HQDCB' explicitly proves they are different entities.] remove doc:hqdcb echr:hasAuthorityName "Zakarpattya Bar": skipped: triple not present
    SKIPPED [doc:hqdcb is conflating multiple distinct authorities (QDC of Zakarpattya, HQDCB, the Bar). The quote 'Neither the QDC of Zakarpattya nor the HQDCB' explicitly proves they are different entities.] remove doc:hqdcb echr:hasAuthorityName "QDC of Zakarpattya": skipped: triple not present
    SKIPPED [doc:hqdcb is conflating multiple distinct authorities (QDC of Zakarpattya, HQDCB, the Bar). The quote 'Neither the QDC of Zakarpattya nor the HQDCB' explicitly proves they are different entities.] remove doc:hqdcb rdfs:label "the Bar": skipped: triple not present
    SKIPPED [doc:hqdcb is conflating multiple distinct authorities (QDC of Zakarpattya, HQDCB, the Bar). The quote 'Neither the QDC of Zakarpattya nor the HQDCB' explicitly proves they are different entities.] remove doc:hqdcb rdfs:label "Zakarpattya Bar": skipped: triple not present
    SKIPPED [doc:hqdcb is conflating multiple distinct authorities (QDC of Zakarpattya, HQDCB, the Bar). The quote 'Neither the QDC of Zakarpattya nor the HQDCB' explicitly proves they are different entities.] remove doc:hqdcb rdfs:label "QDC of Zakarpattya": skipped: triple not present
    SKIPPED [doc:hqdcb is conflating multiple distinct authorities (QDC of Zakarpattya, HQDCB, the Bar). The quote 'Neither the QDC of Zakarpattya nor the HQDCB' explicitly proves they are different entities.] remove doc:hqdcb rdfs:label "Qualification and Disciplinary Commission of the Regional Bar of Zakarpattya": skipped: triple not present
    [domestic authorities] pass 3: 4 finding(s) in; model proposed 2 group(s), 10 op(s), 0 merge(s)
    [domestic authorities] pass 3: applied 0 (of which 0 merge(s)), skipped 10, stub orphans swept 0 [14.0s, 14.0s in the model]
    SKIPPED [doc:authorityQdcZakarpattya has multiple labels and names. The evidence suggests the 'Disciplinary Chamber' is a part of the 'QDC of Zakarpattya'. Since these are distinct levels/bodies of decision making, the node should be cleaned to represent the primary authority.] remove doc:authorityQdcZakarpattya rdfs:label "Disciplinary Chamber of the QDC of Zakarpattya": skipped: triple not present
    SKIPPED [doc:authorityQdcZakarpattya has multiple labels and names. The evidence suggests the 'Disciplinary Chamber' is a part of the 'QDC of Zakarpattya'. Since these are distinct levels/bodies of decision making, the node should be cleaned to represent the primary authority.] remove doc:authorityQdcZakarpattya echr:hasAuthorityName "Disciplinary Chamber of the QDC of Zakarpattya": skipped: triple not present
    SKIPPED [doc:hqdcb is a conflated node containing multiple distinct authorities: the Regional Bar of Zakarpattya (QDC) and the Higher Qualification and Disciplinary Commission of the Bar (HQDCB).] remove doc:hqdcb rdfs:label "the Bar": skipped: triple not present
    SKIPPED [doc:hqdcb is a conflated node containing multiple distinct authorities: the Regional Bar of Zakarpattya (QDC) and the Higher Qualification and Disciplinary Commission of the Bar (HQDCB).] remove doc:hqdcb rdfs:label "Zakarpattya Bar": skipped: triple not present
    SKIPPED [doc:hqdcb is a conflated node containing multiple distinct authorities: the Regional Bar of Zakarpattya (QDC) and the Higher Qualification and Disciplinary Commission of the Bar (HQDCB).] remove doc:hqdcb rdfs:label "QDC of Zakarpattya": skipped: triple not present
    SKIPPED [doc:hqdcb is a conflated node containing multiple distinct authorities: the Regional Bar of Zakarpattya (QDC) and the Higher Qualification and Disciplinary Commission of the Bar (HQDCB).] remove doc:hqdcb rdfs:label "Qualification and Disciplinary Commission of the Regional Bar of Zakarpattya": skipped: triple not present
    SKIPPED [doc:hqdcb is a conflated node containing multiple distinct authorities: the Regional Bar of Zakarpattya (QDC) and the Higher Qualification and Disciplinary Commission of the Bar (HQDCB).] remove doc:hqdcb echr:hasAuthorityName "the Bar": skipped: triple not present
    SKIPPED [doc:hqdcb is a conflated node containing multiple distinct authorities: the Regional Bar of Zakarpattya (QDC) and the Higher Qualification and Disciplinary Commission of the Bar (HQDCB).] remove doc:hqdcb echr:hasAuthorityName "Zakarpattya Bar": skipped: triple not present
    SKIPPED [doc:hqdcb is a conflated node containing multiple distinct authorities: the Regional Bar of Zakarpattya (QDC) and the Higher Qualification and Disciplinary Commission of the Bar (HQDCB).] remove doc:hqdcb echr:hasAuthorityName "Qualification and Disciplinary Commission of the Regional Bar of Zakarpattya": skipped: triple not present
    SKIPPED [doc:hqdcb is a conflated node containing multiple distinct authorities: the Regional Bar of Zakarpattya (QDC) and the Higher Qualification and Disciplinary Commission of the Bar (HQDCB).] remove doc:hqdcb echr:hasAuthorityName "HQDCB": skipped: triple not present
    [domestic authorities] pass 3: no operations applied - stopping
  [domestic proceedings] results/jurix_phase1/o2_low_jsonld/repaired/input.L5.facts.ttl: 9 finding(s) in; model proposed 1 group(s), 1 op(s), 0 merge(s)
    [domestic proceedings] pass 1: applied 1 (of which 0 merge(s)), skipped 0, stub orphans swept 0 [4.4s, 4.4s in the model]
    [domestic proceedings] pass 1: 1 op(s) applied but findings did not fall (7 -> 7) - stopping
    RECOVERED 2 group(s), 1 op(s) from a stalled generation
  [persons and participation] results/jurix_phase1/o2_low_jsonld/repaired/input.L5.facts.ttl: 10 finding(s) in; model proposed 2 group(s), 1 op(s), 0 merge(s)
    [persons and participation] pass 1: applied 1 (of which 0 merge(s)), skipped 0, stub orphans swept 0 [8.7s, 8.7s in the model]
    RECOVERED 2 group(s), 1 op(s) from a stalled generation
    [persons and participation] pass 2: 8 finding(s) in; model proposed 2 group(s), 1 op(s), 0 merge(s)
    [persons and participation] pass 2: applied 1 (of which 0 merge(s)), skipped 0, stub orphans swept 0 [9.2s, 9.2s in the model]
    RECOVERED 2 group(s), 1 op(s) from a stalled generation
    [persons and participation] pass 3: 7 finding(s) in; model proposed 2 group(s), 1 op(s), 0 merge(s)
    [persons and participation] pass 3: applied 1 (of which 0 merge(s)), skipped 0, stub orphans swept 0 [8.8s, 8.8s in the model]
    RECOVERED 1 group(s), 2 op(s) from a stalled generation
  [source quote fidelity] results/jurix_phase1/o2_low_jsonld/repaired/input.L5.facts.ttl: 2 finding(s) in; model proposed 1 group(s), 2 op(s), 0 merge(s)
    [source quote fidelity] pass 1: applied 2 (of which 0 merge(s)), skipped 1, stub orphans swept 0 [12.1s, 12.1s in the model]
    SKIPPED [The quote for doc:proceeding_podilskyy_1 is a synthesis of multiple passages and contains bracketed additions, which is not permitted. The relevant factual basis is found in paragraphs 22, 23, and 50.] remove doc:proceeding_podilskyy_1 echr:hasSupportingQuote the applicant instituted a parallel set of proceedings before the Podilskyy Court... the applicant’s appeal against the decision of 22 December 2016 had been rejected [on 6 March 2017]: applied (removed 1 quote(s) by index)
    RECOVERED 1 group(s), 2 op(s) from a stalled generation
    [source quote fidelity] pass 2: 1 finding(s) in; model proposed 1 group(s), 2 op(s), 0 merge(s)
    [source quote fidelity] pass 2: applied 2 (of which 0 merge(s)), skipped 1, stub orphans swept 0 [10.4s, 10.4s in the model]
    SKIPPED [The quote 'the applicant complained under Article 8 of the Convention that because of the decisions of 17 April and 16 May 2013 he had been deprived' is a truncated version of the sentence in paragraph 33.] remove doc:applicant_1 echr:hasSupportingQuote the applicant complained under Article 8 of the Convention that because of the decisions of 17 April and 16 May 2013 he had been deprived: applied (removed 1 quote(s) by index)
    [source quote fidelity] pass 3: nothing left to flag - stopping
    document total: 90.3s across 9 model call(s) (90.2s in the model)
    wrote results/jurix_phase1/o2_low_jsonld/repaired/input.L5.facts.ttl (backup at results/jurix_phase1/o2_low_jsonld/repaired/backup/input.L5.facts.ttl)
  [domestic authorities] results/jurix_phase1/o2_low_jsonld/repaired/input.L6.facts.ttl: 2 finding(s) in; model proposed 1 group(s), 2 op(s), 0 merge(s)
    [domestic authorities] pass 1: applied 0 (of which 0 merge(s)), skipped 2, stub orphans swept 0 [3.4s, 3.3s in the model]
    SKIPPED [The node doc:arbitrationTribunal has multiple rdfs:label and echr:hasAuthorityName values. The ontology defines echr:hasAuthorityName as a FunctionalProperty (at most one). Based on the values, "Arbitration Tribunal of the Chamber of Commerce and Industry of Armenia" is the more specific and complete name.] remove doc:arbitrationTribunal rdfs:label "Arbitration Tribunal": skipped: triple not present
    SKIPPED [The node doc:arbitrationTribunal has multiple rdfs:label and echr:hasAuthorityName values. The ontology defines echr:hasAuthorityName as a FunctionalProperty (at most one). Based on the values, "Arbitration Tribunal of the Chamber of Commerce and Industry of Armenia" is the more specific and complete name.] remove doc:arbitrationTribunal echr:hasAuthorityName "Arbitration Tribunal": skipped: triple not present
    [domestic authorities] pass 1: no operations applied - stopping
  [domestic proceedings] results/jurix_phase1/o2_low_jsonld/repaired/input.L6.facts.ttl: 13 finding(s) in; model proposed 3 group(s), 11 op(s), 0 merge(s)
    [domestic proceedings] pass 1: applied 7 (of which 0 merge(s)), skipped 4, stub orphans swept 0 [15.4s, 15.4s in the model]
    SKIPPED [doc:proceeding_1 has multiple labels, courts, and decision dates, indicating it conflates the Commercial Court claim and the Yerevan Civil Court transfer.] remove doc:proceeding_1 echr:hasDecisionDate 2009-02-27: skipped: triple not present
    SKIPPED [doc:proceeding_2 conflates a Commercial Court appeal (Dec 2007) and a District Court proceeding (June 2009).] remove doc:proceeding_2 echr:hasDecisionDate 2007-12-10: skipped: triple not present
    SKIPPED [doc:proceeding_2 conflates a Commercial Court appeal (Dec 2007) and a District Court proceeding (June 2009).] remove doc:proceeding_2 echr:hasProceedingStartDate 2007-11-23: skipped: triple not present
    SKIPPED [doc:administrative_action_1 is a request for information, not a proceeding.] remove doc:administrative_action_1 rdf:type echr:DomesticProceeding: skipped: triple not present
    RECOVERED 1 group(s), 1 op(s) from a stalled generation
    [domestic proceedings] pass 2: 3 finding(s) in; model proposed 1 group(s), 1 op(s), 0 merge(s)
    [domestic proceedings] pass 2: applied 0 (of which 0 merge(s)), skipped 1, stub orphans swept 0 [7.5s, 7.5s in the model]
    SKIPPED [a domestic event may have at most one decision date] remove doc:proceeding_1 echr:hasDecisionDate 2009-02-27: skipped: triple not present
    [domestic proceedings] pass 2: no operations applied - stopping
  [persons and participation] results/jurix_phase1/o2_low_jsonld/repaired/input.L6.facts.ttl: 5 finding(s) in; model proposed 2 group(s), 42 op(s), 0 merge(s)
    [persons and participation] pass 1: applied 42 (of which 0 merge(s)), skipped 0, stub orphans swept 0 [46.5s, 46.5s in the model]
    [persons and participation] pass 2: 2 finding(s) in; model proposed 0 group(s), 0 op(s), 0 merge(s)
    [persons and participation] pass 2: applied 0 (of which 0 merge(s)), skipped 0, stub orphans swept 0 [0.4s, 0.4s in the model]
    [persons and participation] pass 2: no operations applied - stopping
  [source quote fidelity] results/jurix_phase1/o2_low_jsonld/repaired/input.L6.facts.ttl: nothing flagged
    document total: 73.3s across 5 model call(s) (73.1s in the model)
    wrote results/jurix_phase1/o2_low_jsonld/repaired/input.L6.facts.ttl (backup at results/jurix_phase1/o2_low_jsonld/repaired/backup/input.L6.facts.ttl)
  [domestic authorities] results/jurix_phase1/o2_low_jsonld/repaired/input.L7.facts.ttl: 2 finding(s) in; model proposed 2 group(s), 2 op(s), 0 merge(s)
    [domestic authorities] pass 1: applied 2 (of which 0 merge(s)), skipped 0, stub orphans swept 0 [3.5s, 3.5s in the model]
    [domestic authorities] pass 2: nothing left to flag - stopping
    RECOVERED 1 group(s), 1 op(s) from a stalled generation
  [domestic proceedings] results/jurix_phase1/o2_low_jsonld/repaired/input.L7.facts.ttl: 4 finding(s) in; model proposed 1 group(s), 1 op(s), 0 merge(s)
    [domestic proceedings] pass 1: applied 1 (of which 0 merge(s)), skipped 0, stub orphans swept 0 [7.2s, 7.2s in the model]
    RECOVERED 1 group(s), 1 op(s) from a stalled generation
    [domestic proceedings] pass 2: 2 finding(s) in; model proposed 1 group(s), 1 op(s), 0 merge(s)
    [domestic proceedings] pass 2: applied 1 (of which 0 merge(s)), skipped 0, stub orphans swept 0 [7.0s, 7.0s in the model]
    [domestic proceedings] pass 2: 1 op(s) applied but findings did not fall (2 -> 2) - stopping
    RECOVERED 4 group(s), 1 op(s) from a stalled generation
  [persons and participation] results/jurix_phase1/o2_low_jsonld/repaired/input.L7.facts.ttl: 3 finding(s) in; model proposed 4 group(s), 1 op(s), 0 merge(s)
    [persons and participation] pass 1: applied 1 (of which 0 merge(s)), skipped 0, stub orphans swept 0 [13.6s, 13.6s in the model]
    [persons and participation] pass 2: 2 finding(s) in; model proposed 0 group(s), 0 op(s), 0 merge(s)
    [persons and participation] pass 2: applied 0 (of which 0 merge(s)), skipped 0, stub orphans swept 0 [0.4s, 0.3s in the model]
    [persons and participation] pass 2: no operations applied - stopping
    RECOVERED 1 group(s), 2 op(s) from a stalled generation
  [source quote fidelity] results/jurix_phase1/o2_low_jsonld/repaired/input.L7.facts.ttl: 1 finding(s) in; model proposed 1 group(s), 2 op(s), 0 merge(s)
    [source quote fidelity] pass 1: applied 2 (of which 0 merge(s)), skipped 1, stub orphans swept 0 [12.0s, 12.0s in the model]
    SKIPPED [The quote for doc:detention_1 is a stitched-together paraphrase. I have replaced it with the verbatim span from the source text that covers the decision to withdraw bail and the location of detention.] remove doc:detention_1 echr:hasSupportingQuote on 25 March 1999... the judge after consulting counsel decided to withdraw the applicant’s bail... he would be held in the hospital wing of Belmarsh prison: applied (removed 1 quote(s) by index)
    [source quote fidelity] pass 2: nothing left to flag - stopping
    document total: 43.9s across 6 model call(s) (43.6s in the model)
    wrote results/jurix_phase1/o2_low_jsonld/repaired/input.L7.facts.ttl (backup at results/jurix_phase1/o2_low_jsonld/repaired/backup/input.L7.facts.ttl)
  [domestic authorities] results/jurix_phase1/o2_low_jsonld/repaired/input.L8.facts.ttl: 3 finding(s) in; model proposed 3 group(s), 3 op(s), 0 merge(s)
    [domestic authorities] pass 1: applied 2 (of which 0 merge(s)), skipped 2, stub orphans swept 2 [6.8s, 6.7s in the model]
    SKIPPED [an authority must have exactly one name -- zero means the extraction fell back to rdfs:label only, which the false-merge check below does not police as tightly] remove doc:court_1 rdfs:label "Regional Court": skipped: triple not present
    SKIPPED [an authority must have exactly one name -- zero means the extraction fell back to rdfs:label only, which the false-merge check below does not police as tightly] remove doc:court_1 echr:hasAuthorityName "Regional Court": skipped: triple not present
    [domestic authorities] pass 2: 2 finding(s) in; model proposed 1 group(s), 2 op(s), 0 merge(s)
    [domestic authorities] pass 2: applied 0 (of which 0 merge(s)), skipped 2, stub orphans swept 0 [2.9s, 2.9s in the model]
    SKIPPED [The node doc:court_1 has multiple values for echr:hasAuthorityName and rdfs:label. The supporting quote specifically mentions 'the Nizhniy Novgorod Regional Court', which is the more precise name. The generic 'Regional Court' should be removed to satisfy the functional property constraint and the label constraint.] remove doc:court_1 echr:hasAuthorityName "Regional Court": skipped: triple not present
    SKIPPED [The node doc:court_1 has multiple values for echr:hasAuthorityName and rdfs:label. The supporting quote specifically mentions 'the Nizhniy Novgorod Regional Court', which is the more precise name. The generic 'Regional Court' should be removed to satisfy the functional property constraint and the label constraint.] remove doc:court_1 rdfs:label "Regional Court": skipped: triple not present
    [domestic authorities] pass 2: no operations applied - stopping
  [domestic proceedings] results/jurix_phase1/o2_low_jsonld/repaired/input.L8.facts.ttl: 6 finding(s) in; model proposed 6 group(s), 10 op(s), 1 merge(s)
    [domestic proceedings] pass 1: applied 6 (of which 1 merge(s)), skipped 5, stub orphans swept 0 [17.1s, 17.1s in the model]
    SKIPPED [doc:proceeding_1 has multiple decision dates and labels.] remove doc:proceeding_1 echr:hasDecisionDate "1998-05-27": skipped: triple not present
    SKIPPED [doc:proceeding_1 has multiple decision dates and labels.] remove doc:proceeding_1 rdfs:label "Nizhniy Novgorod Regional Court Trial": skipped: triple not present
    SKIPPED [doc:proceeding_regional_court_1 has multiple labels.] remove doc:proceeding_regional_court_1 rdfs:label "Nizhniy Novgorod Regional Court proceeding": skipped: triple not present
    SKIPPED [doc:proceeding_trial_1 has multiple labels.] remove doc:proceeding_trial_1 rdfs:label "Trial Proceeding": skipped: triple not present
    SKIPPED [doc:proceeding_supreme_court_1 has multiple labels.] remove doc:proceeding_supreme_court_1 rdfs:label "Supreme Court proceeding": skipped: triple not present
    [domestic proceedings] pass 2: 4 finding(s) in; model proposed 4 group(s), 4 op(s), 0 merge(s)
    [domestic proceedings] pass 2: applied 1 (of which 0 merge(s)), skipped 3, stub orphans swept 0 [11.2s, 11.2s in the model]
    SKIPPED [a node with more than one rdfs:label is asserting that two distinct entities are the same one -- split it instead of labelling it twice] remove doc:proceeding_1 rdfs:label "Nizhniy Novgorod Regional Court Trial": skipped: triple not present
    SKIPPED [a node with more than one rdfs:label is asserting that two distinct entities are the same one -- split it instead of labelling it twice] remove doc:proceeding_trial_1 rdfs:label "Trial Proceeding": skipped: triple not present
    SKIPPED [a node with more than one rdfs:label is asserting that two distinct entities are the same one -- split it instead of labelling it twice] remove doc:proceeding_supreme_court_1 rdfs:label "Supreme Court proceeding": skipped: triple not present
    RECOVERED 1 group(s), 1 op(s) from a stalled generation
    [domestic proceedings] pass 3: 3 finding(s) in; model proposed 1 group(s), 1 op(s), 0 merge(s)
    [domestic proceedings] pass 3: applied 0 (of which 0 merge(s)), skipped 1, stub orphans swept 0 [6.7s, 6.7s in the model]
    SKIPPED [a node with more than one rdfs:label is asserting that two distinct entities are the same one -- split it instead of labelling it twice] remove doc:proceeding_1 rdfs:label Nizhniy Novgorod Regional Court Trial: skipped: triple not present
    [domestic proceedings] pass 3: no operations applied - stopping
  [persons and participation] results/jurix_phase1/o2_low_jsonld/repaired/input.L8.facts.ttl: 5 finding(s) in; model proposed 6 group(s), 15 op(s), 0 merge(s)
    [persons and participation] pass 1: applied 13 (of which 0 merge(s)), skipped 2, stub orphans swept 0 [20.2s, 20.1s in the model]
    SKIPPED [doc:lawyerK has multiple labels] remove doc:lawyerK rdfs:label "Mr. K.": skipped: triple not present
    SKIPPED [doc:lawyerK has multiple labels] remove doc:lawyerK echr:hasPersonName "Mr. K.": skipped: triple not present
    RECOVERED 4 group(s), 1 op(s) from a stalled generation
    [persons and participation] pass 2: 4 finding(s) in; model proposed 4 group(s), 1 op(s), 0 merge(s)
    [persons and participation] pass 2: applied 0 (of which 0 merge(s)), skipped 1, stub orphans swept 0 [10.0s, 10.0s in the model]
    SKIPPED [doc:lawyerK has multiple labels] remove doc:lawyerK rdfs:label "Mr. K.": skipped: triple not present
    [persons and participation] pass 2: no operations applied - stopping
  [source quote fidelity] results/jurix_phase1/o2_low_jsonld/repaired/input.L8.facts.ttl: nothing flagged
    document total: 75.0s across 7 model call(s) (74.7s in the model)
    wrote results/jurix_phase1/o2_low_jsonld/repaired/input.L8.facts.ttl (backup at results/jurix_phase1/o2_low_jsonld/repaired/backup/input.L8.facts.ttl)
    RECOVERED 1 group(s), 1 op(s) from a stalled generation
  [domestic authorities] results/jurix_phase1/o2_low_jsonld/repaired/input.L9.facts.ttl: 3 finding(s) in; model proposed 1 group(s), 1 op(s), 0 merge(s)
    [domestic authorities] pass 1: applied 1 (of which 0 merge(s)), skipped 0, stub orphans swept 0 [7.0s, 6.9s in the model]
    [domestic authorities] pass 2: 2 finding(s) in; model proposed 2 group(s), 2 op(s), 0 merge(s)
    [domestic authorities] pass 2: applied 2 (of which 0 merge(s)), skipped 0, stub orphans swept 0 [3.4s, 3.4s in the model]
    [domestic authorities] pass 3: nothing left to flag - stopping
    RECOVERED 1 group(s), 1 op(s) from a stalled generation
  [domestic proceedings] results/jurix_phase1/o2_low_jsonld/repaired/input.L9.facts.ttl: 3 finding(s) in; model proposed 1 group(s), 1 op(s), 0 merge(s)
    [domestic proceedings] pass 1: applied 1 (of which 0 merge(s)), skipped 0, stub orphans swept 0 [7.2s, 7.2s in the model]
    [domestic proceedings] pass 1: 1 op(s) applied but findings did not fall (2 -> 2) - stopping
  [persons and participation] results/jurix_phase1/o2_low_jsonld/repaired/input.L9.facts.ttl: 5 finding(s) in; model proposed 3 group(s), 11 op(s), 3 merge(s)
    [persons and participation] pass 1: applied 14 (of which 3 merge(s)), skipped 0, stub orphans swept 0 [16.9s, 16.9s in the model]
    [persons and participation] pass 2: nothing left to flag - stopping
  [source quote fidelity] results/jurix_phase1/o2_low_jsonld/repaired/input.L9.facts.ttl: nothing flagged
    document total: 34.7s across 4 model call(s) (34.4s in the model)
    wrote results/jurix_phase1/o2_low_jsonld/repaired/input.L9.facts.ttl (backup at results/jurix_phase1/o2_low_jsonld/repaired/backup/input.L9.facts.ttl)

  repair total: 899.7s over 10 document(s), 66 model call(s) (896.9s in the model, 2.8s deterministic)
    authorities     20 call(s)    146.9s  (146.3s in the model)
    proceedings     16 call(s)    227.7s  (227.6s in the model)
    persons         23 call(s)    464.8s  (464.4s in the model)
    quotes           7 call(s)     58.6s  (58.6s in the model)
