Warning: You are sending unauthenticated requests to the HF Hub. Please set a HF_TOKEN to enable higher rate limits and faster downloads.

Loading weights:   0%|          | 0/199 [00:00<?, ?it/s]
Loading weights: 100%|██████████| 199/199 [00:00<00:00, 13103.29it/s]

Batches:   0%|          | 0/4 [00:00<?, ?it/s]
Batches:  25%|██▌       | 1/4 [00:00<00:02,  1.19it/s]
Batches:  50%|█████     | 2/4 [00:01<00:01,  1.15it/s]
Batches:  75%|███████▌  | 3/4 [00:02<00:00,  1.14it/s]
Batches: 100%|██████████| 4/4 [00:02<00:00,  1.49it/s]
Batches: 100%|██████████| 4/4 [00:02<00:00,  1.34it/s]

Batches:   0%|          | 0/5 [00:00<?, ?it/s]
Batches:  20%|██        | 1/5 [00:00<00:03,  1.31it/s]
Batches:  40%|████      | 2/5 [00:01<00:02,  1.30it/s]
Batches:  60%|██████    | 3/5 [00:02<00:01,  1.30it/s]
Batches:  80%|████████  | 4/5 [00:02<00:00,  1.42it/s]
Batches: 100%|██████████| 5/5 [00:03<00:00,  1.84it/s]
Batches: 100%|██████████| 5/5 [00:03<00:00,  1.58it/s]

Batches:   0%|          | 0/5 [00:00<?, ?it/s]
Batches:  20%|██        | 1/5 [00:00<00:03,  1.23it/s]
Batches:  40%|████      | 2/5 [00:01<00:02,  1.29it/s]
Batches:  60%|██████    | 3/5 [00:02<00:01,  1.31it/s]
Batches:  80%|████████  | 4/5 [00:03<00:00,  1.35it/s]
Batches: 100%|██████████| 5/5 [00:03<00:00,  1.58it/s]
Batches: 100%|██████████| 5/5 [00:03<00:00,  1.45it/s]

Batches:   0%|          | 0/5 [00:00<?, ?it/s]
Batches:  20%|██        | 1/5 [00:00<00:02,  1.37it/s]
Batches:  40%|████      | 2/5 [00:01<00:02,  1.29it/s]
Batches:  60%|██████    | 3/5 [00:02<00:01,  1.29it/s]
Batches:  80%|████████  | 4/5 [00:03<00:00,  1.33it/s]
Batches: 100%|██████████| 5/5 [00:03<00:00,  1.57it/s]
Batches: 100%|██████████| 5/5 [00:03<00:00,  1.45it/s]

Batches:   0%|          | 0/4 [00:00<?, ?it/s]
Batches:  25%|██▌       | 1/4 [00:00<00:01,  1.97it/s]
Batches:  50%|█████     | 2/4 [00:01<00:01,  1.96it/s]
Batches:  75%|███████▌  | 3/4 [00:01<00:00,  1.95it/s]
Batches: 100%|██████████| 4/4 [00:01<00:00,  2.50it/s]

Batches:   0%|          | 0/5 [00:00<?, ?it/s]
Batches:  20%|██        | 1/5 [00:00<00:02,  1.76it/s]
Batches:  40%|████      | 2/5 [00:01<00:01,  1.78it/s]
Batches:  60%|██████    | 3/5 [00:01<00:01,  1.98it/s]
Batches:  80%|████████  | 4/5 [00:01<00:00,  2.20it/s]
Batches: 100%|██████████| 5/5 [00:02<00:00,  2.82it/s]
Batches: 100%|██████████| 5/5 [00:02<00:00,  2.36it/s]

Batches:   0%|          | 0/5 [00:00<?, ?it/s]
Batches:  20%|██        | 1/5 [00:00<00:02,  1.62it/s]
Batches:  40%|████      | 2/5 [00:01<00:01,  1.61it/s]
Batches:  60%|██████    | 3/5 [00:01<00:01,  1.69it/s]
Batches:  80%|████████  | 4/5 [00:02<00:00,  1.82it/s]
Batches: 100%|██████████| 5/5 [00:02<00:00,  2.36it/s]
Batches: 100%|██████████| 5/5 [00:02<00:00,  2.02it/s]

Batches:   0%|          | 0/4 [00:00<?, ?it/s]
Batches:  25%|██▌       | 1/4 [00:00<00:01,  1.87it/s]
Batches:  50%|█████     | 2/4 [00:01<00:01,  1.79it/s]
Batches:  75%|███████▌  | 3/4 [00:01<00:00,  1.81it/s]
Batches: 100%|██████████| 4/4 [00:01<00:00,  2.31it/s]
Batches: 100%|██████████| 4/4 [00:01<00:00,  2.10it/s]

Batches:   0%|          | 0/4 [00:00<?, ?it/s]
Batches:  25%|██▌       | 1/4 [00:00<00:01,  1.78it/s]
Batches:  50%|█████     | 2/4 [00:01<00:01,  1.82it/s]
Batches:  75%|███████▌  | 3/4 [00:01<00:00,  1.75it/s]
Batches: 100%|██████████| 4/4 [00:01<00:00,  2.28it/s]
Batches: 100%|██████████| 4/4 [00:01<00:00,  2.07it/s]

Batches:   0%|          | 0/5 [00:00<?, ?it/s]
Batches:  20%|██        | 1/5 [00:00<00:02,  1.81it/s]
Batches:  40%|████      | 2/5 [00:01<00:01,  1.85it/s]
Batches:  60%|██████    | 3/5 [00:01<00:01,  1.85it/s]
Batches:  80%|████████  | 4/5 [00:01<00:00,  2.11it/s]
Batches: 100%|██████████| 5/5 [00:02<00:00,  2.47it/s]

Batches:   0%|          | 0/5 [00:00<?, ?it/s]
Batches:  20%|██        | 1/5 [00:00<00:02,  1.84it/s]
Batches:  40%|████      | 2/5 [00:01<00:01,  1.85it/s]
Batches:  60%|██████    | 3/5 [00:01<00:01,  1.85it/s]
Batches:  80%|████████  | 4/5 [00:02<00:00,  2.05it/s]
Batches: 100%|██████████| 5/5 [00:02<00:00,  2.42it/s]

total wall time: 38.4m  (2026-08-20T16:53:54+00:00 -> 2026-08-20T17:32:15+00:00)
response_repair: 0 recovered, turtle_repair: 7 recovered, 1 unrecovered parse failure(s), 5 chunk render failure(s) logged
report written to /home/dahrb/Projects/article_6/domestic_proceedings/results/experiment_full3arm_20260820/art6_gpt5mini_native_mv1/extract_report.json
