Warning: You are sending unauthenticated requests to the HF Hub. Please set a HF_TOKEN to enable higher rate limits and faster downloads.

Loading weights:   0%|          | 0/199 [00:00<?, ?it/s]
Loading weights: 100%|██████████| 199/199 [00:00<00:00, 13531.11it/s]

Batches:   0%|          | 0/4 [00:00<?, ?it/s]
Batches:  25%|██▌       | 1/4 [00:00<00:01,  1.96it/s]
Batches:  50%|█████     | 2/4 [00:00<00:00,  2.24it/s]
Batches:  75%|███████▌  | 3/4 [00:01<00:00,  2.58it/s]
Batches: 100%|██████████| 4/4 [00:01<00:00,  3.61it/s]
Batches: 100%|██████████| 4/4 [00:01<00:00,  2.99it/s]

Batches:   0%|          | 0/4 [00:00<?, ?it/s]
Batches:  25%|██▌       | 1/4 [00:00<00:01,  1.65it/s]
Batches:  50%|█████     | 2/4 [00:01<00:01,  1.97it/s]
Batches:  75%|███████▌  | 3/4 [00:01<00:00,  2.24it/s]
Batches: 100%|██████████| 4/4 [00:01<00:00,  3.11it/s]
Batches: 100%|██████████| 4/4 [00:01<00:00,  2.58it/s]

Batches:   0%|          | 0/4 [00:00<?, ?it/s]
Batches:  25%|██▌       | 1/4 [00:00<00:01,  1.80it/s]
Batches:  50%|█████     | 2/4 [00:00<00:00,  2.13it/s]
Batches:  75%|███████▌  | 3/4 [00:01<00:00,  2.39it/s]
Batches: 100%|██████████| 4/4 [00:01<00:00,  3.41it/s]
Batches: 100%|██████████| 4/4 [00:01<00:00,  2.81it/s]

Batches:   0%|          | 0/4 [00:00<?, ?it/s]
Batches:  25%|██▌       | 1/4 [00:00<00:01,  1.90it/s]
Batches:  50%|█████     | 2/4 [00:00<00:00,  2.30it/s]
Batches:  75%|███████▌  | 3/4 [00:01<00:00,  2.50it/s]
Batches: 100%|██████████| 4/4 [00:01<00:00,  3.55it/s]
Batches: 100%|██████████| 4/4 [00:01<00:00,  2.95it/s]

Batches:   0%|          | 0/4 [00:00<?, ?it/s]
Batches:  25%|██▌       | 1/4 [00:00<00:01,  1.96it/s]
Batches:  50%|█████     | 2/4 [00:00<00:00,  2.31it/s]
Batches:  75%|███████▌  | 3/4 [00:01<00:00,  2.56it/s]
Batches: 100%|██████████| 4/4 [00:01<00:00,  3.41it/s]
Batches: 100%|██████████| 4/4 [00:01<00:00,  2.91it/s]

Batches:   0%|          | 0/4 [00:00<?, ?it/s]
Batches:  25%|██▌       | 1/4 [00:00<00:01,  1.69it/s]
Batches:  50%|█████     | 2/4 [00:01<00:00,  2.04it/s]
Batches:  75%|███████▌  | 3/4 [00:01<00:00,  2.21it/s]
Batches: 100%|██████████| 4/4 [00:01<00:00,  2.87it/s]
Batches: 100%|██████████| 4/4 [00:01<00:00,  2.49it/s]

total wall time: 7.9m  (2026-08-20T17:58:23+00:00 -> 2026-08-20T18:06:19+00:00)
response_repair: 1 recovered, turtle_repair: 7 recovered, 0 unrecovered parse failure(s), 0 chunk render failure(s) logged
report written to /home/dahrb/Projects/article_6/domestic_proceedings/results/experiment_full3arm_20260820/art6_gemma4_native_mv2/extract_report.json
